Component: ARM Compiler 5.06 update 6 (build 750) Tool: armlink [4d35ed]

==============================================================================

Section Cross References

    main.o(i.main) refers to system_mkl25z4.o(i.SystemCoreClockUpdate) for SystemCoreClockUpdate
    main.o(i.main) refers to init.o(i.InitGPIO) for InitGPIO
    main.o(i.main) refers to init.o(i.initUART2) for initUART2
    main.o(i.main) refers to init.o(i.initPWM) for initPWM
    main.o(i.main) refers to rtx_kernel.o(.text.osKernelInitialize) for osKernelInitialize
    main.o(i.main) refers to rtx_thread.o(.text.osThreadNew) for osThreadNew
    main.o(i.main) refers to init.o(i.delay_mult100) for delay_mult100
    main.o(i.main) refers to music.o(i.playStarWars) for playStarWars
    main.o(i.main) refers to uart.o(i.Led_control_On) for Led_control_On
    main.o(i.main) refers to uart.o(i.Led_control_Off) for Led_control_Off
    main.o(i.main) refers to main.o(i.app_main) for app_main
    main.o(i.main) refers to uart.o(.data) for led_control
    uart.o(i.UART2_IRQHandler) refers to uart.o(.data) for led_control
    music.o(i.playStarWars) refers to aeabi_sdiv.o(.text) for __aeabi_idivmod
    music.o(i.playStarWars) refers to init.o(i.delay_mult100) for delay_mult100
    music.o(i.playStarWars) refers to music.o(.data) for coffinDurations
    init.o(i.delay_mult100) refers to init.o(i.delay) for delay
    init.o(i.initUART2) refers to aeabi_sdiv.o(.text) for __aeabi_uidivmod
    init.o(i.initUART2) refers to init.o(i.__NVIC_SetPriority) for __NVIC_SetPriority
    rtx_lib.o(i.__user_perthread_libspace) refers to rtx_lib.o(i.os_kernel_is_active) for os_kernel_is_active
    rtx_lib.o(i.__user_perthread_libspace) refers to rtx_thread.o(.text.osThreadGetId) for osThreadGetId
    rtx_lib.o(i.__user_perthread_libspace) refers to rtx_config.o(i.osRtxErrorNotify) for osRtxErrorNotify
    rtx_lib.o(i.__user_perthread_libspace) refers to rtx_lib.o(.bss.os.libspace) for os_libspace_id
    rtx_lib.o(i._mutex_acquire) refers to rtx_lib.o(i.os_kernel_is_active) for os_kernel_is_active
    rtx_lib.o(i._mutex_acquire) refers to rtx_mutex.o(.text.osMutexAcquire) for osMutexAcquire
    rtx_lib.o(i._mutex_free) refers to rtx_mutex.o(.text.osMutexDelete) for osMutexDelete
    rtx_lib.o(i._mutex_initialize) refers to rtx_mutex.o(.text.osMutexNew) for osMutexNew
    rtx_lib.o(i._mutex_initialize) refers to rtx_config.o(i.osRtxErrorNotify) for osRtxErrorNotify
    rtx_lib.o(i._mutex_release) refers to rtx_lib.o(i.os_kernel_is_active) for os_kernel_is_active
    rtx_lib.o(i._mutex_release) refers to rtx_mutex.o(.text.osMutexRelease) for osMutexRelease
    rtx_lib.o(i._platform_post_stackheap_init) refers to rtx_kernel.o(.text.osKernelInitialize) for osKernelInitialize
    rtx_lib.o(i.os_kernel_is_active) refers to rtx_kernel.o(.text.osKernelGetState) for osKernelGetState
    rtx_lib.o(i.os_kernel_is_active) refers to rtx_lib.o(.data) for os_kernel_active
    rtx_lib.o(.constdata) refers to rtx_lib.o(.bss.os.thread.cb) for os_idle_thread_cb
    rtx_lib.o(.constdata) refers to rtx_lib.o(.bss.os.thread.stack) for os_idle_thread_stack
    rtx_lib.o(.constdata) refers to rtx_lib.o(.bss.os.msgqueue.cb) for os_timer_mq_cb
    rtx_lib.o(.constdata) refers to rtx_lib.o(.bss.os.msgqueue.mem) for os_timer_mq_data
    rtx_lib.o(.data) refers to irq_cm0.o(.constdata) for irqRtxLib
    rtx_lib.o(.rodata) refers to rtx_lib.o(.bss.os) for os_isr_queue
    rtx_lib.o(.rodata) refers to rtx_lib.o(.constdata) for os_idle_thread_attr
    rtx_config.o(i.osRtxErrorNotify) refers to rtx_config.o(i.__ARM_common_switch8) for __ARM_common_switch8
    startup_mkl25z4.o(STACK) refers (Special) to heapauxi.o(.text) for __use_two_region_memory
    startup_mkl25z4.o(HEAP) refers (Special) to heapauxi.o(.text) for __use_two_region_memory
    startup_mkl25z4.o(RESET) refers (Special) to heapauxi.o(.text) for __use_two_region_memory
    startup_mkl25z4.o(RESET) refers to startup_mkl25z4.o(STACK) for __initial_sp
    startup_mkl25z4.o(RESET) refers to startup_mkl25z4.o(.text) for Reset_Handler
    startup_mkl25z4.o(RESET) refers to irq_cm0.o(.text) for SVC_Handler
    startup_mkl25z4.o(RESET) refers to uart.o(i.UART2_IRQHandler) for UART2_IRQHandler
    startup_mkl25z4.o(.ARM.__at_0x400) refers (Special) to heapauxi.o(.text) for __use_two_region_memory
    startup_mkl25z4.o(.text) refers (Special) to heapauxi.o(.text) for __use_two_region_memory
    startup_mkl25z4.o(.text) refers to system_mkl25z4.o(i.SystemInit) for SystemInit
    startup_mkl25z4.o(.text) refers to __main.o(!!!main) for __main
    startup_mkl25z4.o(.text) refers to startup_mkl25z4.o(HEAP) for Heap_Mem
    startup_mkl25z4.o(.text) refers to startup_mkl25z4.o(STACK) for Stack_Mem
    system_mkl25z4.o(i.SystemCoreClockUpdate) refers to aeabi_sdiv.o(.text) for __aeabi_uidivmod
[...]
    Removing rtx_thread.o(.ARM.exidx.text.osThreadFlagsSet), (8 bytes).
    Removing rtx_thread.o(.text.osThreadFlagsClear), (40 bytes).
    Removing rtx_thread.o(.ARM.exidx.text.osThreadFlagsClear), (8 bytes).
    Removing rtx_thread.o(.text.osThreadFlagsGet), (32 bytes).
    Removing rtx_thread.o(.ARM.exidx.text.osThreadFlagsGet), (8 bytes).
    Removing rtx_thread.o(.text.osThreadFlagsWait), (40 bytes).
    Removing rtx_thread.o(.ARM.exidx.text.osThreadFlagsWait), (8 bytes).
    Removing rtx_thread.o(.ARM.exidx.text.osRtxThreadPostProcess), (8 bytes).
    Removing rtx_thread.o(.ARM.exidx.text.ThreadFlagsCheck), (8 bytes).
    Removing rtx_thread.o(.text.svcRtxThreadGetName), (18 bytes).
    Removing rtx_thread.o(.ARM.exidx.text.svcRtxThreadGetName), (8 bytes).
    Removing rtx_thread.o(.text.svcRtxThreadGetState), (24 bytes).
    Removing rtx_thread.o(.ARM.exidx.text.svcRtxThreadGetState), (8 bytes).
    Removing rtx_thread.o(.text.svcRtxThreadGetStackSize), (18 bytes).
    Removing rtx_thread.o(.ARM.exidx.text.svcRtxThreadGetStackSize), (8 bytes).
    Removing rtx_thread.o(.text.svcRtxThreadGetStackSpace), (68 bytes).
    Removing rtx_thread.o(.ARM.exidx.text.svcRtxThreadGetStackSpace), (8 bytes).
    Removing rtx_thread.o(.text.svcRtxThreadSetPriority), (72 bytes).
    Removing rtx_thread.o(.ARM.exidx.text.svcRtxThreadSetPriority), (8 bytes).
    Removing rtx_thread.o(.text.svcRtxThreadGetPriority), (28 bytes).
    Removing rtx_thread.o(.ARM.exidx.text.svcRtxThreadGetPriority), (8 bytes).
    Removing rtx_thread.o(.text.svcRtxThreadYield), (56 bytes).
    Removing rtx_thread.o(.ARM.exidx.text.svcRtxThreadYield), (8 bytes).
    Removing rtx_thread.o(.text.svcRtxThreadSuspend), (136 bytes).
    Removing rtx_thread.o(.ARM.exidx.text.svcRtxThreadSuspend), (8 bytes).
    Removing rtx_thread.o(.text.svcRtxThreadResume), (54 bytes).
    Removing rtx_thread.o(.ARM.exidx.text.svcRtxThreadResume), (8 bytes).
    Removing rtx_thread.o(.text.svcRtxThreadDetach), (58 bytes).
    Removing rtx_thread.o(.ARM.exidx.text.svcRtxThreadDetach), (8 bytes).
    Removing rtx_thread.o(.text.osRtxThreadListUnlink), (36 bytes).
    Removing rtx_thread.o(.ARM.exidx.text.osRtxThreadListUnlink), (8 bytes).
    Removing rtx_thread.o(.ARM.exidx.text.osRtxThreadFree), (8 bytes).
    Removing rtx_thread.o(.text.svcRtxThreadJoin), (92 bytes).
    Removing rtx_thread.o(.ARM.exidx.text.svcRtxThreadJoin), (8 bytes).
    Removing rtx_thread.o(.ARM.exidx.text.svcRtxThreadExit), (8 bytes).
    Removing rtx_thread.o(.text.svcRtxThreadTerminate), (188 bytes).
    Removing rtx_thread.o(.ARM.exidx.text.svcRtxThreadTerminate), (8 bytes).
    Removing rtx_thread.o(.text.svcRtxThreadGetCount), (56 bytes).
    Removing rtx_thread.o(.ARM.exidx.text.svcRtxThreadGetCount), (8 bytes).
    Removing rtx_thread.o(.text.svcRtxThreadEnumerate), (96 bytes).
    Removing rtx_thread.o(.ARM.exidx.text.svcRtxThreadEnumerate), (8 bytes).
    Removing rtx_thread.o(.text.svcRtxThreadFlagsSet), (108 bytes).
    Removing rtx_thread.o(.ARM.exidx.text.svcRtxThreadFlagsSet), (8 bytes).
    Removing rtx_thread.o(.text.svcRtxThreadFlagsClear), (56 bytes).
    Removing rtx_thread.o(.ARM.exidx.text.svcRtxThreadFlagsClear), (8 bytes).
    Removing rtx_thread.o(.text.svcRtxThreadFlagsGet), (20 bytes).
    Removing rtx_thread.o(.ARM.exidx.text.svcRtxThreadFlagsGet), (8 bytes).
    Removing rtx_thread.o(.text.svcRtxThreadFlagsWait), (80 bytes).
    Removing rtx_thread.o(.ARM.exidx.text.svcRtxThreadFlagsWait), (8 bytes).
    Removing rtx_mutex.o(.text), (0 bytes).
    Removing rtx_mutex.o(.ARM.exidx.text.osRtxMutexOwnerRelease), (8 bytes).
    Removing rtx_mutex.o(.ARM.exidx.text.osMutexNew), (8 bytes).
    Removing rtx_mutex.o(.text.osMutexGetName), (36 bytes).
    Removing rtx_mutex.o(.ARM.exidx.text.osMutexGetName), (8 bytes).
    Removing rtx_mutex.o(.ARM.exidx.text.osMutexAcquire), (8 bytes).
    Removing rtx_mutex.o(.ARM.exidx.text.osMutexRelease), (8 bytes).
    Removing rtx_mutex.o(.text.osMutexGetOwner), (36 bytes).
    Removing rtx_mutex.o(.ARM.exidx.text.osMutexGetOwner), (8 bytes).
    Removing rtx_mutex.o(.ARM.exidx.text.osMutexDelete), (8 bytes).
    Removing rtx_mutex.o(.ARM.exidx.text.svcRtxMutexNew), (8 bytes).
    Removing rtx_mutex.o(.text.svcRtxMutexGetName), (18 bytes).
    Removing rtx_mutex.o(.ARM.exidx.text.svcRtxMutexGetName), (8 bytes).
    Removing rtx_mutex.o(.ARM.exidx.text.svcRtxMutexAcquire), (8 bytes).
    Removing rtx_mutex.o(.ARM.exidx.text.svcRtxMutexRelease), (8 bytes).
    Removing rtx_mutex.o(.text.svcRtxMutexGetOwner), (24 bytes).
    Removing rtx_mutex.o(.ARM.exidx.text.svcRtxMutexGetOwner), (8 bytes).
    Removing rtx_mutex.o(.ARM.exidx.text.svcRtxMutexDelete), (8 bytes).
    Removing rtx_timer.o(.text), (0 bytes).
    Removing rtx_timer.o(.text.osRtxTimerThread), (60 bytes).
    Removing rtx_timer.o(.ARM.exidx.text.osRtxTimerThread), (8 bytes).
    Removing rtx_timer.o(.text.osRtxTimerTick), (96 bytes).
    Removing rtx_timer.o(.ARM.exidx.text.osRtxTimerTick), (8 bytes).
    Removing rtx_timer.o(.text.osTimerNew), (36 bytes).
    Removing rtx_timer.o(.ARM.exidx.text.osTimerNew), (8 bytes).
    Removing rtx_timer.o(.text.osTimerGetName), (36 bytes).
    Removing rtx_timer.o(.ARM.exidx.text.osTimerGetName), (8 bytes).
    Removing rtx_timer.o(.text.osTimerStart), (40 bytes).
    Removing rtx_timer.o(.ARM.exidx.text.osTimerStart), (8 bytes).
    Removing rtx_timer.o(.text.osTimerStop), (40 bytes).
    Removing rtx_timer.o(.ARM.exidx.text.osTimerStop), (8 bytes).
    Removing rtx_timer.o(.text.osTimerIsRunning), (36 bytes).
    Removing rtx_timer.o(.ARM.exidx.text.osTimerIsRunning), (8 bytes).
    Removing rtx_timer.o(.text.osTimerDelete), (40 bytes).
    Removing rtx_timer.o(.ARM.exidx.text.osTimerDelete), (8 bytes).
    Removing rtx_timer.o(.text.TimerInsert), (76 bytes).
    Removing rtx_timer.o(.ARM.exidx.text.TimerInsert), (8 bytes).
    Removing rtx_timer.o(.text.svcRtxTimerNew), (132 bytes).
    Removing rtx_timer.o(.ARM.exidx.text.svcRtxTimerNew), (8 bytes).
    Removing rtx_timer.o(.text.svcRtxTimerGetName), (18 bytes).
    Removing rtx_timer.o(.ARM.exidx.text.svcRtxTimerGetName), (8 bytes).
    Removing rtx_timer.o(.text.svcRtxTimerStart), (72 bytes).
    Removing rtx_timer.o(.ARM.exidx.text.svcRtxTimerStart), (8 bytes).
    Removing rtx_timer.o(.text.TimerRemove), (40 bytes).
    Removing rtx_timer.o(.ARM.exidx.text.TimerRemove), (8 bytes).
    Removing rtx_timer.o(.text.svcRtxTimerStop), (42 bytes).
    Removing rtx_timer.o(.ARM.exidx.text.svcRtxTimerStop), (8 bytes).
    Removing rtx_timer.o(.text.svcRtxTimerIsRunning), (24 bytes).
    Removing rtx_timer.o(.ARM.exidx.text.svcRtxTimerIsRunning), (8 bytes).
    Removing rtx_timer.o(.text.svcRtxTimerDelete), (76 bytes).
    Removing rtx_timer.o(.ARM.exidx.text.svcRtxTimerDelete), (8 bytes).
    Removing rtx_memory.o(.text), (0 bytes).
    Removing rtx_memory.o(.ARM.exidx.text.osRtxMemoryInit), (8 bytes).
    Removing rtx_memory.o(.ARM.exidx.text.osRtxMemoryAlloc), (8 bytes).
    Removing rtx_memory.o(.ARM.exidx.text.osRtxMemoryFree), (8 bytes).
    Removing rtx_mempool.o(.text), (0 bytes).
    Removing rtx_mempool.o(.ARM.exidx.text.osRtxMemoryPoolInit), (8 bytes).
    Removing rtx_mempool.o(.ARM.exidx.text.osRtxMemoryPoolAlloc), (8 bytes).
    Removing rtx_mempool.o(.ARM.exidx.text.osRtxMemoryPoolFree), (8 bytes).
    Removing rtx_mempool.o(.text.osMemoryPoolNew), (36 bytes).
    Removing rtx_mempool.o(.ARM.exidx.text.osMemoryPoolNew), (8 bytes).
    Removing rtx_mempool.o(.text.osMemoryPoolGetName), (36 bytes).
    Removing rtx_mempool.o(.ARM.exidx.text.osMemoryPoolGetName), (8 bytes).
    Removing rtx_mempool.o(.text.osMemoryPoolAlloc), (56 bytes).
    Removing rtx_mempool.o(.ARM.exidx.text.osMemoryPoolAlloc), (8 bytes).
    Removing rtx_mempool.o(.text.osMemoryPoolFree), (72 bytes).
    Removing rtx_mempool.o(.ARM.exidx.text.osMemoryPoolFree), (8 bytes).
    Removing rtx_mempool.o(.text.osMemoryPoolGetCapacity), (48 bytes).
    Removing rtx_mempool.o(.ARM.exidx.text.osMemoryPoolGetCapacity), (8 bytes).
    Removing rtx_mempool.o(.text.svcRtxMemoryPoolGetCapacity), (18 bytes).
    Removing rtx_mempool.o(.ARM.exidx.text.svcRtxMemoryPoolGetCapacity), (8 bytes).
    Removing rtx_mempool.o(.text.osMemoryPoolGetBlockSize), (48 bytes).
    Removing rtx_mempool.o(.ARM.exidx.text.osMemoryPoolGetBlockSize), (8 bytes).
    Removing rtx_mempool.o(.text.svcRtxMemoryPoolGetBlockSize), (18 bytes).
    Removing rtx_mempool.o(.ARM.exidx.text.svcRtxMemoryPoolGetBlockSize), (8 bytes).
    Removing rtx_mempool.o(.text.osMemoryPoolGetCount), (48 bytes).
    Removing rtx_mempool.o(.ARM.exidx.text.osMemoryPoolGetCount), (8 bytes).
    Removing rtx_mempool.o(.text.svcRtxMemoryPoolGetCount), (18 bytes).
    Removing rtx_mempool.o(.ARM.exidx.text.svcRtxMemoryPoolGetCount), (8 bytes).
    Removing rtx_mempool.o(.text.osMemoryPoolGetSpace), (36 bytes).
    Removing rtx_mempool.o(.ARM.exidx.text.osMemoryPoolGetSpace), (8 bytes).
    Removing rtx_mempool.o(.text.svcRtxMemoryPoolGetSpace), (22 bytes).
    Removing rtx_mempool.o(.ARM.exidx.text.svcRtxMemoryPoolGetSpace), (8 bytes).
    Removing rtx_mempool.o(.text.osMemoryPoolDelete), (40 bytes).
    Removing rtx_mempool.o(.ARM.exidx.text.osMemoryPoolDelete), (8 bytes).
    Removing rtx_mempool.o(.text.svcRtxMemoryPoolNew), (444 bytes).
    Removing rtx_mempool.o(.ARM.exidx.text.svcRtxMemoryPoolNew), (8 bytes).
    Removing rtx_mempool.o(.text.osRtxMemoryPoolPostProcess), (40 bytes).
    Removing rtx_mempool.o(.ARM.exidx.text.osRtxMemoryPoolPostProcess), (8 bytes).
    Removing rtx_mempool.o(.text.svcRtxMemoryPoolGetName), (18 bytes).
    Removing rtx_mempool.o(.ARM.exidx.text.svcRtxMemoryPoolGetName), (8 bytes).
    Removing rtx_mempool.o(.text.svcRtxMemoryPoolAlloc), (64 bytes).
    Removing rtx_mempool.o(.ARM.exidx.text.svcRtxMemoryPoolAlloc), (8 bytes).
    Removing rtx_mempool.o(.text.svcRtxMemoryPoolFree), (72 bytes).
    Removing rtx_mempool.o(.ARM.exidx.text.svcRtxMemoryPoolFree), (8 bytes).
    Removing rtx_mempool.o(.text.svcRtxMemoryPoolDelete), (112 bytes).
    Removing rtx_mempool.o(.ARM.exidx.text.svcRtxMemoryPoolDelete), (8 bytes).
    Removing rtx_system.o(.text), (0 bytes).
    Removing rtx_system.o(.ARM.exidx.text.osRtxTick_Handler), (8 bytes).
    Removing rtx_system.o(.ARM.exidx.text.osRtxPendSV_Handler), (8 bytes).
    Removing rtx_system.o(.text.osRtxPostProcess), (108 bytes).
    Removing rtx_system.o(.ARM.exidx.text.osRtxPostProcess), (8 bytes).
    Removing os_systick.o(.text), (0 bytes).
    Removing os_systick.o(.text.OS_Tick_Setup), (76 bytes).
    Removing os_systick.o(.ARM.exidx.text.OS_Tick_Setup), (8 bytes).
    Removing os_systick.o(.text.OS_Tick_Enable), (44 bytes).
    Removing os_systick.o(.ARM.exidx.text.OS_Tick_Enable), (8 bytes).
    Removing os_systick.o(.text.OS_Tick_Disable), (40 bytes).
    Removing os_systick.o(.ARM.exidx.text.OS_Tick_Disable), (8 bytes).
    Removing os_systick.o(.ARM.exidx.text.OS_Tick_AcknowledgeIRQ), (8 bytes).
    Removing os_systick.o(.text.OS_Tick_GetIRQn), (6 bytes).
    Removing os_systick.o(.ARM.exidx.text.OS_Tick_GetIRQn), (8 bytes).
    Removing os_systick.o(.text.OS_Tick_GetClock), (12 bytes).
    Removing os_systick.o(.ARM.exidx.text.OS_Tick_GetClock), (8 bytes).
    Removing os_systick.o(.text.OS_Tick_GetInterval), (12 bytes).
    Removing os_systick.o(.ARM.exidx.text.OS_Tick_GetInterval), (8 bytes).
    Removing os_systick.o(.text.OS_Tick_GetCount), (16 bytes).
    Removing os_systick.o(.ARM.exidx.text.OS_Tick_GetCount), (8 bytes).
    Removing os_systick.o(.text.OS_Tick_GetOverflow), (16 bytes).
    Removing os_systick.o(.ARM.exidx.text.OS_Tick_GetOverflow), (8 bytes).
    Removing os_systick.o(.bss.PendST), (1 bytes).
    Removing rtx_msgqueue.o(.text), (0 bytes).
    Removing rtx_msgqueue.o(.text.osMessageQueueNew), (36 bytes).
    Removing rtx_msgqueue.o(.ARM.exidx.text.osMessageQueueNew), (8 bytes).
    Removing rtx_msgqueue.o(.text.osMessageQueueGetName), (36 bytes).
    Removing rtx_msgqueue.o(.ARM.exidx.text.osMessageQueueGetName), (8 bytes).
    Removing rtx_msgqueue.o(.text.osMessageQueuePut), (120 bytes).
    Removing rtx_msgqueue.o(.ARM.exidx.text.osMessageQueuePut), (8 bytes).
    Removing rtx_msgqueue.o(.text.osMessageQueueGet), (116 bytes).
    Removing rtx_msgqueue.o(.ARM.exidx.text.osMessageQueueGet), (8 bytes).
    Removing rtx_msgqueue.o(.text.osMessageQueueGetCapacity), (48 bytes).
    Removing rtx_msgqueue.o(.ARM.exidx.text.osMessageQueueGetCapacity), (8 bytes).
    Removing rtx_msgqueue.o(.text.svcRtxMessageQueueGetCapacity), (18 bytes).
    Removing rtx_msgqueue.o(.ARM.exidx.text.svcRtxMessageQueueGetCapacity), (8 bytes).
    Removing rtx_msgqueue.o(.text.osMessageQueueGetMsgSize), (48 bytes).
    Removing rtx_msgqueue.o(.ARM.exidx.text.osMessageQueueGetMsgSize), (8 bytes).
    Removing rtx_msgqueue.o(.text.svcRtxMessageQueueGetMsgSize), (18 bytes).
    Removing rtx_msgqueue.o(.ARM.exidx.text.svcRtxMessageQueueGetMsgSize), (8 bytes).
    Removing rtx_msgqueue.o(.text.osMessageQueueGetCount), (48 bytes).
    Removing rtx_msgqueue.o(.ARM.exidx.text.osMessageQueueGetCount), (8 bytes).
    Removing rtx_msgqueue.o(.text.svcRtxMessageQueueGetCount), (18 bytes).
    Removing rtx_msgqueue.o(.ARM.exidx.text.svcRtxMessageQueueGetCount), (8 bytes).
    Removing rtx_msgqueue.o(.text.osMessageQueueGetSpace), (36 bytes).
    Removing rtx_msgqueue.o(.ARM.exidx.text.osMessageQueueGetSpace), (8 bytes).
    Removing rtx_msgqueue.o(.text.svcRtxMessageQueueGetSpace), (22 bytes).
    Removing rtx_msgqueue.o(.ARM.exidx.text.svcRtxMessageQueueGetSpace), (8 bytes).
    Removing rtx_msgqueue.o(.text.osMessageQueueReset), (40 bytes).
    Removing rtx_msgqueue.o(.ARM.exidx.text.osMessageQueueReset), (8 bytes).
    Removing rtx_msgqueue.o(.text.osMessageQueueDelete), (40 bytes).
    Removing rtx_msgqueue.o(.ARM.exidx.text.osMessageQueueDelete), (8 bytes).
    Removing rtx_msgqueue.o(.text.svcRtxMessageQueueNew), (484 bytes).
    Removing rtx_msgqueue.o(.ARM.exidx.text.svcRtxMessageQueueNew), (8 bytes).
    Removing rtx_msgqueue.o(.text.osRtxMessageQueuePostProcess), (188 bytes).
    Removing rtx_msgqueue.o(.ARM.exidx.text.osRtxMessageQueuePostProcess), (8 bytes).
    Removing rtx_msgqueue.o(.text.MessageQueueRemove), (30 bytes).
    Removing rtx_msgqueue.o(.ARM.exidx.text.MessageQueueRemove), (8 bytes).
    Removing rtx_msgqueue.o(.text.MessageQueuePut), (98 bytes).
    Removing rtx_msgqueue.o(.ARM.exidx.text.MessageQueuePut), (8 bytes).
    Removing rtx_msgqueue.o(.text.svcRtxMessageQueueGetName), (18 bytes).
    Removing rtx_msgqueue.o(.ARM.exidx.text.svcRtxMessageQueueGetName), (8 bytes).
    Removing rtx_msgqueue.o(.text.svcRtxMessageQueuePut), (188 bytes).
    Removing rtx_msgqueue.o(.ARM.exidx.text.svcRtxMessageQueuePut), (8 bytes).
    Removing rtx_msgqueue.o(.text.MessageQueueGet), (76 bytes).
    Removing rtx_msgqueue.o(.ARM.exidx.text.MessageQueueGet), (8 bytes).
    Removing rtx_msgqueue.o(.text.svcRtxMessageQueueGet), (232 bytes).
    Removing rtx_msgqueue.o(.ARM.exidx.text.svcRtxMessageQueueGet), (8 bytes).
    Removing rtx_msgqueue.o(.text.svcRtxMessageQueueReset), (162 bytes).
    Removing rtx_msgqueue.o(.ARM.exidx.text.svcRtxMessageQueueReset), (8 bytes).
    Removing rtx_msgqueue.o(.text.svcRtxMessageQueueDelete), (112 bytes).
    Removing rtx_msgqueue.o(.ARM.exidx.text.svcRtxMessageQueueDelete), (8 bytes).

342 unused section(s) (total 10013 bytes) removed from the image.

==============================================================================

Image Symbol Table

    Local Symbols

    Symbol Name                              Value     Ov Type        Size  Object(Section)

    RESET                                    0x00000000   Section      192  startup_mkl25z4.o(RESET)
    ../clib/../cmprslib/zerorunl2.c          0x00000000   Number         0  __dczerorl2.o ABSOLUTE
    ../clib/angel/boardlib.s                 0x00000000   Number         0  boardinit3.o ABSOLUTE
    ../clib/angel/boardlib.s                 0x00000000   Number         0  boardshut.o ABSOLUTE
    ../clib/angel/boardlib.s                 0x00000000   Number         0  boardinit1.o ABSOLUTE
    ../clib/angel/handlers.s                 0x00000000   Number         0  __scatter_zi.o ABSOLUTE
    ../clib/angel/kernel.s                   0x00000000   Number         0  __rtentry2.o ABSOLUTE
    ../clib/angel/kernel.s                   0x00000000   Number         0  __rtentry4.o ABSOLUTE
    ../clib/angel/kernel.s                   0x00000000   Number         0  rtexit.o ABSOLUTE
    ../clib/angel/kernel.s                   0x00000000   Number         0  rtexit2.o ABSOLUTE
    ../clib/angel/kernel.s                   0x00000000   Number         0  __rtentry.o ABSOLUTE
    ../clib/angel/rt.s                       0x00000000   Number         0  rt_div0.o ABSOLUTE
    ../clib/angel/rt.s                       0x00000000   Number         0  aeabi_idiv0_sigfpe.o ABSOLUTE
    ../clib/angel/rt.s                       0x00000000   Number         0  aeabi_idiv0.o ABSOLUTE
    ../clib/angel/rt.s                       0x00000000   Number         0  rt_raise.o ABSOLUTE
    ../clib/angel/scatterp.s                 0x00000000   Number         0  __scatter.o ABSOLUTE
    ../clib/angel/startup.s                  0x00000000   Number         0  __main.o ABSOLUTE
    ../clib/angel/sys.s                      0x00000000   Number         0  use_no_semi.o ABSOLUTE
    ../clib/angel/sys.s                      0x00000000   Number         0  indicate_semi.o ABSOLUTE
    ../clib/angel/sys.s                      0x00000000   Number         0  sys_stackheap_outer.o ABSOLUTE
    ../clib/angel/sys.s                      0x00000000   Number         0  tempstk.o ABSOLUTE
    ../clib/angel/sys.s                      0x00000000   Number         0  libspace.o ABSOLUTE
    ../clib/angel/sysapp.c                   0x00000000   Number         0  sys_command.o ABSOLUTE
    ../clib/angel/sysapp.c                   0x00000000   Number         0  sys_exit.o ABSOLUTE
    ../clib/angel/sysapp.c                   0x00000000   Number         0  sys_wrch.o ABSOLUTE
    ../clib/armsys.c                         0x00000000   Number         0  _get_argv_nomalloc.o ABSOLUTE
    ../clib/armsys.c                         0x00000000   Number         0  argv_veneer.o ABSOLUTE
    ../clib/armsys.c                         0x00000000   Number         0  no_argv.o ABSOLUTE
    ../clib/division.s                       0x00000000   Number         0  aeabi_sdiv.o ABSOLUTE
    ../clib/division.s                       0x00000000   Number         0  aeabi_sdiv_div0.o ABSOLUTE
    ../clib/heapalloc.c                      0x00000000   Number         0  hrguard.o ABSOLUTE
    ../clib/heapaux.c                        0x00000000   Number         0  heapauxi.o ABSOLUTE
    ../clib/libinit.s                        0x00000000   Number         0  libshutdown.o ABSOLUTE
    ../clib/libinit.s                        0x00000000   Number         0  libinit.o ABSOLUTE
    ../clib/libinit.s                        0x00000000   Number         0  libshutdown2.o ABSOLUTE
    ../clib/libinit.s                        0x00000000   Number         0  libinit2.o ABSOLUTE
    ../clib/memcpset.c                       0x00000000   Number         0  rt_memcpy.o ABSOLUTE
    ../clib/memcpset.c                       0x00000000   Number         0  rt_memclr.o ABSOLUTE
    ../clib/memcpset.c                       0x00000000   Number         0  rt_memcpy.o ABSOLUTE
    ../clib/signal.c                         0x00000000   Number         0  defsig_fpe_formal.o ABSOLUTE
    ../clib/signal.c                         0x00000000   Number         0  defsig_other.o ABSOLUTE
    ../clib/signal.c                         0x00000000   Number         0  defsig_abrt_inner.o ABSOLUTE
    ../clib/signal.c                         0x00000000   Number         0  defsig_exit.o ABSOLUTE
    ../clib/signal.c                         0x00000000   Number         0  defsig_general.o ABSOLUTE
    ../clib/signal.c                         0x00000000   Number         0  defsig_rtmem_inner.o ABSOLUTE
    ../clib/signal.c                         0x00000000   Number         0  defsig_rtmem_outer.o ABSOLUTE
    ../clib/signal.c                         0x00000000   Number         0  defsig_rtmem_formal.o ABSOLUTE
    ../clib/signal.c                         0x00000000   Number         0  defsig_stak_inner.o ABSOLUTE
    ../clib/signal.c                         0x00000000   Number         0  defsig_rtred_inner.o ABSOLUTE
    ../clib/signal.c                         0x00000000   Number         0  defsig_fpe_inner.o ABSOLUTE
    ../clib/signal.c                         0x00000000   Number         0  __raise.o ABSOLUTE
    ../clib/signal.c                         0x00000000   Number         0  defsig_pvfn_inner.o ABSOLUTE
    ../clib/signal.c                         0x00000000   Number         0  defsig_cppl_inner.o ABSOLUTE
    ../clib/signal.c                         0x00000000   Number         0  defsig_fpe_outer.o ABSOLUTE
    ../clib/signal.c                         0x00000000   Number         0  defsig_segv_inner.o ABSOLUTE
    ../clib/signal.s                         0x00000000   Number         0  defsig.o ABSOLUTE
    ../clib/stdlib.c                         0x00000000   Number         0  exit.o ABSOLUTE
    ../fplib/cfplib/fpinit.c                 0x00000000   Number         0  fpinit.o ABSOLUTE
    ..\..\..\Source\ARM\irq_cm0.s            0x00000000   Number         0  irq_cm0.o ABSOLUTE
    C:\Users\wilso\AppData\Local\Arm\Packs\ARM\CMSIS\5.6.0\CMSIS\RTOS2\RTX\Source\rtx_lib.c 0x00000000   Number         0  rtx_lib.o ABSOLUTE
    C:\\Users\\wilso\\AppData\\Local\\Arm\\Packs\\ARM\\CMSIS\\5.6.0\\CMSIS\\RTOS2\\RTX\\Source\\rtx_lib.c 0x00000000   Number         0  rtx_lib.o ABSOLUTE
    RTE\CMSIS\RTX_Config.c                   0x00000000   Number         0  rtx_config.o ABSOLUTE
    RTE\Device\MKL25Z128xxx4\startup_MKL25Z4.s 0x00000000   Number         0  startup_mkl25z4.o ABSOLUTE
    RTE\Device\MKL25Z128xxx4\system_MKL25Z4.c 0x00000000   Number         0  system_mkl25z4.o ABSOLUTE
    RTE\\CMSIS\\RTX_Config.c                 0x00000000   Number         0  rtx_config.o ABSOLUTE
    RTE\\Device\\MKL25Z128xxx4\\system_MKL25Z4.c 0x00000000   Number         0  system_mkl25z4.o ABSOLUTE
    UART.c                                   0x00000000   Number         0  uart.o ABSOLUTE
    UART.c                                   0x00000000   Number         0  uart.o ABSOLUTE
    dc.s                                     0x00000000   Number         0  dc.o ABSOLUTE
    init.c                                   0x00000000   Number         0  init.o ABSOLUTE
    init.c                                   0x00000000   Number         0  init.o ABSOLUTE
    main.c                                   0x00000000   Number         0  main.o ABSOLUTE
    main.c                                   0x00000000   Number         0  main.o ABSOLUTE
    music.c                                  0x00000000   Number         0  music.o ABSOLUTE
    music.c                                  0x00000000   Number         0  music.o ABSOLUTE
    os_systick.c                             0x00000000   Number         0  os_systick.o ABSOLUTE
    rtx_kernel.c                             0x00000000   Number         0  rtx_kernel.o ABSOLUTE
    rtx_memory.c                             0x00000000   Number         0  rtx_memory.o ABSOLUTE
    rtx_mempool.c                            0x00000000   Number         0  rtx_mempool.o ABSOLUTE
    rtx_msgqueue.c                           0x00000000   Number         0  rtx_msgqueue.o ABSOLUTE
    rtx_mutex.c                              0x00000000   Number         0  rtx_mutex.o ABSOLUTE
    rtx_system.c                             0x00000000   Number         0  rtx_system.o ABSOLUTE
    rtx_thread.c                             0x00000000   Number         0  rtx_thread.o ABSOLUTE
    rtx_timer.c                              0x00000000   Number         0  rtx_timer.o ABSOLUTE
    !!!main                                  0x000000c0   Section        8  __main.o(!!!main)
    !!!scatter                               0x000000c8   Section       60  __scatter.o(!!!scatter)
    !!handler_zi                             0x00000104   Section       28  __scatter_zi.o(!!handler_zi)
    .ARM.Collect$$libinit$$00000000          0x00000120   Section        2  libinit.o(.ARM.Collect$$libinit$$00000000)
    .ARM.Collect$$libinit$$00000002          0x00000122   Section        0  libinit2.o(.ARM.Collect$$libinit$$00000002)
    .ARM.Collect$$libinit$$00000004          0x00000122   Section        0  libinit2.o(.ARM.Collect$$libinit$$00000004)
    .ARM.Collect$$libinit$$0000000A          0x00000122   Section        0  libinit2.o(.ARM.Collect$$libinit$$0000000A)
    .ARM.Collect$$libinit$$0000000C          0x00000122   Section        0  libinit2.o(.ARM.Collect$$libinit$$0000000C)
    .ARM.Collect$$libinit$$0000000E          0x00000122   Section        0  libinit2.o(.ARM.Collect$$libinit$$0000000E)
    .ARM.Collect$$libinit$$00000011          0x00000122   Section        0  libinit2.o(.ARM.Collect$$libinit$$00000011)
    .ARM.Collect$$libinit$$00000013          0x00000122   Section        0  libinit2.o(.ARM.Collect$$libinit$$00000013)
    .ARM.Collect$$libinit$$00000015          0x00000122   Section        0  libinit2.o(.ARM.Collect$$libinit$$00000015)
    .ARM.Collect$$libinit$$00000017          0x00000122   Section        0  libinit2.o(.ARM.Collect$$libinit$$00000017)
    .ARM.Collect$$libinit$$00000019          0x00000122   Section        0  libinit2.o(.ARM.Collect$$libinit$$00000019)
    .ARM.Collect$$libinit$$0000001B          0x00000122   Section        0  libinit2.o(.ARM.Collect$$libinit$$0000001B)
    .ARM.Collect$$libinit$$0000001D          0x00000122   Section        0  libinit2.o(.ARM.Collect$$libinit$$0000001D)
    .ARM.Collect$$libinit$$0000001F          0x00000122   Section        0  libinit2.o(.ARM.Collect$$libinit$$0000001F)
    .ARM.Collect$$libinit$$00000021          0x00000122   Section        0  libinit2.o(.ARM.Collect$$libinit$$00000021)
    .ARM.Collect$$libinit$$00000023          0x00000122   Section        0  libinit2.o(.ARM.Collect$$libinit$$00000023)
    .ARM.Collect$$libinit$$00000025          0x00000122   Section        0  libinit2.o(.ARM.Collect$$libinit$$00000025)
    .ARM.Collect$$libinit$$0000002C          0x00000122   Section        0  libinit2.o(.ARM.Collect$$libinit$$0000002C)
    .ARM.Collect$$libinit$$0000002E          0x00000122   Section        0  libinit2.o(.ARM.Collect$$libinit$$0000002E)
    .ARM.Collect$$libinit$$00000030          0x00000122   Section        0  libinit2.o(.ARM.Collect$$libinit$$00000030)
    .ARM.Collect$$libinit$$00000032          0x00000122   Section        0  libinit2.o(.ARM.Collect$$libinit$$00000032)
    .ARM.Collect$$libinit$$00000033          0x00000122   Section        2  libinit2.o(.ARM.Collect$$libinit$$00000033)
    .ARM.Collect$$libshutdown$$00000000      0x00000124   Section        2  libshutdown.o(.ARM.Collect$$libshutdown$$00000000)
    .ARM.Collect$$libshutdown$$00000002      0x00000126   Section        0  libshutdown2.o(.ARM.Collect$$libshutdown$$00000002)
    .ARM.Collect$$libshutdown$$00000004      0x00000126   Section        0  libshutdown2.o(.ARM.Collect$$libshutdown$$00000004)
    .ARM.Collect$$libshutdown$$00000007      0x00000126   Section        0  libshutdown2.o(.ARM.Collect$$libshutdown$$00000007)
    .ARM.Collect$$libshutdown$$0000000A      0x00000126   Section        0  libshutdown2.o(.ARM.Collect$$libshutdown$$0000000A)
    .ARM.Collect$$libshutdown$$0000000C      0x00000126   Section        0  libshutdown2.o(.ARM.Collect$$libshutdown$$0000000C)
    .ARM.Collect$$libshutdown$$0000000F      0x00000126   Section        0  libshutdown2.o(.ARM.Collect$$libshutdown$$0000000F)
    .ARM.Collect$$libshutdown$$00000010      0x00000126   Section        2  libshutdown2.o(.ARM.Collect$$libshutdown$$00000010)
    .ARM.Collect$$rtentry$$00000000          0x00000128   Section        0  __rtentry.o(.ARM.Collect$$rtentry$$00000000)
    .ARM.Collect$$rtentry$$00000002          0x00000128   Section        0  __rtentry2.o(.ARM.Collect$$rtentry$$00000002)
    .ARM.Collect$$rtentry$$00000004          0x00000128   Section        6  __rtentry4.o(.ARM.Collect$$rtentry$$00000004)
    .ARM.Collect$$rtentry$$00000008          0x0000012e   Section        8  __rtentry2.o(.ARM.Collect$$rtentry$$00000008)
    .ARM.Collect$$rtentry$$0000000A          0x00000136   Section        4  __rtentry2.o(.ARM.Collect$$rtentry$$0000000A)
    .ARM.Collect$$rtentry$$0000000C          0x0000013a   Section        0  __rtentry2.o(.ARM.Collect$$rtentry$$0000000C)
    .ARM.Collect$$rtentry$$0000000D          0x0000013a   Section        8  __rtentry2.o(.ARM.Collect$$rtentry$$0000000D)
    .ARM.Collect$$rtexit$$00000000           0x00000142   Section        2  rtexit.o(.ARM.Collect$$rtexit$$00000000)
    .ARM.Collect$$rtexit$$00000002           0x00000144   Section        0  rtexit2.o(.ARM.Collect$$rtexit$$00000002)
    .ARM.Collect$$rtexit$$00000003           0x00000144   Section        4  rtexit2.o(.ARM.Collect$$rtexit$$00000003)
    .ARM.Collect$$rtexit$$00000004           0x00000148   Section        6  rtexit2.o(.ARM.Collect$$rtexit$$00000004)
    .text                                    0x00000150   Section       64  startup_mkl25z4.o(.text)
    .text                                    0x00000190   Section      164  irq_cm0.o(.text)
    .text                                    0x00000234   Section        0  rt_memclr.o(.text)
    .text                                    0x00000274   Section      346  aeabi_sdiv.o(.text)
    .text                                    0x000003ce   Section        0  heapauxi.o(.text)
    .text                                    0x000003d4   Section        0  exit.o(.text)
    .text                                    0x000003e4   Section        8  libspace.o(.text)
    .text                                    0x000003ec   Section        0  sys_exit.o(.text)
    .text                                    0x000003f8   Section        2  use_no_semi.o(.text)
    [Anonymous Symbol]                       0x000003fa   Section        0  rtx_kernel.o(.text.osRtxKernelPreInit)
    .text                                    0x000003fa   Section        0  indicate_semi.o(.text)
    i.app_main                               0x000003fc   Section        0  main.o(i.app_main)
    .ARM.__at_0x400                          0x00000400   Section       16  startup_mkl25z4.o(.ARM.__at_0x400)
    .text                                    0x00000410   Section       62  sys_stackheap_outer.o(.text)
    .text                                    0x0000044e   Section        0  __dczerorl2.o(.text)
    [Anonymous Symbol]                       0x000004a4   Section        0  os_systick.o(.text.OS_Tick_AcknowledgeIRQ)
    __arm_cp.3_0                             0x000004ac   Number         4  os_systick.o(.text.OS_Tick_AcknowledgeIRQ)
    [Anonymous Symbol]                       0x000004b0   Section        0  rtx_thread.o(.text.ThreadFlagsCheck)
    ThreadFlagsCheck                         0x000004b1   Thumb Code    78  rtx_thread.o(.text.ThreadFlagsCheck)
    [Anonymous Symbol]                       0x00000500   Section        0  rtx_kernel.o(.text.osKernelGetState)
    __arm_cp.4_0                             0x00000528   Number         4  rtx_kernel.o(.text.osKernelGetState)
    __arm_cp.4_1                             0x0000052c   Number         4  rtx_kernel.o(.text.osKernelGetState)
    [Anonymous Symbol]                       0x00000530   Section        0  rtx_kernel.o(.text.osKernelInitialize)
    __arm_cp.1_0                             0x00000554   Number         4  rtx_kernel.o(.text.osKernelInitialize)
    [Anonymous Symbol]                       0x00000558   Section        0  rtx_mutex.o(.text.osMutexAcquire)
    __arm_cp.3_0                             0x0000057c   Number         4  rtx_mutex.o(.text.osMutexAcquire)
    [Anonymous Symbol]                       0x00000580   Section        0  rtx_mutex.o(.text.osMutexDelete)
    __arm_cp.6_0                             0x000005a4   Number         4  rtx_mutex.o(.text.osMutexDelete)
    [Anonymous Symbol]                       0x000005a8   Section        0  rtx_mutex.o(.text.osMutexNew)
    __arm_cp.1_0                             0x000005c8   Number         4  rtx_mutex.o(.text.osMutexNew)
    [Anonymous Symbol]                       0x000005cc   Section        0  rtx_mutex.o(.text.osMutexRelease)
    __arm_cp.4_0                             0x000005f0   Number         4  rtx_mutex.o(.text.osMutexRelease)
    [Anonymous Symbol]                       0x000005f4   Section        0  rtx_memory.o(.text.osRtxMemoryAlloc)
    [Anonymous Symbol]                       0x00000670   Section        0  rtx_memory.o(.text.osRtxMemoryFree)
    [Anonymous Symbol]                       0x000006be   Section        0  rtx_memory.o(.text.osRtxMemoryInit)
    [Anonymous Symbol]                       0x000006f0   Section        0  rtx_mempool.o(.text.osRtxMemoryPoolAlloc)
    [Anonymous Symbol]                       0x0000071e   Section        0  rtx_mempool.o(.text.osRtxMemoryPoolFree)
    [Anonymous Symbol]                       0x00000758   Section        0  rtx_mempool.o(.text.osRtxMemoryPoolInit)
    [Anonymous Symbol]                       0x00000796   Section        0  rtx_mutex.o(.text.osRtxMutexOwnerRelease)
    [Anonymous Symbol]                       0x000007dc   Section        0  rtx_system.o(.text.osRtxPendSV_Handler)
    __arm_cp.1_0                             0x00000858   Number         4  rtx_system.o(.text.osRtxPendSV_Handler)
    [Anonymous Symbol]                       0x0000085c   Section        0  rtx_thread.o(.text.osRtxThreadBlock)
    osRtxThreadBlock                         0x0000085d   Thumb Code    56  rtx_thread.o(.text.osRtxThreadBlock)
    __arm_cp.10_0                            0x00000890   Number         4  rtx_thread.o(.text.osRtxThreadBlock)
    [Anonymous Symbol]                       0x00000894   Section        0  rtx_thread.o(.text.osRtxThreadDelayInsert)
    osRtxThreadDelayInsert                   0x00000895   Thumb Code   128  rtx_thread.o(.text.osRtxThreadDelayInsert)
    __arm_cp.14_0                            0x00000910   Number         4  rtx_thread.o(.text.osRtxThreadDelayInsert)
    [Anonymous Symbol]                       0x00000914   Section        0  rtx_thread.o(.text.osRtxThreadDelayRemove)
    osRtxThreadDelayRemove                   0x00000915   Thumb Code    68  rtx_thread.o(.text.osRtxThreadDelayRemove)
    __arm_cp.12_0                            0x00000954   Number         4  rtx_thread.o(.text.osRtxThreadDelayRemove)
    [Anonymous Symbol]                       0x00000958   Section        0  rtx_thread.o(.text.osRtxThreadDelayTick)
    __arm_cp.5_0                             0x0000098c   Number         4  rtx_thread.o(.text.osRtxThreadDelayTick)
    [Anonymous Symbol]                       0x00000990   Section        0  rtx_thread.o(.text.osRtxThreadDispatch)
    __arm_cp.9_0                             0x000009dc   Number         4  rtx_thread.o(.text.osRtxThreadDispatch)
    [Anonymous Symbol]                       0x000009e0   Section        0  rtx_thread.o(.text.osRtxThreadFree)
    osRtxThreadFree                          0x000009e1   Thumb Code    84  rtx_thread.o(.text.osRtxThreadFree)
    __arm_cp.52_0                            0x00000a30   Number         4  rtx_thread.o(.text.osRtxThreadFree)
    [Anonymous Symbol]                       0x00000a34   Section        0  rtx_thread.o(.text.osRtxThreadListGet)
    [Anonymous Symbol]                       0x00000a48   Section        0  rtx_thread.o(.text.osRtxThreadListPut)
    [Anonymous Symbol]                       0x00000a74   Section        0  rtx_thread.o(.text.osRtxThreadListRemove)
    [Anonymous Symbol]                       0x00000a8c   Section        0  rtx_thread.o(.text.osRtxThreadListSort)
    [Anonymous Symbol]                       0x00000ab2   Section        0  rtx_thread.o(.text.osRtxThreadPostProcess)
    osRtxThreadPostProcess                   0x00000ab3   Thumb Code    38  rtx_thread.o(.text.osRtxThreadPostProcess)
    [Anonymous Symbol]                       0x00000ad8   Section        0  rtx_thread.o(.text.osRtxThreadReadyPut)
    __arm_cp.4_0                             0x00000aec   Number         4  rtx_thread.o(.text.osRtxThreadReadyPut)
    [Anonymous Symbol]                       0x00000af0   Section        0  rtx_thread.o(.text.osRtxThreadStackCheck)
    __arm_cp.8_0                             0x00000b14   Number         4  rtx_thread.o(.text.osRtxThreadStackCheck)
    __arm_cp.8_1                             0x00000b18   Number         4  rtx_thread.o(.text.osRtxThreadStackCheck)
    [Anonymous Symbol]                       0x00000b1c   Section        0  rtx_thread.o(.text.osRtxThreadSwitch)
    __arm_cp.7_0                             0x00000b2c   Number         4  rtx_thread.o(.text.osRtxThreadSwitch)
    [Anonymous Symbol]                       0x00000b30   Section        0  rtx_thread.o(.text.osRtxThreadWaitEnter)
    __arm_cp.13_0                            0x00000b68   Number         4  rtx_thread.o(.text.osRtxThreadWaitEnter)
    [Anonymous Symbol]                       0x00000b6c   Section        0  rtx_thread.o(.text.osRtxThreadWaitExit)
    [Anonymous Symbol]                       0x00000b90   Section        0  rtx_system.o(.text.osRtxTick_Handler)
    __arm_cp.0_0                             0x00000c00   Number         4  rtx_system.o(.text.osRtxTick_Handler)
    [Anonymous Symbol]                       0x00000c04   Section        0  rtx_thread.o(.text.osThreadExit)
    __arm_cp.31_0                            0x00000c0c   Number         4  rtx_thread.o(.text.osThreadExit)
    [Anonymous Symbol]                       0x00000c10   Section        0  rtx_thread.o(.text.osThreadNew)
    __arm_cp.17_0                            0x00000c30   Number         4  rtx_thread.o(.text.osThreadNew)
    [Anonymous Symbol]                       0x00000c34   Section        0  rtx_kernel.o(.text.svcRtxKernelGetState)
    svcRtxKernelGetState                     0x00000c35   Thumb Code    12  rtx_kernel.o(.text.svcRtxKernelGetState)
    __arm_cp.5_0                             0x00000c3c   Number         4  rtx_kernel.o(.text.svcRtxKernelGetState)
    [Anonymous Symbol]                       0x00000c40   Section        0  rtx_kernel.o(.text.svcRtxKernelInitialize)
    svcRtxKernelInitialize                   0x00000c41   Thumb Code   328  rtx_kernel.o(.text.svcRtxKernelInitialize)
    __arm_cp.20_0                            0x00000d7c   Number         4  rtx_kernel.o(.text.svcRtxKernelInitialize)
    __arm_cp.20_1                            0x00000d80   Number         4  rtx_kernel.o(.text.svcRtxKernelInitialize)
    __arm_cp.20_2                            0x00000d84   Number         4  rtx_kernel.o(.text.svcRtxKernelInitialize)
    [Anonymous Symbol]                       0x00000d88   Section        0  rtx_mutex.o(.text.svcRtxMutexAcquire)
    svcRtxMutexAcquire                       0x00000d89   Thumb Code   152  rtx_mutex.o(.text.svcRtxMutexAcquire)
    __arm_cp.9_0                             0x00000e1c   Number         4  rtx_mutex.o(.text.svcRtxMutexAcquire)
    [Anonymous Symbol]                       0x00000e20   Section        0  rtx_mutex.o(.text.svcRtxMutexDelete)
    svcRtxMutexDelete                        0x00000e21   Thumb Code   188  rtx_mutex.o(.text.svcRtxMutexDelete)
    __arm_cp.12_0                            0x00000ed8   Number         4  rtx_mutex.o(.text.svcRtxMutexDelete)
    [Anonymous Symbol]                       0x00000edc   Section        0  rtx_mutex.o(.text.svcRtxMutexNew)
    svcRtxMutexNew                           0x00000edd   Thumb Code   112  rtx_mutex.o(.text.svcRtxMutexNew)
    __arm_cp.7_0                             0x00000f48   Number         4  rtx_mutex.o(.text.svcRtxMutexNew)
    [Anonymous Symbol]                       0x00000f4c   Section        0  rtx_mutex.o(.text.svcRtxMutexRelease)
    svcRtxMutexRelease                       0x00000f4d   Thumb Code   192  rtx_mutex.o(.text.svcRtxMutexRelease)
    __arm_cp.10_0                            0x00001008   Number         4  rtx_mutex.o(.text.svcRtxMutexRelease)
    [Anonymous Symbol]                       0x0000100c   Section        0  rtx_thread.o(.text.svcRtxThreadExit)
    svcRtxThreadExit                         0x0000100d   Thumb Code   108  rtx_thread.o(.text.svcRtxThreadExit)
    __arm_cp.54_0                            0x00001074   Number         4  rtx_thread.o(.text.svcRtxThreadExit)
    [Anonymous Symbol]                       0x00001078   Section        0  rtx_thread.o(.text.svcRtxThreadNew)
    svcRtxThreadNew                          0x00001079   Thumb Code   492  rtx_thread.o(.text.svcRtxThreadNew)
    __arm_cp.16_0                            0x0000124c   Number         4  rtx_thread.o(.text.svcRtxThreadNew)
    __arm_cp.16_1                            0x00001250   Number         4  rtx_thread.o(.text.svcRtxThreadNew)
    __arm_cp.16_2                            0x00001254   Number         4  rtx_thread.o(.text.svcRtxThreadNew)
    __arm_cp.16_3                            0x00001258   Number         4  rtx_thread.o(.text.svcRtxThreadNew)
    __arm_cp.16_4                            0x0000125c   Number         4  rtx_thread.o(.text.svcRtxThreadNew)
    __arm_cp.16_5                            0x00001260   Number         4  rtx_thread.o(.text.svcRtxThreadNew)
    i.InitGPIO                               0x00001264   Section        0  init.o(i.InitGPIO)
    i.Led_control_Off                        0x00001310   Section        0  uart.o(i.Led_control_Off)
    i.Led_control_On                         0x0000133c   Section        0  uart.o(i.Led_control_On)
    i.SystemCoreClockUpdate                  0x00001368   Section        0  system_mkl25z4.o(i.SystemCoreClockUpdate)
    i.SystemInit                             0x000014f8   Section        0  system_mkl25z4.o(i.SystemInit)
    i.UART2_IRQHandler                       0x00001504   Section        0  uart.o(i.UART2_IRQHandler)
    i.__ARM_common_switch8                   0x00001548   Section        0  rtx_config.o(i.__ARM_common_switch8)
    i.__NVIC_SetPriority                     0x00001564   Section        0  init.o(i.__NVIC_SetPriority)
    __NVIC_SetPriority                       0x00001565   Thumb Code   110  init.o(i.__NVIC_SetPriority)
    i._mutex_acquire                         0x000015dc   Section        0  rtx_lib.o(i._mutex_acquire)
    __tagsym$$used                           0x000015dd   Number         0  rtx_lib.o(i._mutex_acquire)
    i._mutex_free                            0x000015f4   Section        0  rtx_lib.o(i._mutex_free)
    __tagsym$$used                           0x000015f5   Number         0  rtx_lib.o(i._mutex_free)
    i._mutex_initialize                      0x00001600   Section        0  rtx_lib.o(i._mutex_initialize)
    __tagsym$$used                           0x00001601   Number         0  rtx_lib.o(i._mutex_initialize)
    i._mutex_release                         0x00001624   Section        0  rtx_lib.o(i._mutex_release)
    __tagsym$$used                           0x00001625   Number         0  rtx_lib.o(i._mutex_release)
    i._platform_post_stackheap_init          0x00001638   Section        0  rtx_lib.o(i._platform_post_stackheap_init)
    i.delay                                  0x00001640   Section        0  init.o(i.delay)
    delay                                    0x00001641   Thumb Code    20  init.o(i.delay)
    i.delay_mult100                          0x00001654   Section        0  init.o(i.delay_mult100)
    i.initPWM                                0x00001668   Section        0  init.o(i.initPWM)
    i.initUART2                              0x00001858   Section        0  init.o(i.initUART2)
    i.main                                   0x0000194c   Section        0  main.o(i.main)
    i.osRtxErrorNotify                       0x00001a14   Section        0  rtx_config.o(i.osRtxErrorNotify)
    i.os_kernel_is_active                    0x00001a34   Section        0  rtx_lib.o(i.os_kernel_is_active)
    os_kernel_is_active                      0x00001a35   Thumb Code    30  rtx_lib.o(i.os_kernel_is_active)
    i.playStarWars                           0x00001a58   Section        0  music.o(i.playStarWars)
    .constdata                               0x00001acc   Section      100  rtx_lib.o(.constdata)
    os_idle_thread_attr                      0x00001acc   Data          36  rtx_lib.o(.constdata)
    os_timer_thread_attr                     0x00001af0   Data          36  rtx_lib.o(.constdata)
    os_timer_mq_attr                         0x00001b14   Data          24  rtx_lib.o(.constdata)
    .constdata                               0x00001b30   Section        1  irq_cm0.o(.constdata)
    .rodata                                  0x00001b34   Section      160  rtx_lib.o(.rodata)
    __tagsym$$used                           0x00001b34   Number         0  rtx_lib.o(.rodata)
    __tagsym$$used                           0x00001b9c   Number         0  rtx_lib.o(.rodata)
    [Anonymous Symbol]                       0x00001bd4   Section        0  rtx_kernel.o(.rodata.str1.4)
    .L.str                                   0x00001bd4   Data          11  rtx_kernel.o(.rodata.str1.4)
    .bss.os                                  0x1ffff000   Section     4160  rtx_lib.o(.bss.os)
    os_mem                                   0x1ffff000   Data        4096  rtx_lib.o(.bss.os)
    os_isr_queue                             0x20000000   Data          64  rtx_lib.o(.bss.os)
    .bss.os.msgqueue.cb                      0x20000040   Section       52  rtx_lib.o(.bss.os.msgqueue.cb)
    os_timer_mq_cb                           0x20000040   Data          52  rtx_lib.o(.bss.os.msgqueue.cb)
    .bss.os.msgqueue.mem                     0x20000074   Section       80  rtx_lib.o(.bss.os.msgqueue.mem)
    os_timer_mq_data                         0x20000074   Data          80  rtx_lib.o(.bss.os.msgqueue.mem)
    .bss.os.thread.cb                        0x200000c4   Section      136  rtx_lib.o(.bss.os.thread.cb)
    os_idle_thread_cb                        0x200000c4   Data          68  rtx_lib.o(.bss.os.thread.cb)
    os_timer_thread_cb                       0x20000108   Data          68  rtx_lib.o(.bss.os.thread.cb)
    .bss.os.thread.stack                     0x20000150   Section      512  rtx_lib.o(.bss.os.thread.stack)
    os_idle_thread_stack                     0x20000150   Data         256  rtx_lib.o(.bss.os.thread.stack)
    os_timer_thread_stack                    0x20000250   Data         256  rtx_lib.o(.bss.os.thread.stack)
    .data                                    0x20000350   Section        1  uart.o(.data)
    .data                                    0x20000354   Section     5764  music.o(.data)
    .data                                    0x200019d8   Section        5  rtx_lib.o(.data)
    os_kernel_active                         0x200019dc   Data           1  rtx_lib.o(.data)
    .data                                    0x200019e0   Section        4  system_mkl25z4.o(.data)
    .bss                                     0x20001a88   Section       96  libspace.o(.bss)
    HEAP                                     0x20001ae8   Section        0  startup_mkl25z4.o(HEAP)
    STACK                                    0x20001ae8   Section      256  startup_mkl25z4.o(STACK)
    Heap_Mem                                 0x20001ae8   Data           0  startup_mkl25z4.o(HEAP)
    Stack_Mem                                0x20001ae8   Data         256  startup_mkl25z4.o(STACK)
    __initial_sp                             0x20001be8   Data           0  startup_mkl25z4.o(STACK)

    Global Symbols

    Symbol Name                              Value     Ov Type        Size  Object(Section)

    BuildAttributes$$THM_ISAv3M$S$PE$A:L22$X:L11$S22$IEEE1$IW$~IW$USESV6$~STKCKD$USESV7$~SHL$OSPACE$ROPI$EBA8$UX$STANDARDLIB$REQ8$PRES8$EABIv2 0x00000000   Number         0  anon$$obj.o ABSOLUTE
    __ARM_use_no_argv                        0x00000000   Number         0  main.o ABSOLUTE
    __Vectors                                0x00000000   Data           4  startup_mkl25z4.o(RESET)
    .bss.os.evflags.cb$$Base                  - Undefined Weak Reference
    .bss.os.evflags.cb$$Limit                 - Undefined Weak Reference
    .bss.os.mempool.cb$$Base                  - Undefined Weak Reference
    .bss.os.mempool.cb$$Limit                 - Undefined Weak Reference
    .bss.os.mutex.cb$$Base                    - Undefined Weak Reference
    .bss.os.mutex.cb$$Limit                   - Undefined Weak Reference
    .bss.os.semaphore.cb$$Base                - Undefined Weak Reference
    .bss.os.semaphore.cb$$Limit               - Undefined Weak Reference
    .bss.os.timer.cb$$Base                    - Undefined Weak Reference
    .bss.os.timer.cb$$Limit                   - Undefined Weak Reference
    __ARM_exceptions_init                     - Undefined Weak Reference
    __alloca_initialize                       - Undefined Weak Reference
    __arm_preinit_                            - Undefined Weak Reference
    __cpp_initialize__aeabi_                  - Undefined Weak Reference
    __cxa_finalize                            - Undefined Weak Reference
    __rt_locale                               - Undefined Weak Reference
    __sigvec_lookup                           - Undefined Weak Reference
    _atexit_init                              - Undefined Weak Reference
    _call_atexit_fns                          - Undefined Weak Reference
    _clock_init                               - Undefined Weak Reference
    _fp_trap_init                             - Undefined Weak Reference
    _fp_trap_shutdown                         - Undefined Weak Reference
    _get_lc_collate                           - Undefined Weak Reference
    _get_lc_ctype                             - Undefined Weak Reference
    _get_lc_monetary                          - Undefined Weak Reference
    _get_lc_numeric                           - Undefined Weak Reference
    _get_lc_time                              - Undefined Weak Reference
    _getenv_init                              - Undefined Weak Reference
    _handle_redirection                       - Undefined Weak Reference
    _init_alloc                               - Undefined Weak Reference
    _init_user_alloc                          - Undefined Weak Reference
    _initio                                   - Undefined Weak Reference
    _rand_init                                - Undefined Weak Reference
    _signal_finish                            - Undefined Weak Reference
    _signal_init                              - Undefined Weak Reference
    _terminate_alloc                          - Undefined Weak Reference
    _terminate_user_alloc                     - Undefined Weak Reference
    _terminateio                              - Undefined Weak Reference
    __Vectors_End                            0x000000c0   Data           0  startup_mkl25z4.o(RESET)
    __Vectors_Size                           0x000000c0   Number         0  startup_mkl25z4.o ABSOLUTE
    __main                                   0x000000c1   Thumb Code     8  __main.o(!!!main)
    __scatterload                            0x000000c9   Thumb Code     0  __scatter.o(!!!scatter)
    __scatterload_rt2                        0x000000c9   Thumb Code    52  __scatter.o(!!!scatter)
    __scatterload_rt2_thumb_only             0x000000c9   Thumb Code     0  __scatter.o(!!!scatter)
    __scatterload_null                       0x000000d9   Thumb Code     0  __scatter.o(!!!scatter)
    __scatterload_zeroinit                   0x00000105   Thumb Code    28  __scatter_zi.o(!!handler_zi)
    __rt_lib_init                            0x00000121   Thumb Code     0  libinit.o(.ARM.Collect$$libinit$$00000000)
    __rt_lib_init_alloca_1                   0x00000123   Thumb Code     0  libinit2.o(.ARM.Collect$$libinit$$0000002E)
    __rt_lib_init_argv_1                     0x00000123   Thumb Code     0  libinit2.o(.ARM.Collect$$libinit$$0000002C)
    __rt_lib_init_atexit_1                   0x00000123   Thumb Code     0  libinit2.o(.ARM.Collect$$libinit$$0000001B)
    __rt_lib_init_clock_1                    0x00000123   Thumb Code     0  libinit2.o(.ARM.Collect$$libinit$$00000021)
    __rt_lib_init_cpp_1                      0x00000123   Thumb Code     0  libinit2.o(.ARM.Collect$$libinit$$00000032)
    __rt_lib_init_exceptions_1               0x00000123   Thumb Code     0  libinit2.o(.ARM.Collect$$libinit$$00000030)
    __rt_lib_init_fp_1                       0x00000123   Thumb Code     0  libinit2.o(.ARM.Collect$$libinit$$00000002)
    __rt_lib_init_fp_trap_1                  0x00000123   Thumb Code     0  libinit2.o(.ARM.Collect$$libinit$$0000001F)
    __rt_lib_init_getenv_1                   0x00000123   Thumb Code     0  libinit2.o(.ARM.Collect$$libinit$$00000023)
    __rt_lib_init_heap_1                     0x00000123   Thumb Code     0  libinit2.o(.ARM.Collect$$libinit$$0000000A)
    __rt_lib_init_lc_collate_1               0x00000123   Thumb Code     0  libinit2.o(.ARM.Collect$$libinit$$00000011)
    __rt_lib_init_lc_ctype_1                 0x00000123   Thumb Code     0  libinit2.o(.ARM.Collect$$libinit$$00000013)
    __rt_lib_init_lc_monetary_1              0x00000123   Thumb Code     0  libinit2.o(.ARM.Collect$$libinit$$00000015)
    __rt_lib_init_lc_numeric_1               0x00000123   Thumb Code     0  libinit2.o(.ARM.Collect$$libinit$$00000017)
    __rt_lib_init_lc_time_1                  0x00000123   Thumb Code     0  libinit2.o(.ARM.Collect$$libinit$$00000019)
    __rt_lib_init_preinit_1                  0x00000123   Thumb Code     0  libinit2.o(.ARM.Collect$$libinit$$00000004)
    __rt_lib_init_rand_1                     0x00000123   Thumb Code     0  libinit2.o(.ARM.Collect$$libinit$$0000000E)
    __rt_lib_init_return                     0x00000123   Thumb Code     0  libinit2.o(.ARM.Collect$$libinit$$00000033)
    __rt_lib_init_signal_1                   0x00000123   Thumb Code     0  libinit2.o(.ARM.Collect$$libinit$$0000001D)
    __rt_lib_init_stdio_1                    0x00000123   Thumb Code     0  libinit2.o(.ARM.Collect$$libinit$$00000025)
    __rt_lib_init_user_alloc_1               0x00000123   Thumb Code     0  libinit2.o(.ARM.Collect$$libinit$$0000000C)
    __rt_lib_shutdown                        0x00000125   Thumb Code     0  libshutdown.o(.ARM.Collect$$libshutdown$$00000000)
    __rt_lib_shutdown_cpp_1                  0x00000127   Thumb Code     0  libshutdown2.o(.ARM.Collect$$libshutdown$$00000002)
    __rt_lib_shutdown_fp_trap_1              0x00000127   Thumb Code     0  libshutdown2.o(.ARM.Collect$$libshutdown$$00000007)
    __rt_lib_shutdown_heap_1                 0x00000127   Thumb Code     0  libshutdown2.o(.ARM.Collect$$libshutdown$$0000000F)
    __rt_lib_shutdown_return                 0x00000127   Thumb Code     0  libshutdown2.o(.ARM.Collect$$libshutdown$$00000010)
    __rt_lib_shutdown_signal_1               0x00000127   Thumb Code     0  libshutdown2.o(.ARM.Collect$$libshutdown$$0000000A)
    __rt_lib_shutdown_stdio_1                0x00000127   Thumb Code     0  libshutdown2.o(.ARM.Collect$$libshutdown$$00000004)
    __rt_lib_shutdown_user_alloc_1           0x00000127   Thumb Code     0  libshutdown2.o(.ARM.Collect$$libshutdown$$0000000C)
    __rt_entry                               0x00000129   Thumb Code     0  __rtentry.o(.ARM.Collect$$rtentry$$00000000)
    __rt_entry_presh_1                       0x00000129   Thumb Code     0  __rtentry2.o(.ARM.Collect$$rtentry$$00000002)
    __rt_entry_sh                            0x00000129   Thumb Code     0  __rtentry4.o(.ARM.Collect$$rtentry$$00000004)
    __rt_entry_postsh_1                      0x0000012f   Thumb Code     0  __rtentry2.o(.ARM.Collect$$rtentry$$00000008)
    __rt_entry_li                            0x00000137   Thumb Code     0  __rtentry2.o(.ARM.Collect$$rtentry$$0000000A)
    __rt_entry_main                          0x0000013b   Thumb Code     0  __rtentry2.o(.ARM.Collect$$rtentry$$0000000D)
    __rt_entry_postli_1                      0x0000013b   Thumb Code     0  __rtentry2.o(.ARM.Collect$$rtentry$$0000000C)
    __rt_exit                                0x00000143   Thumb Code     0  rtexit.o(.ARM.Collect$$rtexit$$00000000)
    __rt_exit_ls                             0x00000145   Thumb Code     0  rtexit2.o(.ARM.Collect$$rtexit$$00000003)
    __rt_exit_prels_1                        0x00000145   Thumb Code     0  rtexit2.o(.ARM.Collect$$rtexit$$00000002)
    __rt_exit_exit                           0x00000149   Thumb Code     0  rtexit2.o(.ARM.Collect$$rtexit$$00000004)
    Reset_Handler                            0x00000151   Thumb Code    12  startup_mkl25z4.o(.text)
    NMI_Handler                              0x0000015d   Thumb Code     2  startup_mkl25z4.o(.text)
    HardFault_Handler                        0x0000015f   Thumb Code     2  startup_mkl25z4.o(.text)
    ADC0_IRQHandler                          0x00000167   Thumb Code     0  startup_mkl25z4.o(.text)
    CMP0_IRQHandler                          0x00000167   Thumb Code     0  startup_mkl25z4.o(.text)
    DAC0_IRQHandler                          0x00000167   Thumb Code     0  startup_mkl25z4.o(.text)
    DMA0_IRQHandler                          0x00000167   Thumb Code     0  startup_mkl25z4.o(.text)
    DMA1_IRQHandler                          0x00000167   Thumb Code     0  startup_mkl25z4.o(.text)
    DMA2_IRQHandler                          0x00000167   Thumb Code     0  startup_mkl25z4.o(.text)
    DMA3_IRQHandler                          0x00000167   Thumb Code     0  startup_mkl25z4.o(.text)
    DefaultISR                               0x00000167   Thumb Code     0  startup_mkl25z4.o(.text)
    FTFA_IRQHandler                          0x00000167   Thumb Code     0  startup_mkl25z4.o(.text)
    I2C0_IRQHandler                          0x00000167   Thumb Code     0  startup_mkl25z4.o(.text)
    I2C1_IRQHandler                          0x00000167   Thumb Code     0  startup_mkl25z4.o(.text)
    LLWU_IRQHandler                          0x00000167   Thumb Code     0  startup_mkl25z4.o(.text)
    LPTMR0_IRQHandler                        0x00000167   Thumb Code     0  startup_mkl25z4.o(.text)
    LVD_LVW_IRQHandler                       0x00000167   Thumb Code     0  startup_mkl25z4.o(.text)
    MCG_IRQHandler                           0x00000167   Thumb Code     0  startup_mkl25z4.o(.text)
    PIT_IRQHandler                           0x00000167   Thumb Code     0  startup_mkl25z4.o(.text)
    PORTA_IRQHandler                         0x00000167   Thumb Code     0  startup_mkl25z4.o(.text)
    PORTD_IRQHandler                         0x00000167   Thumb Code     0  startup_mkl25z4.o(.text)
    RTC_IRQHandler                           0x00000167   Thumb Code     0  startup_mkl25z4.o(.text)
    RTC_Seconds_IRQHandler                   0x00000167   Thumb Code     0  startup_mkl25z4.o(.text)
    Reserved20_IRQHandler                    0x00000167   Thumb Code     0  startup_mkl25z4.o(.text)
    Reserved39_IRQHandler                    0x00000167   Thumb Code     0  startup_mkl25z4.o(.text)
    Reserved45_IRQHandler                    0x00000167   Thumb Code     0  startup_mkl25z4.o(.text)
    SPI0_IRQHandler                          0x00000167   Thumb Code     0  startup_mkl25z4.o(.text)
    SPI1_IRQHandler                          0x00000167   Thumb Code     0  startup_mkl25z4.o(.text)
    TPM0_IRQHandler                          0x00000167   Thumb Code     0  startup_mkl25z4.o(.text)
    TPM1_IRQHandler                          0x00000167   Thumb Code     0  startup_mkl25z4.o(.text)
    TPM2_IRQHandler                          0x00000167   Thumb Code     0  startup_mkl25z4.o(.text)
    TSI0_IRQHandler                          0x00000167   Thumb Code     0  startup_mkl25z4.o(.text)
    UART0_IRQHandler                         0x00000167   Thumb Code     0  startup_mkl25z4.o(.text)
    UART1_IRQHandler                         0x00000167   Thumb Code     0  startup_mkl25z4.o(.text)
    USB0_IRQHandler                          0x00000167   Thumb Code     0  startup_mkl25z4.o(.text)
    __user_initial_stackheap                 0x0000016d   Thumb Code     0  startup_mkl25z4.o(.text)
    SVC_Handler                              0x00000191   Thumb Code   132  irq_cm0.o(.text)
    PendSV_Handler                           0x00000215   Thumb Code    12  irq_cm0.o(.text)
    SysTick_Handler                          0x00000221   Thumb Code    12  irq_cm0.o(.text)
    _memset_w                                0x00000235   Thumb Code    26  rt_memclr.o(.text)
    _memset                                  0x0000024f   Thumb Code    30  rt_memclr.o(.text)
    __aeabi_memclr                           0x0000026d   Thumb Code     4  rt_memclr.o(.text)
    __rt_memclr                              0x0000026d   Thumb Code     0  rt_memclr.o(.text)
    __aeabi_memclr4                          0x00000271   Thumb Code     0  rt_memclr.o(.text)
    __aeabi_memclr8                          0x00000271   Thumb Code     0  rt_memclr.o(.text)
    __rt_memclr_w                            0x00000271   Thumb Code     4  rt_memclr.o(.text)
    __aeabi_uidiv                            0x00000275   Thumb Code     0  aeabi_sdiv.o(.text)
    __aeabi_uidivmod                         0x00000275   Thumb Code    20  aeabi_sdiv.o(.text)
    __aeabi_idiv                             0x00000289   Thumb Code     0  aeabi_sdiv.o(.text)
    __aeabi_idivmod                          0x00000289   Thumb Code   326  aeabi_sdiv.o(.text)
    __use_two_region_memory                  0x000003cf   Thumb Code     2  heapauxi.o(.text)
    __rt_heap_escrow$2region                 0x000003d1   Thumb Code     2  heapauxi.o(.text)
    __rt_heap_expand$2region                 0x000003d3   Thumb Code     2  heapauxi.o(.text)
    exit                                     0x000003d5   Thumb Code    16  exit.o(.text)
    __user_libspace                          0x000003e5   Thumb Code     8  libspace.o(.text)
    __user_perproc_libspace                  0x000003e5   Thumb Code     0  libspace.o(.text)
    _sys_exit                                0x000003ed   Thumb Code     8  sys_exit.o(.text)
    __I$use$semihosting                      0x000003f9   Thumb Code     0  use_no_semi.o(.text)
    __use_no_semihosting_swi                 0x000003f9   Thumb Code     2  use_no_semi.o(.text)
    __semihosting_library_function           0x000003fb   Thumb Code     0  indicate_semi.o(.text)
    osRtxKernelPreInit                       0x000003fb   Thumb Code     2  rtx_kernel.o(.text.osRtxKernelPreInit)
    app_main                                 0x000003fd   Thumb Code     4  main.o(i.app_main)
    __user_setup_stackheap                   0x00000411   Thumb Code    62  sys_stackheap_outer.o(.text)
    __decompress                             0x0000044f   Thumb Code     0  __dczerorl2.o(.text)
    __decompress1                            0x0000044f   Thumb Code    86  __dczerorl2.o(.text)
    OS_Tick_AcknowledgeIRQ                   0x000004a5   Thumb Code    12  os_systick.o(.text.OS_Tick_AcknowledgeIRQ)
    osKernelGetState                         0x00000501   Thumb Code    48  rtx_kernel.o(.text.osKernelGetState)
    osKernelInitialize                       0x00000531   Thumb Code    40  rtx_kernel.o(.text.osKernelInitialize)
    osMutexAcquire                           0x00000559   Thumb Code    40  rtx_mutex.o(.text.osMutexAcquire)
    osMutexDelete                            0x00000581   Thumb Code    40  rtx_mutex.o(.text.osMutexDelete)
    osMutexNew                               0x000005a9   Thumb Code    36  rtx_mutex.o(.text.osMutexNew)
    osMutexRelease                           0x000005cd   Thumb Code    40  rtx_mutex.o(.text.osMutexRelease)
    osRtxMemoryAlloc                         0x000005f5   Thumb Code   124  rtx_memory.o(.text.osRtxMemoryAlloc)
    osRtxMemoryFree                          0x00000671   Thumb Code    78  rtx_memory.o(.text.osRtxMemoryFree)
    osRtxMemoryInit                          0x000006bf   Thumb Code    50  rtx_memory.o(.text.osRtxMemoryInit)
    osRtxMemoryPoolAlloc                     0x000006f1   Thumb Code    46  rtx_mempool.o(.text.osRtxMemoryPoolAlloc)
    osRtxMemoryPoolFree                      0x0000071f   Thumb Code    58  rtx_mempool.o(.text.osRtxMemoryPoolFree)
    osRtxMemoryPoolInit                      0x00000759   Thumb Code    62  rtx_mempool.o(.text.osRtxMemoryPoolInit)
    osRtxMutexOwnerRelease                   0x00000797   Thumb Code    68  rtx_mutex.o(.text.osRtxMutexOwnerRelease)
    osRtxPendSV_Handler                      0x000007dd   Thumb Code   128  rtx_system.o(.text.osRtxPendSV_Handler)
    osRtxThreadDelayTick                     0x00000959   Thumb Code    56  rtx_thread.o(.text.osRtxThreadDelayTick)
    osRtxThreadDispatch                      0x00000991   Thumb Code    80  rtx_thread.o(.text.osRtxThreadDispatch)
    osRtxThreadListGet                       0x00000a35   Thumb Code    20  rtx_thread.o(.text.osRtxThreadListGet)
    osRtxThreadListPut                       0x00000a49   Thumb Code    44  rtx_thread.o(.text.osRtxThreadListPut)
    osRtxThreadListRemove                    0x00000a75   Thumb Code    24  rtx_thread.o(.text.osRtxThreadListRemove)
    osRtxThreadListSort                      0x00000a8d   Thumb Code    38  rtx_thread.o(.text.osRtxThreadListSort)
    osRtxThreadReadyPut                      0x00000ad9   Thumb Code    24  rtx_thread.o(.text.osRtxThreadReadyPut)
    osRtxThreadStackCheck                    0x00000af1   Thumb Code    44  rtx_thread.o(.text.osRtxThreadStackCheck)
    osRtxThreadSwitch                        0x00000b1d   Thumb Code    20  rtx_thread.o(.text.osRtxThreadSwitch)
    osRtxThreadWaitEnter                     0x00000b31   Thumb Code    60  rtx_thread.o(.text.osRtxThreadWaitEnter)
    osRtxThreadWaitExit                      0x00000b6d   Thumb Code    34  rtx_thread.o(.text.osRtxThreadWaitExit)
    osRtxTick_Handler                        0x00000b91   Thumb Code   116  rtx_system.o(.text.osRtxTick_Handler)
    osThreadExit                             0x00000c05   Thumb Code    12  rtx_thread.o(.text.osThreadExit)
    osThreadNew                              0x00000c11   Thumb Code    36  rtx_thread.o(.text.osThreadNew)
    InitGPIO                                 0x00001265   Thumb Code   154  init.o(i.InitGPIO)
    Led_control_Off                          0x00001311   Thumb Code    40  uart.o(i.Led_control_Off)
    Led_control_On                           0x0000133d   Thumb Code    40  uart.o(i.Led_control_On)
    SystemCoreClockUpdate                    0x00001369   Thumb Code   372  system_mkl25z4.o(i.SystemCoreClockUpdate)
    SystemInit                               0x000014f9   Thumb Code     8  system_mkl25z4.o(i.SystemInit)
    UART2_IRQHandler                         0x00001505   Thumb Code    54  uart.o(i.UART2_IRQHandler)
    __ARM_common_switch8                     0x00001549   Thumb Code    28  rtx_config.o(i.__ARM_common_switch8)
    _mutex_acquire                           0x000015dd   Thumb Code    24  rtx_lib.o(i._mutex_acquire)
    _mutex_free                              0x000015f5   Thumb Code    12  rtx_lib.o(i._mutex_free)
    _mutex_initialize                        0x00001601   Thumb Code    36  rtx_lib.o(i._mutex_initialize)
    _mutex_release                           0x00001625   Thumb Code    20  rtx_lib.o(i._mutex_release)
    _platform_post_stackheap_init            0x00001639   Thumb Code     8  rtx_lib.o(i._platform_post_stackheap_init)
    delay_mult100                            0x00001655   Thumb Code    20  init.o(i.delay_mult100)
    initPWM                                  0x00001669   Thumb Code   472  init.o(i.initPWM)
    initUART2                                0x00001859   Thumb Code   224  init.o(i.initUART2)
    main                                     0x0000194d   Thumb Code   174  main.o(i.main)
    osRtxErrorNotify                         0x00001a15   Thumb Code    32  rtx_config.o(i.osRtxErrorNotify)
    playStarWars                             0x00001a59   Thumb Code    98  music.o(i.playStarWars)
    osRtxUserSVC                             0x00001b2c   Data           4  rtx_lib.o(.constdata)
    irqRtxLib                                0x00001b30   Data           1  irq_cm0.o(.constdata)
    osRtxConfig                              0x00001b34   Data         104  rtx_lib.o(.rodata)
    os_cb_sections                           0x00001b9c   Data          56  rtx_lib.o(.rodata)
    Region$$Table$$Base                      0x00001be0   Number         0  anon$$obj.o(Region$$Table)
    Region$$Table$$Limit                     0x00001c00   Number         0  anon$$obj.o(Region$$Table)
    .bss.os.msgqueue.cb$$Base                0x20000040   Number         0  rtx_lib.o(.bss.os.msgqueue.cb)
    .bss.os.msgqueue.cb$$Limit               0x20000074   Number         0  rtx_lib.o(.bss.os.msgqueue.cb)
    .bss.os.thread.cb$$Base                  0x200000c4   Number         0  rtx_lib.o(.bss.os.thread.cb)
    .bss.os.thread.cb$$Limit                 0x2000014c   Number         0  rtx_lib.o(.bss.os.thread.cb)
    led_control                              0x20000350   Data           1  uart.o(.data)
    tempo                                    0x20000354   Data           4  music.o(.data)
    starWarsMelody                           0x20000358   Data         352  music.o(.data)
    starWarsDurations                        0x200004b8   Data         352  music.o(.data)
    caribbeanMelody                          0x20000618   Data         812  music.o(.data)
    caribbeanDurations                       0x20000944   Data         812  music.o(.data)
    marioMelody                              0x20000c70   Data        1284  music.o(.data)
    marioDurations                           0x20001174   Data        1284  music.o(.data)
    coffinMelody                             0x20001678   Data         416  music.o(.data)
    coffinDurations                          0x20001818   Data         448  music.o(.data)
    irqRtxLibRef                             0x200019d8   Data           4  rtx_lib.o(.data)
    SystemCoreClock                          0x200019e0   Data           4  system_mkl25z4.o(.data)
    osRtxInfo                                0x200019e4   Data         164  rtx_kernel.o(.data.os)
    __libspace_start                         0x20001a88   Data          96  libspace.o(.bss)
    __temporary_stack_top$libspace           0x20001ae8   Data           0  libspace.o(.bss)



==============================================================================

Memory Map of the image

  Image Entry point : 0x00000151

  Load Region LR_1 (Base: 0x00000000, Size: 0x00004688, Max: 0xffffffff, ABSOLUTE, COMPRESSED[0x00001f58])

    Execution Region ER_RO (Exec base: 0x00000000, Load base: 0x00000000, Size: 0x00001c00, Max: 0xffffffff, ABSOLUTE)

    Exec Addr    Load Addr    Size         Type   Attr      Idx    E Section Name        Object

    0x00000000   0x00000000   0x000000c0   Data   RO          310    RESET               startup_mkl25z4.o
    0x000000c0   0x000000c0   0x00000008   Code   RO          811  * !!!main             c_p.l(__main.o)
    0x000000c8   0x000000c8   0x0000003c   Code   RO          980    !!!scatter          c_p.l(__scatter.o)
    0x00000104   0x00000104   0x0000001c   Code   RO          982    !!handler_zi        c_p.l(__scatter_zi.o)
    0x00000120   0x00000120   0x00000002   Code   RO          847    .ARM.Collect$$libinit$$00000000  c_p.l(libinit.o)
    0x00000122   0x00000122   0x00000000   Code   RO          861    .ARM.Collect$$libinit$$00000002  c_p.l(libinit2.o)
    0x00000122   0x00000122   0x00000000   Code   RO          863    .ARM.Collect$$libinit$$00000004  c_p.l(libinit2.o)
    0x00000122   0x00000122   0x00000000   Code   RO          866    .ARM.Collect$$libinit$$0000000A  c_p.l(libinit2.o)
    0x00000122   0x00000122   0x00000000   Code   RO          868    .ARM.Collect$$libinit$$0000000C  c_p.l(libinit2.o)
    0x00000122   0x00000122   0x00000000   Code   RO          870    .ARM.Collect$$libinit$$0000000E  c_p.l(libinit2.o)
    0x00000122   0x00000122   0x00000000   Code   RO          873    .ARM.Collect$$libinit$$00000011  c_p.l(libinit2.o)
    0x00000122   0x00000122   0x00000000   Code   RO          875    .ARM.Collect$$libinit$$00000013  c_p.l(libinit2.o)
    0x00000122   0x00000122   0x00000000   Code   RO          877    .ARM.Collect$$libinit$$00000015  c_p.l(libinit2.o)
    0x00000122   0x00000122   0x00000000   Code   RO          879    .ARM.Collect$$libinit$$00000017  c_p.l(libinit2.o)
    0x00000122   0x00000122   0x00000000   Code   RO          881    .ARM.Collect$$libinit$$00000019  c_p.l(libinit2.o)
    0x00000122   0x00000122   0x00000000   Code   RO          883    .ARM.Collect$$libinit$$0000001B  c_p.l(libinit2.o)
    0x00000122   0x00000122   0x00000000   Code   RO          885    .ARM.Collect$$libinit$$0000001D  c_p.l(libinit2.o)
    0x00000122   0x00000122   0x00000000   Code   RO          887    .ARM.Collect$$libinit$$0000001F  c_p.l(libinit2.o)
    0x00000122   0x00000122   0x00000000   Code   RO          889    .ARM.Collect$$libinit$$00000021  c_p.l(libinit2.o)
    0x00000122   0x00000122   0x00000000   Code   RO          891    .ARM.Collect$$libinit$$00000023  c_p.l(libinit2.o)
    0x00000122   0x00000122   0x00000000   Code   RO          893    .ARM.Collect$$libinit$$00000025  c_p.l(libinit2.o)
    0x00000122   0x00000122   0x00000000   Code   RO          897    .ARM.Collect$$libinit$$0000002C  c_p.l(libinit2.o)
    0x00000122   0x00000122   0x00000000   Code   RO          899    .ARM.Collect$$libinit$$0000002E  c_p.l(libinit2.o)
    0x00000122   0x00000122   0x00000000   Code   RO          901    .ARM.Collect$$libinit$$00000030  c_p.l(libinit2.o)
    0x00000122   0x00000122   0x00000000   Code   RO          903    .ARM.Collect$$libinit$$00000032  c_p.l(libinit2.o)
    0x00000122   0x00000122   0x00000002   Code   RO          904    .ARM.Collect$$libinit$$00000033  c_p.l(libinit2.o)
    0x00000124   0x00000124   0x00000002   Code   RO          935    .ARM.Collect$$libshutdown$$00000000  c_p.l(libshutdown.o)
    0x00000126   0x00000126   0x00000000   Code   RO          961    .ARM.Collect$$libshutdown$$00000002  c_p.l(libshutdown2.o)
    0x00000126   0x00000126   0x00000000   Code   RO          963    .ARM.Collect$$libshutdown$$00000004  c_p.l(libshutdown2.o)
    0x00000126   0x00000126   0x00000000   Code   RO          966    .ARM.Collect$$libshutdown$$00000007  c_p.l(libshutdown2.o)
    0x00000126   0x00000126   0x00000000   Code   RO          969    .ARM.Collect$$libshutdown$$0000000A  c_p.l(libshutdown2.o)
    0x00000126   0x00000126   0x00000000   Code   RO          971    .ARM.Collect$$libshutdown$$0000000C  c_p.l(libshutdown2.o)
    0x00000126   0x00000126   0x00000000   Code   RO          974    .ARM.Collect$$libshutdown$$0000000F  c_p.l(libshutdown2.o)
    0x00000126   0x00000126   0x00000002   Code   RO          975    .ARM.Collect$$libshutdown$$00000010  c_p.l(libshutdown2.o)
    0x00000128   0x00000128   0x00000000   Code   RO          813    .ARM.Collect$$rtentry$$00000000  c_p.l(__rtentry.o)
    0x00000128   0x00000128   0x00000000   Code   RO          819    .ARM.Collect$$rtentry$$00000002  c_p.l(__rtentry2.o)
    0x00000128   0x00000128   0x00000006   Code   RO          831    .ARM.Collect$$rtentry$$00000004  c_p.l(__rtentry4.o)
    0x0000012e   0x0000012e   0x00000008   Code   RO          820    .ARM.Collect$$rtentry$$00000008  c_p.l(__rtentry2.o)
    0x00000136   0x00000136   0x00000004   Code   RO          822    .ARM.Collect$$rtentry$$0000000A  c_p.l(__rtentry2.o)
    0x0000013a   0x0000013a   0x00000000   Code   RO          824    .ARM.Collect$$rtentry$$0000000C  c_p.l(__rtentry2.o)
    0x0000013a   0x0000013a   0x00000008   Code   RO          825    .ARM.Collect$$rtentry$$0000000D  c_p.l(__rtentry2.o)
    0x00000142   0x00000142   0x00000002   Code   RO          852    .ARM.Collect$$rtexit$$00000000  c_p.l(rtexit.o)
    0x00000144   0x00000144   0x00000000   Code   RO          908    .ARM.Collect$$rtexit$$00000002  c_p.l(rtexit2.o)
    0x00000144   0x00000144   0x00000004   Code   RO          909    .ARM.Collect$$rtexit$$00000003  c_p.l(rtexit2.o)
    0x00000148   0x00000148   0x00000006   Code   RO          910    .ARM.Collect$$rtexit$$00000004  c_p.l(rtexit2.o)
    0x0000014e   0x0000014e   0x00000002   PAD
    0x00000150   0x00000150   0x00000040   Code   RO          312  * .text               startup_mkl25z4.o
    0x00000190   0x00000190   0x000000a4   Code   RO          584    .text               RTX_CM0.lib(irq_cm0.o)
    0x00000234   0x00000234   0x00000040   Code   RO          803    .text               c_p.l(rt_memclr.o)
    0x00000274   0x00000274   0x0000015a   Code   RO          805    .text               c_p.l(aeabi_sdiv.o)
    0x000003ce   0x000003ce   0x00000006   Code   RO          809    .text               c_p.l(heapauxi.o)
    0x000003d4   0x000003d4   0x00000010   Code   RO          838    .text               c_p.l(exit.o)
    0x000003e4   0x000003e4   0x00000008   Code   RO          848    .text               c_p.l(libspace.o)
    0x000003ec   0x000003ec   0x0000000c   Code   RO          905    .text               c_p.l(sys_exit.o)
    0x000003f8   0x000003f8   0x00000002   Code   RO          924    .text               c_p.l(use_no_semi.o)
    0x000003fa   0x000003fa   0x00000000   Code   RO          926    .text               c_p.l(indicate_semi.o)
    0x000003fa   0x000003fa   0x00000002   Code   RO          351    .text.osRtxKernelPreInit  RTX_CM0.lib(rtx_kernel.o)
    0x000003fc   0x000003fc   0x00000004   Code   RO            3    i.app_main          main.o
    0x00000400   0x00000400   0x00000010   Code   RO          311    .ARM.__at_0x400     startup_mkl25z4.o
    0x00000410   0x00000410   0x0000003e   Code   RO          835    .text               c_p.l(sys_stackheap_outer.o)
    0x0000044e   0x0000044e   0x00000056   Code   RO          978    .text               c_p.l(__dczerorl2.o)
    0x000004a4   0x000004a4   0x0000000c   Code   RO          719    .text.OS_Tick_AcknowledgeIRQ  RTX_CM0.lib(os_systick.o)
    0x000004b0   0x000004b0   0x0000004e   Code   RO          496    .text.ThreadFlagsCheck  RTX_CM0.lib(rtx_thread.o)
    0x000004fe   0x000004fe   0x00000002   PAD
    0x00000500   0x00000500   0x00000030   Code   RO          359    .text.osKernelGetState  RTX_CM0.lib(rtx_kernel.o)
    0x00000530   0x00000530   0x00000028   Code   RO          353    .text.osKernelInitialize  RTX_CM0.lib(rtx_kernel.o)
    0x00000558   0x00000558   0x00000028   Code   RO          555    .text.osMutexAcquire  RTX_CM0.lib(rtx_mutex.o)
    0x00000580   0x00000580   0x00000028   Code   RO          561    .text.osMutexDelete  RTX_CM0.lib(rtx_mutex.o)
    0x000005a8   0x000005a8   0x00000024   Code   RO          551    .text.osMutexNew    RTX_CM0.lib(rtx_mutex.o)
    0x000005cc   0x000005cc   0x00000028   Code   RO          557    .text.osMutexRelease  RTX_CM0.lib(rtx_mutex.o)
    0x000005f4   0x000005f4   0x0000007c   Code   RO          632    .text.osRtxMemoryAlloc  RTX_CM0.lib(rtx_memory.o)
    0x00000670   0x00000670   0x0000004e   Code   RO          634    .text.osRtxMemoryFree  RTX_CM0.lib(rtx_memory.o)
    0x000006be   0x000006be   0x00000032   Code   RO          630    .text.osRtxMemoryInit  RTX_CM0.lib(rtx_memory.o)
    0x000006f0   0x000006f0   0x0000002e   Code   RO          647    .text.osRtxMemoryPoolAlloc  RTX_CM0.lib(rtx_mempool.o)
    0x0000071e   0x0000071e   0x0000003a   Code   RO          649    .text.osRtxMemoryPoolFree  RTX_CM0.lib(rtx_mempool.o)
    0x00000758   0x00000758   0x0000003e   Code   RO          645    .text.osRtxMemoryPoolInit  RTX_CM0.lib(rtx_mempool.o)
    0x00000796   0x00000796   0x00000044   Code   RO          549    .text.osRtxMutexOwnerRelease  RTX_CM0.lib(rtx_mutex.o)
    0x000007da   0x000007da   0x00000002   PAD
    0x000007dc   0x000007dc   0x00000080   Code   RO          700    .text.osRtxPendSV_Handler  RTX_CM0.lib(rtx_system.o)
    0x0000085c   0x0000085c   0x00000038   Code   RO          436    .text.osRtxThreadBlock  RTX_CM0.lib(rtx_thread.o)
    0x00000894   0x00000894   0x00000080   Code   RO          444    .text.osRtxThreadDelayInsert  RTX_CM0.lib(rtx_thread.o)
    0x00000914   0x00000914   0x00000044   Code   RO          440    .text.osRtxThreadDelayRemove  RTX_CM0.lib(rtx_thread.o)
    0x00000958   0x00000958   0x00000038   Code   RO          426    .text.osRtxThreadDelayTick  RTX_CM0.lib(rtx_thread.o)
    0x00000990   0x00000990   0x00000050   Code   RO          434    .text.osRtxThreadDispatch  RTX_CM0.lib(rtx_thread.o)
    0x000009e0   0x000009e0   0x00000054   Code   RO          520    .text.osRtxThreadFree  RTX_CM0.lib(rtx_thread.o)
    0x00000a34   0x00000a34   0x00000014   Code   RO          418    .text.osRtxThreadListGet  RTX_CM0.lib(rtx_thread.o)
    0x00000a48   0x00000a48   0x0000002c   Code   RO          416    .text.osRtxThreadListPut  RTX_CM0.lib(rtx_thread.o)
    0x00000a74   0x00000a74   0x00000018   Code   RO          422    .text.osRtxThreadListRemove  RTX_CM0.lib(rtx_thread.o)
    0x00000a8c   0x00000a8c   0x00000026   Code   RO          420    .text.osRtxThreadListSort  RTX_CM0.lib(rtx_thread.o)
    0x00000ab2   0x00000ab2   0x00000026   Code   RO          494    .text.osRtxThreadPostProcess  RTX_CM0.lib(rtx_thread.o)
    0x00000ad8   0x00000ad8   0x00000018   Code   RO          424    .text.osRtxThreadReadyPut  RTX_CM0.lib(rtx_thread.o)
    0x00000af0   0x00000af0   0x0000002c   Code   RO          432    .text.osRtxThreadStackCheck  RTX_CM0.lib(rtx_thread.o)
    0x00000b1c   0x00000b1c   0x00000014   Code   RO          430    .text.osRtxThreadSwitch  RTX_CM0.lib(rtx_thread.o)
    0x00000b30   0x00000b30   0x0000003c   Code   RO          442    .text.osRtxThreadWaitEnter  RTX_CM0.lib(rtx_thread.o)
    0x00000b6c   0x00000b6c   0x00000022   Code   RO          438    .text.osRtxThreadWaitExit  RTX_CM0.lib(rtx_thread.o)
    0x00000b8e   0x00000b8e   0x00000002   PAD
    0x00000b90   0x00000b90   0x00000074   Code   RO          698    .text.osRtxTick_Handler  RTX_CM0.lib(rtx_system.o)
    0x00000c04   0x00000c04   0x0000000c   Code   RO          478    .text.osThreadExit  RTX_CM0.lib(rtx_thread.o)
    0x00000c10   0x00000c10   0x00000024   Code   RO          450    .text.osThreadNew   RTX_CM0.lib(rtx_thread.o)
    0x00000c34   0x00000c34   0x0000000c   Code   RO          361    .text.svcRtxKernelGetState  RTX_CM0.lib(rtx_kernel.o)
    0x00000c40   0x00000c40   0x00000148   Code   RO          391    .text.svcRtxKernelInitialize  RTX_CM0.lib(rtx_kernel.o)
    0x00000d88   0x00000d88   0x00000098   Code   RO          567    .text.svcRtxMutexAcquire  RTX_CM0.lib(rtx_mutex.o)
    0x00000e20   0x00000e20   0x000000bc   Code   RO          573    .text.svcRtxMutexDelete  RTX_CM0.lib(rtx_mutex.o)
    0x00000edc   0x00000edc   0x00000070   Code   RO          563    .text.svcRtxMutexNew  RTX_CM0.lib(rtx_mutex.o)
    0x00000f4c   0x00000f4c   0x000000c0   Code   RO          569    .text.svcRtxMutexRelease  RTX_CM0.lib(rtx_mutex.o)
    0x0000100c   0x0000100c   0x0000006c   Code   RO          524    .text.svcRtxThreadExit  RTX_CM0.lib(rtx_thread.o)
    0x00001078   0x00001078   0x000001ec   Code   RO          448    .text.svcRtxThreadNew  RTX_CM0.lib(rtx_thread.o)
    0x00001264   0x00001264   0x000000ac   Code   RO          150    i.InitGPIO          init.o
    0x00001310   0x00001310   0x0000002c   Code   RO           79    i.Led_control_Off   uart.o
    0x0000133c   0x0000133c   0x0000002c   Code   RO           80    i.Led_control_On    uart.o
    0x00001368   0x00001368   0x00000190   Code   RO          320    i.SystemCoreClockUpdate  system_mkl25z4.o
    0x000014f8   0x000014f8   0x0000000c   Code   RO          321    i.SystemInit        system_mkl25z4.o
    0x00001504   0x00001504   0x00000044   Code   RO           81    i.UART2_IRQHandler  uart.o
    0x00001548   0x00001548   0x0000001c   Code   RO          299    i.__ARM_common_switch8  rtx_config.o
    0x00001564   0x00001564   0x00000078   Code   RO          151    i.__NVIC_SetPriority  init.o
    0x000015dc   0x000015dc   0x00000018   Code   RO          202    i._mutex_acquire    rtx_lib.o
    0x000015f4   0x000015f4   0x0000000c   Code   RO          203    i._mutex_free       rtx_lib.o
    0x00001600   0x00001600   0x00000024   Code   RO          204    i._mutex_initialize  rtx_lib.o
    0x00001624   0x00001624   0x00000014   Code   RO          205    i._mutex_release    rtx_lib.o
    0x00001638   0x00001638   0x00000008   Code   RO          206    i._platform_post_stackheap_init  rtx_lib.o
    0x00001640   0x00001640   0x00000014   Code   RO          152    i.delay             init.o
    0x00001654   0x00001654   0x00000014   Code   RO          153    i.delay_mult100     init.o
    0x00001668   0x00001668   0x000001f0   Code   RO          154    i.initPWM           init.o
    0x00001858   0x00001858   0x000000f4   Code   RO          155    i.initUART2         init.o
    0x0000194c   0x0000194c   0x000000c8   Code   RO            4    i.main              main.o
    0x00001a14   0x00001a14   0x00000020   Code   RO          278    i.osRtxErrorNotify  rtx_config.o
    0x00001a34   0x00001a34   0x00000024   Code   RO          207    i.os_kernel_is_active  rtx_lib.o
    0x00001a58   0x00001a58   0x00000074   Code   RO          127    i.playStarWars      music.o
    0x00001acc   0x00001acc   0x00000064   Data   RO          214    .constdata          rtx_lib.o
    0x00001b30   0x00001b30   0x00000001   Data   RO          583    .constdata          RTX_CM0.lib(irq_cm0.o)
    0x00001b31   0x00001b31   0x00000003   PAD
    0x00001b34   0x00001b34   0x000000a0   Data   RO          216    .rodata             rtx_lib.o
    0x00001bd4   0x00001bd4   0x0000000b   Data   RO          405    .rodata.str1.4      RTX_CM0.lib(rtx_kernel.o)
    0x00001bdf   0x00001bdf   0x00000001   PAD
    0x00001be0   0x00001be0   0x00000020   Data   RO          976    Region$$Table       anon$$obj.o


    Execution Region ER_RW (Exec base: 0x1ffff000, Load base: 0x00001c00, Size: 0x00002a88, Max: 0xffffffff, ABSOLUTE, COMPRESSED[0x00000358])

    Exec Addr    Load Addr    Size         Type   Attr      Idx    E Section Name        Object

    0x1ffff000   COMPRESSED   0x00001040   Data   RW          208    .bss.os             rtx_lib.o
    0x20000040   COMPRESSED   0x00000034   Data   RW          210    .bss.os.msgqueue.cb  rtx_lib.o
    0x20000074   COMPRESSED   0x00000050   Data   RW          211    .bss.os.msgqueue.mem  rtx_lib.o
    0x200000c4   COMPRESSED   0x00000088   Data   RW          212    .bss.os.thread.cb   rtx_lib.o
    0x2000014c   COMPRESSED   0x00000004   PAD
    0x20000150   COMPRESSED   0x00000200   Data   RW          213    .bss.os.thread.stack  rtx_lib.o
    0x20000350   COMPRESSED   0x00000001   Data   RW           83    .data               uart.o
    0x20000351   COMPRESSED   0x00000003   PAD
    0x20000354   COMPRESSED   0x00001684   Data   RW          128    .data               music.o
    0x200019d8   COMPRESSED   0x00000005   Data   RW          215    .data               rtx_lib.o
    0x200019dd   COMPRESSED   0x00000003   PAD
    0x200019e0   COMPRESSED   0x00000004   Data   RW          322    .data               system_mkl25z4.o
    0x200019e4   COMPRESSED   0x000000a4   Data   RW          406    .data.os            RTX_CM0.lib(rtx_kernel.o)


    Execution Region ER_ZI (Exec base: 0x20001a88, Load base: 0x00001f58, Size: 0x00000160, Max: 0xffffffff, ABSOLUTE)

    Exec Addr    Load Addr    Size         Type   Attr      Idx    E Section Name        Object

    0x20001a88        -       0x00000060   Zero   RW          849    .bss                c_p.l(libspace.o)
    0x20001ae8        -       0x00000000   Zero   RW          309    HEAP                startup_mkl25z4.o
    0x20001ae8        -       0x00000100   Zero   RW          308    STACK               startup_mkl25z4.o


==============================================================================

Image component sizes


      Code (inc. data)   RO Data    RW Data    ZI Data      Debug   Object Name

      1072         72          0          0          0      11697   init.o
       204         26          0          0          0     220718   main.o
       116         18          0       5764          0       1807   music.o
        60          8          0          0          0        643   rtx_config.o
       136          6        260       4945          0      12706   rtx_lib.o
        80         44        192          0        256        952   startup_mkl25z4.o
       412         42          0          4          0       1615   system_mkl25z4.o
       156         22          0          1          0      10822   uart.o

    ----------------------------------------------------------------------
      2236        238        484      10724        256     260960   Object Totals
         0          0         32          0          0          0   (incl. Generated)
         0          0          0         10          0          0   (incl. Padding)

    ----------------------------------------------------------------------

      Code (inc. data)   RO Data    RW Data    ZI Data      Debug   Library Member Name

       164          8          1          0          0        496   irq_cm0.o
        12          4          0          0          0       2766   os_systick.o
       430         28         11        164          0      16105   rtx_kernel.o
       252          0          0          0          0       2564   rtx_memory.o
       166          0          0          0          0      14282   rtx_mempool.o
       868         32          0          0          0       9201   rtx_mutex.o
       244         18          0          0          0       4635   rtx_system.o
      1544         80          0          0          0      30867   rtx_thread.o
        86          0          0          0          0          0   __dczerorl2.o
         8          0          0          0          0         68   __main.o
         0          0          0          0          0          0   __rtentry.o
        20          0          0          0          0          0   __rtentry2.o
         6          0          0          0          0          0   __rtentry4.o
        60          8          0          0          0          0   __scatter.o
        28          0          0          0          0          0   __scatter_zi.o
       346          0          0          0          0         92   aeabi_sdiv.o
        16          0          0          0          0         68   exit.o
         6          0          0          0          0        136   heapauxi.o
         0          0          0          0          0          0   indicate_semi.o
         2          0          0          0          0          0   libinit.o
         2          0          0          0          0          0   libinit2.o
         2          0          0          0          0          0   libshutdown.o
         2          0          0          0          0          0   libshutdown2.o
         8          4          0          0         96         68   libspace.o
        64          0          0          0          0        108   rt_memclr.o
         2          0          0          0          0          0   rtexit.o
        10          0          0          0          0          0   rtexit2.o
        12          4          0          0          0         60   sys_exit.o
        62          0          0          0          0         80   sys_stackheap_outer.o
         2          0          0          0          0         68   use_no_semi.o

    ----------------------------------------------------------------------
      4432        186         16        164         96      81664   Library Totals
         8          0          4          0          0          0   (incl. Padding)

    ----------------------------------------------------------------------

      Code (inc. data)   RO Data    RW Data    ZI Data      Debug   Library Name

      3680        170         12        164          0      80916   RTX_CM0.lib
       744         16          0          0         96        748   c_p.l

    ----------------------------------------------------------------------
      4432        186         16        164         96      81664   Library Totals

    ----------------------------------------------------------------------

==============================================================================


      Code (inc. data)   RO Data    RW Data    ZI Data      Debug   

      6668        424        500      10888        352     341456   Grand Totals
      6668        424        500        856        352     341456   ELF Image Totals (compressed)
      6668        424        500        856          0          0   ROM Totals

==============================================================================

    Total RO  Size (Code + RO Data)                 7168 (   7.00kB)
    Total RW  Size (RW Data + ZI Data)             11240 (  10.98kB)
    Total ROM Size (Code + RO Data + RW Data)       8024 (   7.84kB)

==============================================================================

