Component: ARM Compiler 5.06 update 6 (build 750) Tool: armlink [4d35ed]

==============================================================================

Section Cross References

    main.o(i.main) refers to system_mkl25z4.o(i.SystemCoreClockUpdate) for SystemCoreClockUpdate
    main.o(i.main) refers to rtx_kernel.o(.text.osKernelInitialize) for osKernelInitialize
    main.o(i.main) refers to rtx_thread.o(.text.osThreadNew) for osThreadNew
    main.o(i.main) refers to uart.o(i.InitGPIO) for InitGPIO
    main.o(i.main) refers to uart.o(i.initUART2) for initUART2
    main.o(i.main) refers to uart.o(i.Led_control_On) for Led_control_On
    main.o(i.main) refers to uart.o(i.Led_control_Off) for Led_control_Off
    main.o(i.main) refers to main.o(i.app_main) for app_main
    main.o(i.main) refers to uart.o(.data) for led_control
    uart.o(i.UART2_IRQHandler) refers to uart.o(i.__NVIC_ClearPendingIRQ) for __NVIC_ClearPendingIRQ
    uart.o(i.UART2_IRQHandler) refers to uart.o(.data) for led_control
    uart.o(i.initUART2) refers to uidiv.o(.text) for __aeabi_uidivmod
    uart.o(i.initUART2) refers to uart.o(i.__NVIC_SetPriority) for __NVIC_SetPriority
    uart.o(i.initUART2) refers to uart.o(i.__NVIC_ClearPendingIRQ) for __NVIC_ClearPendingIRQ
    rtx_lib.o(.constdata) refers to rtx_lib.o(.bss.os.thread.cb) for os_idle_thread_cb
    rtx_lib.o(.constdata) refers to rtx_lib.o(.bss.os.thread.stack) for os_idle_thread_stack
    rtx_lib.o(.constdata) refers to rtx_lib.o(.bss.os.msgqueue.cb) for os_timer_mq_cb
    rtx_lib.o(.constdata) refers to rtx_lib.o(.bss.os.msgqueue.mem) for os_timer_mq_data
    rtx_lib.o(.data) refers to irq_cm0.o(.constdata) for irqRtxLib
    rtx_lib.o(.rodata) refers to rtx_lib.o(.bss.os) for os_isr_queue
    rtx_lib.o(.rodata) refers to rtx_lib.o(.constdata) for os_idle_thread_attr
    rtx_config.o(i.osRtxErrorNotify) refers to rtx_config.o(i.__ARM_common_switch8) for __ARM_common_switch8
    startup_mkl25z4.o(RESET) refers to startup_mkl25z4.o(STACK) for __initial_sp
    startup_mkl25z4.o(RESET) refers to startup_mkl25z4.o(.text) for Reset_Handler
    startup_mkl25z4.o(RESET) refers to irq_cm0.o(.text) for SVC_Handler
    startup_mkl25z4.o(RESET) refers to uart.o(i.UART2_IRQHandler) for UART2_IRQHandler
    startup_mkl25z4.o(.text) refers to system_mkl25z4.o(i.SystemInit) for SystemInit
    startup_mkl25z4.o(.text) refers to entry.o(.ARM.Collect$$$$00000000) for __main
    system_mkl25z4.o(i.SystemCoreClockUpdate) refers to uidiv.o(.text) for __aeabi_uidivmod
    system_mkl25z4.o(i.SystemCoreClockUpdate) refers to rtx_config.o(i.__ARM_common_switch8) for __ARM_common_switch8
    system_mkl25z4.o(i.SystemCoreClockUpdate) refers to system_mkl25z4.o(.data) for SystemCoreClock
    rtx_kernel.o(.ARM.exidx.text.osRtxKernelPreInit) refers to rtx_kernel.o(.text.osRtxKernelPreInit) for [Anonymous Symbol]
    rtx_kernel.o(.text.osKernelInitialize) refers to rtx_kernel.o(.text.osRtxKernelPreInit) for osRtxKernelPreInit
    rtx_kernel.o(.text.osKernelInitialize) refers to rtx_kernel.o(.text.svcRtxKernelInitialize) for svcRtxKernelInitialize
    rtx_kernel.o(.ARM.exidx.text.osKernelInitialize) refers to rtx_kernel.o(.text.osKernelInitialize) for [Anonymous Symbol]
    rtx_kernel.o(.text.osKernelGetInfo) refers to rtx_kernel.o(.text.svcRtxKernelGetInfo) for svcRtxKernelGetInfo
    rtx_kernel.o(.ARM.exidx.text.osKernelGetInfo) refers to rtx_kernel.o(.text.osKernelGetInfo) for [Anonymous Symbol]
    rtx_kernel.o(.text.svcRtxKernelGetInfo) refers to memcpya.o(.text) for __aeabi_memcpy
    rtx_kernel.o(.text.svcRtxKernelGetInfo) refers to rtx_kernel.o(.rodata.str1.4) for .L.str
    rtx_kernel.o(.ARM.exidx.text.svcRtxKernelGetInfo) refers to rtx_kernel.o(.text.svcRtxKernelGetInfo) for [Anonymous Symbol]
    rtx_kernel.o(.text.osKernelGetState) refers to rtx_kernel.o(.text.svcRtxKernelGetState) for svcRtxKernelGetState
    rtx_kernel.o(.text.osKernelGetState) refers to rtx_kernel.o(.data.os) for osRtxInfo
    rtx_kernel.o(.ARM.exidx.text.osKernelGetState) refers to rtx_kernel.o(.text.osKernelGetState) for [Anonymous Symbol]
    rtx_kernel.o(.text.svcRtxKernelGetState) refers to rtx_kernel.o(.data.os) for osRtxInfo
    rtx_kernel.o(.ARM.exidx.text.svcRtxKernelGetState) refers to rtx_kernel.o(.text.svcRtxKernelGetState) for [Anonymous Symbol]
    rtx_kernel.o(.text.osKernelStart) refers to rtx_kernel.o(.text.svcRtxKernelStart) for svcRtxKernelStart
    rtx_kernel.o(.ARM.exidx.text.osKernelStart) refers to rtx_kernel.o(.text.osKernelStart) for [Anonymous Symbol]
    rtx_kernel.o(.text.osKernelLock) refers to rtx_kernel.o(.text.svcRtxKernelLock) for svcRtxKernelLock
    rtx_kernel.o(.ARM.exidx.text.osKernelLock) refers to rtx_kernel.o(.text.osKernelLock) for [Anonymous Symbol]
    rtx_kernel.o(.text.osKernelUnlock) refers to rtx_kernel.o(.text.svcRtxKernelUnlock) for svcRtxKernelUnlock
    rtx_kernel.o(.ARM.exidx.text.osKernelUnlock) refers to rtx_kernel.o(.text.osKernelUnlock) for [Anonymous Symbol]
[...]
    rtx_mutex.o(.text.svcRtxMutexDelete) refers to rtx_thread.o(.text.osRtxThreadListSort) for osRtxThreadListSort
    rtx_mutex.o(.text.svcRtxMutexDelete) refers to rtx_thread.o(.text.osRtxThreadListGet) for osRtxThreadListGet
    rtx_mutex.o(.text.svcRtxMutexDelete) refers to rtx_thread.o(.text.osRtxThreadWaitExit) for osRtxThreadWaitExit
    rtx_mutex.o(.text.svcRtxMutexDelete) refers to rtx_thread.o(.text.osRtxThreadDispatch) for osRtxThreadDispatch
    rtx_mutex.o(.text.svcRtxMutexDelete) refers to rtx_mempool.o(.text.osRtxMemoryPoolFree) for osRtxMemoryPoolFree
    rtx_mutex.o(.text.svcRtxMutexDelete) refers to rtx_memory.o(.text.osRtxMemoryFree) for osRtxMemoryFree
    rtx_mutex.o(.text.svcRtxMutexDelete) refers to rtx_kernel.o(.data.os) for osRtxInfo
    rtx_mutex.o(.ARM.exidx.text.svcRtxMutexDelete) refers to rtx_mutex.o(.text.svcRtxMutexDelete) for [Anonymous Symbol]
    rtx_memory.o(.ARM.exidx.text.osRtxMemoryInit) refers to rtx_memory.o(.text.osRtxMemoryInit) for [Anonymous Symbol]
    rtx_memory.o(.ARM.exidx.text.osRtxMemoryAlloc) refers to rtx_memory.o(.text.osRtxMemoryAlloc) for [Anonymous Symbol]
    rtx_memory.o(.ARM.exidx.text.osRtxMemoryFree) refers to rtx_memory.o(.text.osRtxMemoryFree) for [Anonymous Symbol]
    rtx_mempool.o(.ARM.exidx.text.osRtxMemoryPoolInit) refers to rtx_mempool.o(.text.osRtxMemoryPoolInit) for [Anonymous Symbol]
    rtx_mempool.o(.ARM.exidx.text.osRtxMemoryPoolAlloc) refers to rtx_mempool.o(.text.osRtxMemoryPoolAlloc) for [Anonymous Symbol]
    rtx_mempool.o(.ARM.exidx.text.osRtxMemoryPoolFree) refers to rtx_mempool.o(.text.osRtxMemoryPoolFree) for [Anonymous Symbol]
    rtx_mempool.o(.text.osMemoryPoolNew) refers to rtx_mempool.o(.text.svcRtxMemoryPoolNew) for svcRtxMemoryPoolNew
    rtx_mempool.o(.ARM.exidx.text.osMemoryPoolNew) refers to rtx_mempool.o(.text.osMemoryPoolNew) for [Anonymous Symbol]
    rtx_mempool.o(.text.osMemoryPoolGetName) refers to rtx_mempool.o(.text.svcRtxMemoryPoolGetName) for svcRtxMemoryPoolGetName
    rtx_mempool.o(.ARM.exidx.text.osMemoryPoolGetName) refers to rtx_mempool.o(.text.osMemoryPoolGetName) for [Anonymous Symbol]
    rtx_mempool.o(.text.osMemoryPoolAlloc) refers to rtx_mempool.o(.text.osRtxMemoryPoolAlloc) for osRtxMemoryPoolAlloc
    rtx_mempool.o(.text.osMemoryPoolAlloc) refers to rtx_mempool.o(.text.svcRtxMemoryPoolAlloc) for svcRtxMemoryPoolAlloc
    rtx_mempool.o(.ARM.exidx.text.osMemoryPoolAlloc) refers to rtx_mempool.o(.text.osMemoryPoolAlloc) for [Anonymous Symbol]
    rtx_mempool.o(.text.osMemoryPoolFree) refers to rtx_mempool.o(.text.osRtxMemoryPoolFree) for osRtxMemoryPoolFree
    rtx_mempool.o(.text.osMemoryPoolFree) refers to rtx_system.o(.text.osRtxPostProcess) for osRtxPostProcess
    rtx_mempool.o(.text.osMemoryPoolFree) refers to rtx_mempool.o(.text.svcRtxMemoryPoolFree) for svcRtxMemoryPoolFree
    rtx_mempool.o(.ARM.exidx.text.osMemoryPoolFree) refers to rtx_mempool.o(.text.osMemoryPoolFree) for [Anonymous Symbol]
    rtx_mempool.o(.text.osMemoryPoolGetCapacity) refers to rtx_mempool.o(.text.svcRtxMemoryPoolGetCapacity) for svcRtxMemoryPoolGetCapacity
    rtx_mempool.o(.ARM.exidx.text.osMemoryPoolGetCapacity) refers to rtx_mempool.o(.text.osMemoryPoolGetCapacity) for [Anonymous Symbol]
    rtx_mempool.o(.ARM.exidx.text.svcRtxMemoryPoolGetCapacity) refers to rtx_mempool.o(.text.svcRtxMemoryPoolGetCapacity) for [Anonymous Symbol]
    rtx_mempool.o(.text.osMemoryPoolGetBlockSize) refers to rtx_mempool.o(.text.svcRtxMemoryPoolGetBlockSize) for svcRtxMemoryPoolGetBlockSize
    rtx_mempool.o(.ARM.exidx.text.osMemoryPoolGetBlockSize) refers to rtx_mempool.o(.text.osMemoryPoolGetBlockSize) for [Anonymous Symbol]
    rtx_mempool.o(.ARM.exidx.text.svcRtxMemoryPoolGetBlockSize) refers to rtx_mempool.o(.text.svcRtxMemoryPoolGetBlockSize) for [Anonymous Symbol]
    rtx_mempool.o(.text.osMemoryPoolGetCount) refers to rtx_mempool.o(.text.svcRtxMemoryPoolGetCount) for svcRtxMemoryPoolGetCount
    rtx_mempool.o(.ARM.exidx.text.osMemoryPoolGetCount) refers to rtx_mempool.o(.text.osMemoryPoolGetCount) for [Anonymous Symbol]
    rtx_mempool.o(.ARM.exidx.text.svcRtxMemoryPoolGetCount) refers to rtx_mempool.o(.text.svcRtxMemoryPoolGetCount) for [Anonymous Symbol]
    rtx_mempool.o(.text.osMemoryPoolGetSpace) refers to rtx_mempool.o(.text.svcRtxMemoryPoolGetSpace) for svcRtxMemoryPoolGetSpace
    rtx_mempool.o(.ARM.exidx.text.osMemoryPoolGetSpace) refers to rtx_mempool.o(.text.osMemoryPoolGetSpace) for [Anonymous Symbol]
    rtx_mempool.o(.ARM.exidx.text.svcRtxMemoryPoolGetSpace) refers to rtx_mempool.o(.text.svcRtxMemoryPoolGetSpace) for [Anonymous Symbol]
    rtx_mempool.o(.text.osMemoryPoolDelete) refers to rtx_mempool.o(.text.svcRtxMemoryPoolDelete) for svcRtxMemoryPoolDelete
    rtx_mempool.o(.ARM.exidx.text.osMemoryPoolDelete) refers to rtx_mempool.o(.text.osMemoryPoolDelete) for [Anonymous Symbol]
    rtx_mempool.o(.text.svcRtxMemoryPoolNew) refers to rtx_mempool.o(.text.osRtxMemoryPoolAlloc) for osRtxMemoryPoolAlloc
    rtx_mempool.o(.text.svcRtxMemoryPoolNew) refers to rtx_memory.o(.text.osRtxMemoryAlloc) for osRtxMemoryAlloc
    rtx_mempool.o(.text.svcRtxMemoryPoolNew) refers to memseta.o(.text) for __aeabi_memclr
    rtx_mempool.o(.text.svcRtxMemoryPoolNew) refers to rtx_mempool.o(.text.osRtxMemoryPoolFree) for osRtxMemoryPoolFree
    rtx_mempool.o(.text.svcRtxMemoryPoolNew) refers to rtx_memory.o(.text.osRtxMemoryFree) for osRtxMemoryFree
    rtx_mempool.o(.text.svcRtxMemoryPoolNew) refers to rtx_mempool.o(.text.osRtxMemoryPoolInit) for osRtxMemoryPoolInit
    rtx_mempool.o(.text.svcRtxMemoryPoolNew) refers to rtx_kernel.o(.data.os) for osRtxInfo
    rtx_mempool.o(.text.svcRtxMemoryPoolNew) refers to rtx_mempool.o(.text.osRtxMemoryPoolPostProcess) for osRtxMemoryPoolPostProcess
    rtx_mempool.o(.ARM.exidx.text.svcRtxMemoryPoolNew) refers to rtx_mempool.o(.text.svcRtxMemoryPoolNew) for [Anonymous Symbol]
    rtx_mempool.o(.text.osRtxMemoryPoolPostProcess) refers to rtx_mempool.o(.text.osRtxMemoryPoolAlloc) for osRtxMemoryPoolAlloc
    rtx_mempool.o(.text.osRtxMemoryPoolPostProcess) refers to rtx_thread.o(.text.osRtxThreadListGet) for osRtxThreadListGet
    rtx_mempool.o(.text.osRtxMemoryPoolPostProcess) refers to rtx_thread.o(.text.osRtxThreadWaitExit) for osRtxThreadWaitExit
    rtx_mempool.o(.ARM.exidx.text.osRtxMemoryPoolPostProcess) refers to rtx_mempool.o(.text.osRtxMemoryPoolPostProcess) for [Anonymous Symbol]
    rtx_mempool.o(.ARM.exidx.text.svcRtxMemoryPoolGetName) refers to rtx_mempool.o(.text.svcRtxMemoryPoolGetName) for [Anonymous Symbol]
    rtx_mempool.o(.text.svcRtxMemoryPoolAlloc) refers to rtx_mempool.o(.text.osRtxMemoryPoolAlloc) for osRtxMemoryPoolAlloc
    rtx_mempool.o(.text.svcRtxMemoryPoolAlloc) refers to rtx_thread.o(.text.osRtxThreadWaitEnter) for osRtxThreadWaitEnter
    rtx_mempool.o(.text.svcRtxMemoryPoolAlloc) refers to rtx_thread.o(.text.osRtxThreadListPut) for osRtxThreadListPut
    rtx_mempool.o(.text.svcRtxMemoryPoolAlloc) refers to rtx_kernel.o(.data.os) for osRtxInfo
    rtx_mempool.o(.ARM.exidx.text.svcRtxMemoryPoolAlloc) refers to rtx_mempool.o(.text.svcRtxMemoryPoolAlloc) for [Anonymous Symbol]
    rtx_mempool.o(.text.svcRtxMemoryPoolFree) refers to rtx_mempool.o(.text.osRtxMemoryPoolFree) for osRtxMemoryPoolFree
    rtx_mempool.o(.text.svcRtxMemoryPoolFree) refers to rtx_mempool.o(.text.osRtxMemoryPoolAlloc) for osRtxMemoryPoolAlloc
    rtx_mempool.o(.text.svcRtxMemoryPoolFree) refers to rtx_thread.o(.text.osRtxThreadListGet) for osRtxThreadListGet
    rtx_mempool.o(.text.svcRtxMemoryPoolFree) refers to rtx_thread.o(.text.osRtxThreadWaitExit) for osRtxThreadWaitExit
    rtx_mempool.o(.ARM.exidx.text.svcRtxMemoryPoolFree) refers to rtx_mempool.o(.text.svcRtxMemoryPoolFree) for [Anonymous Symbol]
    rtx_mempool.o(.text.svcRtxMemoryPoolDelete) refers to rtx_thread.o(.text.osRtxThreadListGet) for osRtxThreadListGet
    rtx_mempool.o(.text.svcRtxMemoryPoolDelete) refers to rtx_thread.o(.text.osRtxThreadWaitExit) for osRtxThreadWaitExit
    rtx_mempool.o(.text.svcRtxMemoryPoolDelete) refers to rtx_thread.o(.text.osRtxThreadDispatch) for osRtxThreadDispatch
    rtx_mempool.o(.text.svcRtxMemoryPoolDelete) refers to rtx_memory.o(.text.osRtxMemoryFree) for osRtxMemoryFree
    rtx_mempool.o(.text.svcRtxMemoryPoolDelete) refers to rtx_mempool.o(.text.osRtxMemoryPoolFree) for osRtxMemoryPoolFree
    rtx_mempool.o(.text.svcRtxMemoryPoolDelete) refers to rtx_kernel.o(.data.os) for osRtxInfo
    rtx_mempool.o(.ARM.exidx.text.svcRtxMemoryPoolDelete) refers to rtx_mempool.o(.text.svcRtxMemoryPoolDelete) for [Anonymous Symbol]
    rtx_system.o(.text.osRtxTick_Handler) refers to os_systick.o(.text.OS_Tick_AcknowledgeIRQ) for OS_Tick_AcknowledgeIRQ
    rtx_system.o(.text.osRtxTick_Handler) refers to rtx_thread.o(.text.osRtxThreadDelayTick) for osRtxThreadDelayTick
    rtx_system.o(.text.osRtxTick_Handler) refers to rtx_thread.o(.text.osRtxThreadDispatch) for osRtxThreadDispatch
    rtx_system.o(.text.osRtxTick_Handler) refers to rtx_thread.o(.text.osRtxThreadListRemove) for osRtxThreadListRemove
    rtx_system.o(.text.osRtxTick_Handler) refers to rtx_thread.o(.text.osRtxThreadReadyPut) for osRtxThreadReadyPut
    rtx_system.o(.text.osRtxTick_Handler) refers to rtx_thread.o(.text.osRtxThreadSwitch) for osRtxThreadSwitch
    rtx_system.o(.text.osRtxTick_Handler) refers to rtx_kernel.o(.data.os) for osRtxInfo
    rtx_system.o(.ARM.exidx.text.osRtxTick_Handler) refers to rtx_system.o(.text.osRtxTick_Handler) for [Anonymous Symbol]
    rtx_system.o(.text.osRtxPendSV_Handler) refers to rtx_thread.o(.text.osRtxThreadDispatch) for osRtxThreadDispatch
    rtx_system.o(.text.osRtxPendSV_Handler) refers to rtx_kernel.o(.data.os) for osRtxInfo
    rtx_system.o(.ARM.exidx.text.osRtxPendSV_Handler) refers to rtx_system.o(.text.osRtxPendSV_Handler) for [Anonymous Symbol]
    rtx_system.o(.text.osRtxPostProcess) refers to rtx_config.o(i.osRtxErrorNotify) for osRtxErrorNotify
    rtx_system.o(.text.osRtxPostProcess) refers to rtx_kernel.o(.data.os) for osRtxInfo
    rtx_system.o(.ARM.exidx.text.osRtxPostProcess) refers to rtx_system.o(.text.osRtxPostProcess) for [Anonymous Symbol]
    os_systick.o(.text.OS_Tick_Setup) refers to uidiv.o(.text) for __aeabi_uidiv
    os_systick.o(.text.OS_Tick_Setup) refers to system_mkl25z4.o(.data) for SystemCoreClock
    os_systick.o(.text.OS_Tick_Setup) refers to os_systick.o(.bss.PendST) for [Anonymous Symbol]
    os_systick.o(.ARM.exidx.text.OS_Tick_Setup) refers to os_systick.o(.text.OS_Tick_Setup) for [Anonymous Symbol]
    os_systick.o(.text.OS_Tick_Enable) refers to os_systick.o(.bss.PendST) for [Anonymous Symbol]
    os_systick.o(.ARM.exidx.text.OS_Tick_Enable) refers to os_systick.o(.text.OS_Tick_Enable) for [Anonymous Symbol]
    os_systick.o(.text.OS_Tick_Disable) refers to os_systick.o(.bss.PendST) for [Anonymous Symbol]
    os_systick.o(.ARM.exidx.text.OS_Tick_Disable) refers to os_systick.o(.text.OS_Tick_Disable) for [Anonymous Symbol]
    os_systick.o(.ARM.exidx.text.OS_Tick_AcknowledgeIRQ) refers to os_systick.o(.text.OS_Tick_AcknowledgeIRQ) for [Anonymous Symbol]
    os_systick.o(.ARM.exidx.text.OS_Tick_GetIRQn) refers to os_systick.o(.text.OS_Tick_GetIRQn) for [Anonymous Symbol]
    os_systick.o(.text.OS_Tick_GetClock) refers to system_mkl25z4.o(.data) for SystemCoreClock
    os_systick.o(.ARM.exidx.text.OS_Tick_GetClock) refers to os_systick.o(.text.OS_Tick_GetClock) for [Anonymous Symbol]
    os_systick.o(.ARM.exidx.text.OS_Tick_GetInterval) refers to os_systick.o(.text.OS_Tick_GetInterval) for [Anonymous Symbol]
    os_systick.o(.ARM.exidx.text.OS_Tick_GetCount) refers to os_systick.o(.text.OS_Tick_GetCount) for [Anonymous Symbol]
    os_systick.o(.ARM.exidx.text.OS_Tick_GetOverflow) refers to os_systick.o(.text.OS_Tick_GetOverflow) for [Anonymous Symbol]
    rtx_msgqueue.o(.text.osMessageQueueNew) refers to rtx_msgqueue.o(.text.svcRtxMessageQueueNew) for svcRtxMessageQueueNew
    rtx_msgqueue.o(.ARM.exidx.text.osMessageQueueNew) refers to rtx_msgqueue.o(.text.osMessageQueueNew) for [Anonymous Symbol]
    rtx_msgqueue.o(.text.osMessageQueueGetName) refers to rtx_msgqueue.o(.text.svcRtxMessageQueueGetName) for svcRtxMessageQueueGetName
    rtx_msgqueue.o(.ARM.exidx.text.osMessageQueueGetName) refers to rtx_msgqueue.o(.text.osMessageQueueGetName) for [Anonymous Symbol]
    rtx_msgqueue.o(.text.osMessageQueuePut) refers to rtx_mempool.o(.text.osRtxMemoryPoolAlloc) for osRtxMemoryPoolAlloc
    rtx_msgqueue.o(.text.osMessageQueuePut) refers to memcpya.o(.text) for __aeabi_memcpy
    rtx_msgqueue.o(.text.osMessageQueuePut) refers to rtx_system.o(.text.osRtxPostProcess) for osRtxPostProcess
    rtx_msgqueue.o(.text.osMessageQueuePut) refers to rtx_msgqueue.o(.text.svcRtxMessageQueuePut) for svcRtxMessageQueuePut
    rtx_msgqueue.o(.ARM.exidx.text.osMessageQueuePut) refers to rtx_msgqueue.o(.text.osMessageQueuePut) for [Anonymous Symbol]
    rtx_msgqueue.o(.text.osMessageQueueGet) refers to rtx_msgqueue.o(.text.MessageQueueGet) for MessageQueueGet
    rtx_msgqueue.o(.text.osMessageQueueGet) refers to memcpya.o(.text) for __aeabi_memcpy
    rtx_msgqueue.o(.text.osMessageQueueGet) refers to rtx_system.o(.text.osRtxPostProcess) for osRtxPostProcess
    rtx_msgqueue.o(.text.osMessageQueueGet) refers to rtx_msgqueue.o(.text.svcRtxMessageQueueGet) for svcRtxMessageQueueGet
    rtx_msgqueue.o(.ARM.exidx.text.osMessageQueueGet) refers to rtx_msgqueue.o(.text.osMessageQueueGet) for [Anonymous Symbol]
    rtx_msgqueue.o(.text.osMessageQueueGetCapacity) refers to rtx_msgqueue.o(.text.svcRtxMessageQueueGetCapacity) for svcRtxMessageQueueGetCapacity
    rtx_msgqueue.o(.ARM.exidx.text.osMessageQueueGetCapacity) refers to rtx_msgqueue.o(.text.osMessageQueueGetCapacity) for [Anonymous Symbol]
    rtx_msgqueue.o(.ARM.exidx.text.svcRtxMessageQueueGetCapacity) refers to rtx_msgqueue.o(.text.svcRtxMessageQueueGetCapacity) for [Anonymous Symbol]
    rtx_msgqueue.o(.text.osMessageQueueGetMsgSize) refers to rtx_msgqueue.o(.text.svcRtxMessageQueueGetMsgSize) for svcRtxMessageQueueGetMsgSize
    rtx_msgqueue.o(.ARM.exidx.text.osMessageQueueGetMsgSize) refers to rtx_msgqueue.o(.text.osMessageQueueGetMsgSize) for [Anonymous Symbol]
    rtx_msgqueue.o(.ARM.exidx.text.svcRtxMessageQueueGetMsgSize) refers to rtx_msgqueue.o(.text.svcRtxMessageQueueGetMsgSize) for [Anonymous Symbol]
    rtx_msgqueue.o(.text.osMessageQueueGetCount) refers to rtx_msgqueue.o(.text.svcRtxMessageQueueGetCount) for svcRtxMessageQueueGetCount
    rtx_msgqueue.o(.ARM.exidx.text.osMessageQueueGetCount) refers to rtx_msgqueue.o(.text.osMessageQueueGetCount) for [Anonymous Symbol]
    rtx_msgqueue.o(.ARM.exidx.text.svcRtxMessageQueueGetCount) refers to rtx_msgqueue.o(.text.svcRtxMessageQueueGetCount) for [Anonymous Symbol]
    rtx_msgqueue.o(.text.osMessageQueueGetSpace) refers to rtx_msgqueue.o(.text.svcRtxMessageQueueGetSpace) for svcRtxMessageQueueGetSpace
    rtx_msgqueue.o(.ARM.exidx.text.osMessageQueueGetSpace) refers to rtx_msgqueue.o(.text.osMessageQueueGetSpace) for [Anonymous Symbol]
    rtx_msgqueue.o(.ARM.exidx.text.svcRtxMessageQueueGetSpace) refers to rtx_msgqueue.o(.text.svcRtxMessageQueueGetSpace) for [Anonymous Symbol]
    rtx_msgqueue.o(.text.osMessageQueueReset) refers to rtx_msgqueue.o(.text.svcRtxMessageQueueReset) for svcRtxMessageQueueReset
    rtx_msgqueue.o(.ARM.exidx.text.osMessageQueueReset) refers to rtx_msgqueue.o(.text.osMessageQueueReset) for [Anonymous Symbol]
    rtx_msgqueue.o(.text.osMessageQueueDelete) refers to rtx_msgqueue.o(.text.svcRtxMessageQueueDelete) for svcRtxMessageQueueDelete
    rtx_msgqueue.o(.ARM.exidx.text.osMessageQueueDelete) refers to rtx_msgqueue.o(.text.osMessageQueueDelete) for [Anonymous Symbol]
    rtx_msgqueue.o(.text.svcRtxMessageQueueNew) refers to rtx_mempool.o(.text.osRtxMemoryPoolAlloc) for osRtxMemoryPoolAlloc
    rtx_msgqueue.o(.text.svcRtxMessageQueueNew) refers to rtx_memory.o(.text.osRtxMemoryAlloc) for osRtxMemoryAlloc
    rtx_msgqueue.o(.text.svcRtxMessageQueueNew) refers to memseta.o(.text) for __aeabi_memclr
    rtx_msgqueue.o(.text.svcRtxMessageQueueNew) refers to rtx_mempool.o(.text.osRtxMemoryPoolFree) for osRtxMemoryPoolFree
    rtx_msgqueue.o(.text.svcRtxMessageQueueNew) refers to rtx_memory.o(.text.osRtxMemoryFree) for osRtxMemoryFree
    rtx_msgqueue.o(.text.svcRtxMessageQueueNew) refers to rtx_mempool.o(.text.osRtxMemoryPoolInit) for osRtxMemoryPoolInit
    rtx_msgqueue.o(.text.svcRtxMessageQueueNew) refers to rtx_kernel.o(.data.os) for osRtxInfo
    rtx_msgqueue.o(.text.svcRtxMessageQueueNew) refers to rtx_msgqueue.o(.text.osRtxMessageQueuePostProcess) for osRtxMessageQueuePostProcess
    rtx_msgqueue.o(.ARM.exidx.text.svcRtxMessageQueueNew) refers to rtx_msgqueue.o(.text.svcRtxMessageQueueNew) for [Anonymous Symbol]
    rtx_msgqueue.o(.text.osRtxMessageQueuePostProcess) refers to rtx_msgqueue.o(.text.MessageQueueRemove) for MessageQueueRemove
    rtx_msgqueue.o(.text.osRtxMessageQueuePostProcess) refers to rtx_mempool.o(.text.osRtxMemoryPoolFree) for osRtxMemoryPoolFree
    rtx_msgqueue.o(.text.osRtxMessageQueuePostProcess) refers to rtx_mempool.o(.text.osRtxMemoryPoolAlloc) for osRtxMemoryPoolAlloc
    rtx_msgqueue.o(.text.osRtxMessageQueuePostProcess) refers to rtx_thread.o(.text.osRtxThreadListGet) for osRtxThreadListGet
    rtx_msgqueue.o(.text.osRtxMessageQueuePostProcess) refers to rtx_thread.o(.text.osRtxThreadWaitExit) for osRtxThreadWaitExit
    rtx_msgqueue.o(.text.osRtxMessageQueuePostProcess) refers to rtx_thread.o(.text.osRtxThreadRegPtr) for osRtxThreadRegPtr
    rtx_msgqueue.o(.text.osRtxMessageQueuePostProcess) refers to memcpya.o(.text) for __aeabi_memcpy
    rtx_msgqueue.o(.text.osRtxMessageQueuePostProcess) refers to rtx_msgqueue.o(.text.MessageQueuePut) for MessageQueuePut
    rtx_msgqueue.o(.ARM.exidx.text.osRtxMessageQueuePostProcess) refers to rtx_msgqueue.o(.text.osRtxMessageQueuePostProcess) for [Anonymous Symbol]
    rtx_msgqueue.o(.ARM.exidx.text.MessageQueueRemove) refers to rtx_msgqueue.o(.text.MessageQueueRemove) for [Anonymous Symbol]
    rtx_msgqueue.o(.ARM.exidx.text.MessageQueuePut) refers to rtx_msgqueue.o(.text.MessageQueuePut) for [Anonymous Symbol]
    rtx_msgqueue.o(.ARM.exidx.text.svcRtxMessageQueueGetName) refers to rtx_msgqueue.o(.text.svcRtxMessageQueueGetName) for [Anonymous Symbol]
    rtx_msgqueue.o(.text.svcRtxMessageQueuePut) refers to rtx_thread.o(.text.osRtxThreadListGet) for osRtxThreadListGet
    rtx_msgqueue.o(.text.svcRtxMessageQueuePut) refers to rtx_thread.o(.text.osRtxThreadWaitExit) for osRtxThreadWaitExit
    rtx_msgqueue.o(.text.svcRtxMessageQueuePut) refers to rtx_thread.o(.text.osRtxThreadRegPtr) for osRtxThreadRegPtr
    rtx_msgqueue.o(.text.svcRtxMessageQueuePut) refers to memcpya.o(.text) for __aeabi_memcpy
    rtx_msgqueue.o(.text.svcRtxMessageQueuePut) refers to rtx_mempool.o(.text.osRtxMemoryPoolAlloc) for osRtxMemoryPoolAlloc
    rtx_msgqueue.o(.text.svcRtxMessageQueuePut) refers to rtx_msgqueue.o(.text.MessageQueuePut) for MessageQueuePut
    rtx_msgqueue.o(.text.svcRtxMessageQueuePut) refers to rtx_thread.o(.text.osRtxThreadWaitEnter) for osRtxThreadWaitEnter
    rtx_msgqueue.o(.text.svcRtxMessageQueuePut) refers to rtx_thread.o(.text.osRtxThreadListPut) for osRtxThreadListPut
    rtx_msgqueue.o(.text.svcRtxMessageQueuePut) refers to rtx_kernel.o(.data.os) for osRtxInfo
    rtx_msgqueue.o(.ARM.exidx.text.svcRtxMessageQueuePut) refers to rtx_msgqueue.o(.text.svcRtxMessageQueuePut) for [Anonymous Symbol]
    rtx_msgqueue.o(.ARM.exidx.text.MessageQueueGet) refers to rtx_msgqueue.o(.text.MessageQueueGet) for [Anonymous Symbol]
    rtx_msgqueue.o(.text.svcRtxMessageQueueGet) refers to rtx_msgqueue.o(.text.MessageQueueGet) for MessageQueueGet
    rtx_msgqueue.o(.text.svcRtxMessageQueueGet) refers to rtx_msgqueue.o(.text.MessageQueueRemove) for MessageQueueRemove
    rtx_msgqueue.o(.text.svcRtxMessageQueueGet) refers to memcpya.o(.text) for __aeabi_memcpy
    rtx_msgqueue.o(.text.svcRtxMessageQueueGet) refers to rtx_mempool.o(.text.osRtxMemoryPoolFree) for osRtxMemoryPoolFree
    rtx_msgqueue.o(.text.svcRtxMessageQueueGet) refers to rtx_mempool.o(.text.osRtxMemoryPoolAlloc) for osRtxMemoryPoolAlloc
    rtx_msgqueue.o(.text.svcRtxMessageQueueGet) refers to rtx_thread.o(.text.osRtxThreadListGet) for osRtxThreadListGet
    rtx_msgqueue.o(.text.svcRtxMessageQueueGet) refers to rtx_thread.o(.text.osRtxThreadWaitExit) for osRtxThreadWaitExit
    rtx_msgqueue.o(.text.svcRtxMessageQueueGet) refers to rtx_thread.o(.text.osRtxThreadRegPtr) for osRtxThreadRegPtr
    rtx_msgqueue.o(.text.svcRtxMessageQueueGet) refers to rtx_msgqueue.o(.text.MessageQueuePut) for MessageQueuePut
    rtx_msgqueue.o(.text.svcRtxMessageQueueGet) refers to rtx_thread.o(.text.osRtxThreadWaitEnter) for osRtxThreadWaitEnter
    rtx_msgqueue.o(.text.svcRtxMessageQueueGet) refers to rtx_thread.o(.text.osRtxThreadListPut) for osRtxThreadListPut
    rtx_msgqueue.o(.text.svcRtxMessageQueueGet) refers to rtx_kernel.o(.data.os) for osRtxInfo
    rtx_msgqueue.o(.ARM.exidx.text.svcRtxMessageQueueGet) refers to rtx_msgqueue.o(.text.svcRtxMessageQueueGet) for [Anonymous Symbol]
    rtx_msgqueue.o(.text.svcRtxMessageQueueReset) refers to rtx_msgqueue.o(.text.MessageQueueRemove) for MessageQueueRemove
    rtx_msgqueue.o(.text.svcRtxMessageQueueReset) refers to rtx_mempool.o(.text.osRtxMemoryPoolFree) for osRtxMemoryPoolFree
    rtx_msgqueue.o(.text.svcRtxMessageQueueReset) refers to rtx_msgqueue.o(.text.MessageQueueGet) for MessageQueueGet
    rtx_msgqueue.o(.text.svcRtxMessageQueueReset) refers to rtx_mempool.o(.text.osRtxMemoryPoolAlloc) for osRtxMemoryPoolAlloc
    rtx_msgqueue.o(.text.svcRtxMessageQueueReset) refers to rtx_thread.o(.text.osRtxThreadListGet) for osRtxThreadListGet
    rtx_msgqueue.o(.text.svcRtxMessageQueueReset) refers to rtx_thread.o(.text.osRtxThreadWaitExit) for osRtxThreadWaitExit
    rtx_msgqueue.o(.text.svcRtxMessageQueueReset) refers to rtx_thread.o(.text.osRtxThreadRegPtr) for osRtxThreadRegPtr
    rtx_msgqueue.o(.text.svcRtxMessageQueueReset) refers to memcpya.o(.text) for __aeabi_memcpy
    rtx_msgqueue.o(.text.svcRtxMessageQueueReset) refers to rtx_msgqueue.o(.text.MessageQueuePut) for MessageQueuePut
    rtx_msgqueue.o(.text.svcRtxMessageQueueReset) refers to rtx_thread.o(.text.osRtxThreadDispatch) for osRtxThreadDispatch
    rtx_msgqueue.o(.ARM.exidx.text.svcRtxMessageQueueReset) refers to rtx_msgqueue.o(.text.svcRtxMessageQueueReset) for [Anonymous Symbol]
    rtx_msgqueue.o(.text.svcRtxMessageQueueDelete) refers to rtx_thread.o(.text.osRtxThreadListGet) for osRtxThreadListGet
    rtx_msgqueue.o(.text.svcRtxMessageQueueDelete) refers to rtx_thread.o(.text.osRtxThreadWaitExit) for osRtxThreadWaitExit
    rtx_msgqueue.o(.text.svcRtxMessageQueueDelete) refers to rtx_thread.o(.text.osRtxThreadDispatch) for osRtxThreadDispatch
    rtx_msgqueue.o(.text.svcRtxMessageQueueDelete) refers to rtx_memory.o(.text.osRtxMemoryFree) for osRtxMemoryFree
    rtx_msgqueue.o(.text.svcRtxMessageQueueDelete) refers to rtx_mempool.o(.text.osRtxMemoryPoolFree) for osRtxMemoryPoolFree
    rtx_msgqueue.o(.text.svcRtxMessageQueueDelete) refers to rtx_kernel.o(.data.os) for osRtxInfo
    rtx_msgqueue.o(.ARM.exidx.text.svcRtxMessageQueueDelete) refers to rtx_msgqueue.o(.text.svcRtxMessageQueueDelete) for [Anonymous Symbol]
    entry.o(.ARM.Collect$$$$00000000) refers (Special) to entry10a.o(.ARM.Collect$$$$0000000D) for __rt_final_cpp
    entry.o(.ARM.Collect$$$$00000000) refers (Special) to entry11a.o(.ARM.Collect$$$$0000000F) for __rt_final_exit
    entry.o(.ARM.Collect$$$$00000000) refers (Special) to entry7b.o(.ARM.Collect$$$$00000008) for _main_clock
    entry.o(.ARM.Collect$$$$00000000) refers (Special) to entry8b.o(.ARM.Collect$$$$0000000A) for _main_cpp_init
    entry.o(.ARM.Collect$$$$00000000) refers (Special) to entry9a.o(.ARM.Collect$$$$0000000B) for _main_init
    entry.o(.ARM.Collect$$$$00000000) refers (Special) to entry5.o(.ARM.Collect$$$$00000004) for _main_scatterload
    entry.o(.ARM.Collect$$$$00000000) refers (Special) to entry2.o(.ARM.Collect$$$$00000001) for _main_stk
    entry2.o(.ARM.Collect$$$$00000001) refers to entry2.o(.ARM.Collect$$$$00002712) for __lit__00000000
    entry2.o(.ARM.Collect$$$$00002712) refers to startup_mkl25z4.o(STACK) for __initial_sp
    entry2.o(__vectab_stack_and_reset_area) refers to startup_mkl25z4.o(STACK) for __initial_sp
    entry2.o(__vectab_stack_and_reset_area) refers to entry.o(.ARM.Collect$$$$00000000) for __main
    entry5.o(.ARM.Collect$$$$00000004) refers to init.o(.text) for __scatterload
    entry9a.o(.ARM.Collect$$$$0000000B) refers to main.o(i.main) for main
    entry9b.o(.ARM.Collect$$$$0000000C) refers to main.o(i.main) for main
    init.o(.text) refers to entry5.o(.ARM.Collect$$$$00000004) for __main_after_scatterload


==============================================================================

Removing Unused input sections from the image.

    Removing main.o(.rev16_text), (4 bytes).
    Removing main.o(.revsh_text), (4 bytes).
    Removing uart.o(.rev16_text), (4 bytes).
    Removing uart.o(.revsh_text), (4 bytes).
    Removing uart.o(i.delay), (20 bytes).
    Removing rtx_lib.o(.rev16_text), (4 bytes).
    Removing rtx_lib.o(.revsh_text), (4 bytes).
    Removing rtx_lib.o(.data), (4 bytes).
    Removing rtx_config.o(.rev16_text), (4 bytes).
    Removing rtx_config.o(.revsh_text), (4 bytes).
    Removing rtx_config.o(i.osRtxIdleThread), (4 bytes).
    Removing startup_mkl25z4.o(HEAP), (0 bytes).
    Removing system_mkl25z4.o(.rev16_text), (4 bytes).
    Removing system_mkl25z4.o(.revsh_text), (4 bytes).
    Removing rtx_kernel.o(.text), (0 bytes).
    Removing rtx_kernel.o(.ARM.exidx.text.osRtxKernelPreInit), (8 bytes).
    Removing rtx_kernel.o(.ARM.exidx.text.osKernelInitialize), (8 bytes).
    Removing rtx_kernel.o(.text.osKernelGetInfo), (44 bytes).
    Removing rtx_kernel.o(.ARM.exidx.text.osKernelGetInfo), (8 bytes).
    Removing rtx_kernel.o(.text.svcRtxKernelGetInfo), (56 bytes).
    Removing rtx_kernel.o(.ARM.exidx.text.svcRtxKernelGetInfo), (8 bytes).
    Removing rtx_kernel.o(.text.osKernelGetState), (48 bytes).
    Removing rtx_kernel.o(.ARM.exidx.text.osKernelGetState), (8 bytes).
    Removing rtx_kernel.o(.text.svcRtxKernelGetState), (12 bytes).
    Removing rtx_kernel.o(.ARM.exidx.text.svcRtxKernelGetState), (8 bytes).
    Removing rtx_kernel.o(.text.osKernelStart), (36 bytes).
    Removing rtx_kernel.o(.ARM.exidx.text.osKernelStart), (8 bytes).
    Removing rtx_kernel.o(.text.osKernelLock), (36 bytes).
    Removing rtx_kernel.o(.ARM.exidx.text.osKernelLock), (8 bytes).
    Removing rtx_kernel.o(.text.osKernelUnlock), (36 bytes).
    Removing rtx_kernel.o(.ARM.exidx.text.osKernelUnlock), (8 bytes).
    Removing rtx_kernel.o(.text.osKernelRestoreLock), (40 bytes).
    Removing rtx_kernel.o(.ARM.exidx.text.osKernelRestoreLock), (8 bytes).
    Removing rtx_kernel.o(.text.osKernelSuspend), (32 bytes).
    Removing rtx_kernel.o(.ARM.exidx.text.osKernelSuspend), (8 bytes).
    Removing rtx_kernel.o(.text.osKernelResume), (32 bytes).
    Removing rtx_kernel.o(.ARM.exidx.text.osKernelResume), (8 bytes).
    Removing rtx_kernel.o(.text.osKernelGetTickCount), (40 bytes).
    Removing rtx_kernel.o(.ARM.exidx.text.osKernelGetTickCount), (8 bytes).
    Removing rtx_kernel.o(.text.svcRtxKernelGetTickCount), (12 bytes).
    Removing rtx_kernel.o(.ARM.exidx.text.svcRtxKernelGetTickCount), (8 bytes).
    Removing rtx_kernel.o(.text.osKernelGetTickFreq), (40 bytes).
    Removing rtx_kernel.o(.ARM.exidx.text.osKernelGetTickFreq), (8 bytes).
    Removing rtx_kernel.o(.text.svcRtxKernelGetTickFreq), (12 bytes).
    Removing rtx_kernel.o(.ARM.exidx.text.svcRtxKernelGetTickFreq), (8 bytes).
    Removing rtx_kernel.o(.text.osKernelGetSysTimerCount), (36 bytes).
    Removing rtx_kernel.o(.ARM.exidx.text.osKernelGetSysTimerCount), (8 bytes).
    Removing rtx_kernel.o(.text.svcRtxKernelGetSysTimerCount), (44 bytes).
    Removing rtx_kernel.o(.ARM.exidx.text.svcRtxKernelGetSysTimerCount), (8 bytes).
    Removing rtx_kernel.o(.text.osKernelGetSysTimerFreq), (36 bytes).
    Removing rtx_kernel.o(.ARM.exidx.text.osKernelGetSysTimerFreq), (8 bytes).
    Removing rtx_kernel.o(.text.svcRtxKernelGetSysTimerFreq), (8 bytes).
    Removing rtx_kernel.o(.ARM.exidx.text.svcRtxKernelGetSysTimerFreq), (8 bytes).
    Removing rtx_kernel.o(.ARM.exidx.text.svcRtxKernelInitialize), (8 bytes).
    Removing rtx_kernel.o(.text.svcRtxKernelStart), (132 bytes).
    Removing rtx_kernel.o(.ARM.exidx.text.svcRtxKernelStart), (8 bytes).
    Removing rtx_kernel.o(.text.svcRtxKernelLock), (36 bytes).
    Removing rtx_kernel.o(.ARM.exidx.text.svcRtxKernelLock), (8 bytes).
    Removing rtx_kernel.o(.text.svcRtxKernelUnlock), (36 bytes).
    Removing rtx_kernel.o(.ARM.exidx.text.svcRtxKernelUnlock), (8 bytes).
    Removing rtx_kernel.o(.text.svcRtxKernelRestoreLock), (48 bytes).
    Removing rtx_kernel.o(.ARM.exidx.text.svcRtxKernelRestoreLock), (8 bytes).
    Removing rtx_kernel.o(.text.svcRtxKernelSuspend), (84 bytes).
    Removing rtx_kernel.o(.ARM.exidx.text.svcRtxKernelSuspend), (8 bytes).
    Removing rtx_kernel.o(.text.svcRtxKernelResume), (136 bytes).
    Removing rtx_kernel.o(.ARM.exidx.text.svcRtxKernelResume), (8 bytes).
    Removing rtx_thread.o(.text), (0 bytes).
    Removing rtx_thread.o(.ARM.exidx.text.osRtxThreadListPut), (8 bytes).
    Removing rtx_thread.o(.ARM.exidx.text.osRtxThreadListGet), (8 bytes).
    Removing rtx_thread.o(.text.osRtxThreadListSort), (38 bytes).
    Removing rtx_thread.o(.ARM.exidx.text.osRtxThreadListSort), (8 bytes).
    Removing rtx_thread.o(.ARM.exidx.text.osRtxThreadListRemove), (8 bytes).
    Removing rtx_thread.o(.ARM.exidx.text.osRtxThreadReadyPut), (8 bytes).
    Removing rtx_thread.o(.ARM.exidx.text.osRtxThreadDelayTick), (8 bytes).
    Removing rtx_thread.o(.text.osRtxThreadRegPtr), (6 bytes).
    Removing rtx_thread.o(.ARM.exidx.text.osRtxThreadRegPtr), (8 bytes).
    Removing rtx_thread.o(.ARM.exidx.text.osRtxThreadSwitch), (8 bytes).
    Removing rtx_thread.o(.ARM.exidx.text.osRtxThreadStackCheck), (8 bytes).
    Removing rtx_thread.o(.ARM.exidx.text.osRtxThreadDispatch), (8 bytes).
    Removing rtx_thread.o(.ARM.exidx.text.osRtxThreadBlock), (8 bytes).
    Removing rtx_thread.o(.ARM.exidx.text.osRtxThreadWaitExit), (8 bytes).
    Removing rtx_thread.o(.ARM.exidx.text.osRtxThreadDelayRemove), (8 bytes).
    Removing rtx_thread.o(.text.osRtxThreadWaitEnter), (60 bytes).
    Removing rtx_thread.o(.ARM.exidx.text.osRtxThreadWaitEnter), (8 bytes).
    Removing rtx_thread.o(.text.osRtxThreadDelayInsert), (128 bytes).
    Removing rtx_thread.o(.ARM.exidx.text.osRtxThreadDelayInsert), (8 bytes).
    Removing rtx_thread.o(.text.osRtxThreadStartup), (64 bytes).
    Removing rtx_thread.o(.ARM.exidx.text.osRtxThreadStartup), (8 bytes).
    Removing rtx_thread.o(.ARM.exidx.text.svcRtxThreadNew), (8 bytes).
    Removing rtx_thread.o(.ARM.exidx.text.osThreadNew), (8 bytes).
    Removing rtx_thread.o(.text.osThreadGetName), (36 bytes).
    Removing rtx_thread.o(.ARM.exidx.text.osThreadGetName), (8 bytes).
    Removing rtx_thread.o(.text.osThreadGetId), (40 bytes).
    Removing rtx_thread.o(.ARM.exidx.text.osThreadGetId), (8 bytes).
    Removing rtx_thread.o(.text.svcRtxThreadGetId), (12 bytes).
    Removing rtx_thread.o(.ARM.exidx.text.svcRtxThreadGetId), (8 bytes).
    Removing rtx_thread.o(.text.osThreadGetState), (40 bytes).
    Removing rtx_thread.o(.ARM.exidx.text.osThreadGetState), (8 bytes).
    Removing rtx_thread.o(.text.osThreadGetStackSize), (36 bytes).
    Removing rtx_thread.o(.ARM.exidx.text.osThreadGetStackSize), (8 bytes).
    Removing rtx_thread.o(.text.osThreadGetStackSpace), (36 bytes).
    Removing rtx_thread.o(.ARM.exidx.text.osThreadGetStackSpace), (8 bytes).
    Removing rtx_thread.o(.text.osThreadSetPriority), (40 bytes).
    Removing rtx_thread.o(.ARM.exidx.text.osThreadSetPriority), (8 bytes).
    Removing rtx_thread.o(.text.osThreadGetPriority), (40 bytes).
    Removing rtx_thread.o(.ARM.exidx.text.osThreadGetPriority), (8 bytes).
    Removing rtx_thread.o(.text.osThreadYield), (36 bytes).
    Removing rtx_thread.o(.ARM.exidx.text.osThreadYield), (8 bytes).
    Removing rtx_thread.o(.text.osThreadSuspend), (40 bytes).
    Removing rtx_thread.o(.ARM.exidx.text.osThreadSuspend), (8 bytes).
    Removing rtx_thread.o(.text.osThreadResume), (40 bytes).
    Removing rtx_thread.o(.ARM.exidx.text.osThreadResume), (8 bytes).
    Removing rtx_thread.o(.text.osThreadDetach), (40 bytes).
    Removing rtx_thread.o(.ARM.exidx.text.osThreadDetach), (8 bytes).
    Removing rtx_thread.o(.text.osThreadJoin), (40 bytes).
    Removing rtx_thread.o(.ARM.exidx.text.osThreadJoin), (8 bytes).
    Removing rtx_thread.o(.ARM.exidx.text.osThreadExit), (8 bytes).
    Removing rtx_thread.o(.text.osThreadTerminate), (40 bytes).
    Removing rtx_thread.o(.ARM.exidx.text.osThreadTerminate), (8 bytes).
    Removing rtx_thread.o(.text.osThreadGetCount), (32 bytes).
    Removing rtx_thread.o(.ARM.exidx.text.osThreadGetCount), (8 bytes).
    Removing rtx_thread.o(.text.osThreadEnumerate), (36 bytes).
    Removing rtx_thread.o(.ARM.exidx.text.osThreadEnumerate), (8 bytes).
    Removing rtx_thread.o(.text.osThreadFlagsSet), (88 bytes).
    Removing rtx_thread.o(.ARM.exidx.text.osThreadFlagsSet), (8 bytes).
    Removing rtx_thread.o(.text.osThreadFlagsClear), (40 bytes).
    Removing rtx_thread.o(.ARM.exidx.text.osThreadFlagsClear), (8 bytes).
    Removing rtx_thread.o(.text.osThreadFlagsGet), (32 bytes).
    Removing rtx_thread.o(.ARM.exidx.text.osThreadFlagsGet), (8 bytes).
    Removing rtx_thread.o(.text.osThreadFlagsWait), (40 bytes).
    Removing rtx_thread.o(.ARM.exidx.text.osThreadFlagsWait), (8 bytes).
    Removing rtx_thread.o(.ARM.exidx.text.osRtxThreadPostProcess), (8 bytes).
    Removing rtx_thread.o(.ARM.exidx.text.ThreadFlagsCheck), (8 bytes).
    Removing rtx_thread.o(.text.svcRtxThreadGetName), (18 bytes).
    Removing rtx_thread.o(.ARM.exidx.text.svcRtxThreadGetName), (8 bytes).
    Removing rtx_thread.o(.text.svcRtxThreadGetState), (24 bytes).
    Removing rtx_thread.o(.ARM.exidx.text.svcRtxThreadGetState), (8 bytes).
    Removing rtx_thread.o(.text.svcRtxThreadGetStackSize), (18 bytes).
    Removing rtx_thread.o(.ARM.exidx.text.svcRtxThreadGetStackSize), (8 bytes).
    Removing rtx_thread.o(.text.svcRtxThreadGetStackSpace), (68 bytes).
    Removing rtx_thread.o(.ARM.exidx.text.svcRtxThreadGetStackSpace), (8 bytes).
    Removing rtx_thread.o(.text.svcRtxThreadSetPriority), (72 bytes).
    Removing rtx_thread.o(.ARM.exidx.text.svcRtxThreadSetPriority), (8 bytes).
    Removing rtx_thread.o(.text.svcRtxThreadGetPriority), (28 bytes).
    Removing rtx_thread.o(.ARM.exidx.text.svcRtxThreadGetPriority), (8 bytes).
    Removing rtx_thread.o(.text.svcRtxThreadYield), (56 bytes).
    Removing rtx_thread.o(.ARM.exidx.text.svcRtxThreadYield), (8 bytes).
    Removing rtx_thread.o(.text.svcRtxThreadSuspend), (136 bytes).
    Removing rtx_thread.o(.ARM.exidx.text.svcRtxThreadSuspend), (8 bytes).
    Removing rtx_thread.o(.text.svcRtxThreadResume), (54 bytes).
    Removing rtx_thread.o(.ARM.exidx.text.svcRtxThreadResume), (8 bytes).
    Removing rtx_thread.o(.text.svcRtxThreadDetach), (58 bytes).
    Removing rtx_thread.o(.ARM.exidx.text.svcRtxThreadDetach), (8 bytes).
    Removing rtx_thread.o(.text.osRtxThreadListUnlink), (36 bytes).
    Removing rtx_thread.o(.ARM.exidx.text.osRtxThreadListUnlink), (8 bytes).
    Removing rtx_thread.o(.ARM.exidx.text.osRtxThreadFree), (8 bytes).
    Removing rtx_thread.o(.text.svcRtxThreadJoin), (92 bytes).
    Removing rtx_thread.o(.ARM.exidx.text.svcRtxThreadJoin), (8 bytes).
    Removing rtx_thread.o(.ARM.exidx.text.svcRtxThreadExit), (8 bytes).
    Removing rtx_thread.o(.text.svcRtxThreadTerminate), (188 bytes).
    Removing rtx_thread.o(.ARM.exidx.text.svcRtxThreadTerminate), (8 bytes).
    Removing rtx_thread.o(.text.svcRtxThreadGetCount), (56 bytes).
    Removing rtx_thread.o(.ARM.exidx.text.svcRtxThreadGetCount), (8 bytes).
    Removing rtx_thread.o(.text.svcRtxThreadEnumerate), (96 bytes).
    Removing rtx_thread.o(.ARM.exidx.text.svcRtxThreadEnumerate), (8 bytes).
    Removing rtx_thread.o(.text.svcRtxThreadFlagsSet), (108 bytes).
    Removing rtx_thread.o(.ARM.exidx.text.svcRtxThreadFlagsSet), (8 bytes).
    Removing rtx_thread.o(.text.svcRtxThreadFlagsClear), (56 bytes).
    Removing rtx_thread.o(.ARM.exidx.text.svcRtxThreadFlagsClear), (8 bytes).
    Removing rtx_thread.o(.text.svcRtxThreadFlagsGet), (20 bytes).
    Removing rtx_thread.o(.ARM.exidx.text.svcRtxThreadFlagsGet), (8 bytes).
    Removing rtx_thread.o(.text.svcRtxThreadFlagsWait), (80 bytes).
    Removing rtx_thread.o(.ARM.exidx.text.svcRtxThreadFlagsWait), (8 bytes).
    Removing irq_cm0.o(.constdata), (1 bytes).
    Removing rtx_timer.o(.text), (0 bytes).
    Removing rtx_timer.o(.text.osRtxTimerThread), (60 bytes).
    Removing rtx_timer.o(.ARM.exidx.text.osRtxTimerThread), (8 bytes).
    Removing rtx_timer.o(.text.osRtxTimerTick), (96 bytes).
    Removing rtx_timer.o(.ARM.exidx.text.osRtxTimerTick), (8 bytes).
    Removing rtx_timer.o(.text.osTimerNew), (36 bytes).
    Removing rtx_timer.o(.ARM.exidx.text.osTimerNew), (8 bytes).
    Removing rtx_timer.o(.text.osTimerGetName), (36 bytes).
    Removing rtx_timer.o(.ARM.exidx.text.osTimerGetName), (8 bytes).
    Removing rtx_timer.o(.text.osTimerStart), (40 bytes).
    Removing rtx_timer.o(.ARM.exidx.text.osTimerStart), (8 bytes).
    Removing rtx_timer.o(.text.osTimerStop), (40 bytes).
    Removing rtx_timer.o(.ARM.exidx.text.osTimerStop), (8 bytes).
    Removing rtx_timer.o(.text.osTimerIsRunning), (36 bytes).
    Removing rtx_timer.o(.ARM.exidx.text.osTimerIsRunning), (8 bytes).
    Removing rtx_timer.o(.text.osTimerDelete), (40 bytes).
    Removing rtx_timer.o(.ARM.exidx.text.osTimerDelete), (8 bytes).
    Removing rtx_timer.o(.text.TimerInsert), (76 bytes).
    Removing rtx_timer.o(.ARM.exidx.text.TimerInsert), (8 bytes).
    Removing rtx_timer.o(.text.svcRtxTimerNew), (132 bytes).
    Removing rtx_timer.o(.ARM.exidx.text.svcRtxTimerNew), (8 bytes).
    Removing rtx_timer.o(.text.svcRtxTimerGetName), (18 bytes).
    Removing rtx_timer.o(.ARM.exidx.text.svcRtxTimerGetName), (8 bytes).
    Removing rtx_timer.o(.text.svcRtxTimerStart), (72 bytes).
    Removing rtx_timer.o(.ARM.exidx.text.svcRtxTimerStart), (8 bytes).
    Removing rtx_timer.o(.text.TimerRemove), (40 bytes).
    Removing rtx_timer.o(.ARM.exidx.text.TimerRemove), (8 bytes).
    Removing rtx_timer.o(.text.svcRtxTimerStop), (42 bytes).
    Removing rtx_timer.o(.ARM.exidx.text.svcRtxTimerStop), (8 bytes).
    Removing rtx_timer.o(.text.svcRtxTimerIsRunning), (24 bytes).
    Removing rtx_timer.o(.ARM.exidx.text.svcRtxTimerIsRunning), (8 bytes).
    Removing rtx_timer.o(.text.svcRtxTimerDelete), (76 bytes).
    Removing rtx_timer.o(.ARM.exidx.text.svcRtxTimerDelete), (8 bytes).
    Removing rtx_mutex.o(.text), (0 bytes).
    Removing rtx_mutex.o(.ARM.exidx.text.osRtxMutexOwnerRelease), (8 bytes).
    Removing rtx_mutex.o(.text.osMutexNew), (36 bytes).
    Removing rtx_mutex.o(.ARM.exidx.text.osMutexNew), (8 bytes).
    Removing rtx_mutex.o(.text.osMutexGetName), (36 bytes).
    Removing rtx_mutex.o(.ARM.exidx.text.osMutexGetName), (8 bytes).
    Removing rtx_mutex.o(.text.osMutexAcquire), (40 bytes).
    Removing rtx_mutex.o(.ARM.exidx.text.osMutexAcquire), (8 bytes).
    Removing rtx_mutex.o(.text.osMutexRelease), (40 bytes).
    Removing rtx_mutex.o(.ARM.exidx.text.osMutexRelease), (8 bytes).
    Removing rtx_mutex.o(.text.osMutexGetOwner), (36 bytes).
    Removing rtx_mutex.o(.ARM.exidx.text.osMutexGetOwner), (8 bytes).
    Removing rtx_mutex.o(.text.osMutexDelete), (40 bytes).
    Removing rtx_mutex.o(.ARM.exidx.text.osMutexDelete), (8 bytes).
    Removing rtx_mutex.o(.text.svcRtxMutexNew), (112 bytes).
    Removing rtx_mutex.o(.ARM.exidx.text.svcRtxMutexNew), (8 bytes).
    Removing rtx_mutex.o(.text.svcRtxMutexGetName), (18 bytes).
    Removing rtx_mutex.o(.ARM.exidx.text.svcRtxMutexGetName), (8 bytes).
    Removing rtx_mutex.o(.text.svcRtxMutexAcquire), (152 bytes).
    Removing rtx_mutex.o(.ARM.exidx.text.svcRtxMutexAcquire), (8 bytes).
    Removing rtx_mutex.o(.text.svcRtxMutexRelease), (192 bytes).
    Removing rtx_mutex.o(.ARM.exidx.text.svcRtxMutexRelease), (8 bytes).
    Removing rtx_mutex.o(.text.svcRtxMutexGetOwner), (24 bytes).
    Removing rtx_mutex.o(.ARM.exidx.text.svcRtxMutexGetOwner), (8 bytes).
    Removing rtx_mutex.o(.text.svcRtxMutexDelete), (188 bytes).
    Removing rtx_mutex.o(.ARM.exidx.text.svcRtxMutexDelete), (8 bytes).
    Removing rtx_memory.o(.text), (0 bytes).
    Removing rtx_memory.o(.ARM.exidx.text.osRtxMemoryInit), (8 bytes).
    Removing rtx_memory.o(.ARM.exidx.text.osRtxMemoryAlloc), (8 bytes).
    Removing rtx_memory.o(.ARM.exidx.text.osRtxMemoryFree), (8 bytes).
    Removing rtx_mempool.o(.text), (0 bytes).
    Removing rtx_mempool.o(.ARM.exidx.text.osRtxMemoryPoolInit), (8 bytes).
    Removing rtx_mempool.o(.ARM.exidx.text.osRtxMemoryPoolAlloc), (8 bytes).
    Removing rtx_mempool.o(.ARM.exidx.text.osRtxMemoryPoolFree), (8 bytes).
    Removing rtx_mempool.o(.text.osMemoryPoolNew), (36 bytes).
    Removing rtx_mempool.o(.ARM.exidx.text.osMemoryPoolNew), (8 bytes).
    Removing rtx_mempool.o(.text.osMemoryPoolGetName), (36 bytes).
    Removing rtx_mempool.o(.ARM.exidx.text.osMemoryPoolGetName), (8 bytes).
    Removing rtx_mempool.o(.text.osMemoryPoolAlloc), (56 bytes).
    Removing rtx_mempool.o(.ARM.exidx.text.osMemoryPoolAlloc), (8 bytes).
    Removing rtx_mempool.o(.text.osMemoryPoolFree), (72 bytes).
    Removing rtx_mempool.o(.ARM.exidx.text.osMemoryPoolFree), (8 bytes).
    Removing rtx_mempool.o(.text.osMemoryPoolGetCapacity), (48 bytes).
    Removing rtx_mempool.o(.ARM.exidx.text.osMemoryPoolGetCapacity), (8 bytes).
    Removing rtx_mempool.o(.text.svcRtxMemoryPoolGetCapacity), (18 bytes).
    Removing rtx_mempool.o(.ARM.exidx.text.svcRtxMemoryPoolGetCapacity), (8 bytes).
    Removing rtx_mempool.o(.text.osMemoryPoolGetBlockSize), (48 bytes).
    Removing rtx_mempool.o(.ARM.exidx.text.osMemoryPoolGetBlockSize), (8 bytes).
    Removing rtx_mempool.o(.text.svcRtxMemoryPoolGetBlockSize), (18 bytes).
    Removing rtx_mempool.o(.ARM.exidx.text.svcRtxMemoryPoolGetBlockSize), (8 bytes).
    Removing rtx_mempool.o(.text.osMemoryPoolGetCount), (48 bytes).
    Removing rtx_mempool.o(.ARM.exidx.text.osMemoryPoolGetCount), (8 bytes).
    Removing rtx_mempool.o(.text.svcRtxMemoryPoolGetCount), (18 bytes).
    Removing rtx_mempool.o(.ARM.exidx.text.svcRtxMemoryPoolGetCount), (8 bytes).
    Removing rtx_mempool.o(.text.osMemoryPoolGetSpace), (36 bytes).
    Removing rtx_mempool.o(.ARM.exidx.text.osMemoryPoolGetSpace), (8 bytes).
    Removing rtx_mempool.o(.text.svcRtxMemoryPoolGetSpace), (22 bytes).
    Removing rtx_mempool.o(.ARM.exidx.text.svcRtxMemoryPoolGetSpace), (8 bytes).
    Removing rtx_mempool.o(.text.osMemoryPoolDelete), (40 bytes).
    Removing rtx_mempool.o(.ARM.exidx.text.osMemoryPoolDelete), (8 bytes).
    Removing rtx_mempool.o(.text.svcRtxMemoryPoolNew), (444 bytes).
    Removing rtx_mempool.o(.ARM.exidx.text.svcRtxMemoryPoolNew), (8 bytes).
    Removing rtx_mempool.o(.text.osRtxMemoryPoolPostProcess), (40 bytes).
    Removing rtx_mempool.o(.ARM.exidx.text.osRtxMemoryPoolPostProcess), (8 bytes).
    Removing rtx_mempool.o(.text.svcRtxMemoryPoolGetName), (18 bytes).
    Removing rtx_mempool.o(.ARM.exidx.text.svcRtxMemoryPoolGetName), (8 bytes).
    Removing rtx_mempool.o(.text.svcRtxMemoryPoolAlloc), (64 bytes).
    Removing rtx_mempool.o(.ARM.exidx.text.svcRtxMemoryPoolAlloc), (8 bytes).
    Removing rtx_mempool.o(.text.svcRtxMemoryPoolFree), (72 bytes).
    Removing rtx_mempool.o(.ARM.exidx.text.svcRtxMemoryPoolFree), (8 bytes).
    Removing rtx_mempool.o(.text.svcRtxMemoryPoolDelete), (112 bytes).
    Removing rtx_mempool.o(.ARM.exidx.text.svcRtxMemoryPoolDelete), (8 bytes).
    Removing rtx_system.o(.text), (0 bytes).
    Removing rtx_system.o(.ARM.exidx.text.osRtxTick_Handler), (8 bytes).
    Removing rtx_system.o(.ARM.exidx.text.osRtxPendSV_Handler), (8 bytes).
    Removing rtx_system.o(.text.osRtxPostProcess), (108 bytes).
    Removing rtx_system.o(.ARM.exidx.text.osRtxPostProcess), (8 bytes).
    Removing os_systick.o(.text), (0 bytes).
    Removing os_systick.o(.text.OS_Tick_Setup), (76 bytes).
    Removing os_systick.o(.ARM.exidx.text.OS_Tick_Setup), (8 bytes).
    Removing os_systick.o(.text.OS_Tick_Enable), (44 bytes).
    Removing os_systick.o(.ARM.exidx.text.OS_Tick_Enable), (8 bytes).
    Removing os_systick.o(.text.OS_Tick_Disable), (40 bytes).
    Removing os_systick.o(.ARM.exidx.text.OS_Tick_Disable), (8 bytes).
    Removing os_systick.o(.ARM.exidx.text.OS_Tick_AcknowledgeIRQ), (8 bytes).
    Removing os_systick.o(.text.OS_Tick_GetIRQn), (6 bytes).
    Removing os_systick.o(.ARM.exidx.text.OS_Tick_GetIRQn), (8 bytes).
    Removing os_systick.o(.text.OS_Tick_GetClock), (12 bytes).
    Removing os_systick.o(.ARM.exidx.text.OS_Tick_GetClock), (8 bytes).
    Removing os_systick.o(.text.OS_Tick_GetInterval), (12 bytes).
    Removing os_systick.o(.ARM.exidx.text.OS_Tick_GetInterval), (8 bytes).
    Removing os_systick.o(.text.OS_Tick_GetCount), (16 bytes).
    Removing os_systick.o(.ARM.exidx.text.OS_Tick_GetCount), (8 bytes).
    Removing os_systick.o(.text.OS_Tick_GetOverflow), (16 bytes).
    Removing os_systick.o(.ARM.exidx.text.OS_Tick_GetOverflow), (8 bytes).
    Removing os_systick.o(.bss.PendST), (1 bytes).
    Removing rtx_msgqueue.o(.text), (0 bytes).
    Removing rtx_msgqueue.o(.text.osMessageQueueNew), (36 bytes).
    Removing rtx_msgqueue.o(.ARM.exidx.text.osMessageQueueNew), (8 bytes).
    Removing rtx_msgqueue.o(.text.osMessageQueueGetName), (36 bytes).
    Removing rtx_msgqueue.o(.ARM.exidx.text.osMessageQueueGetName), (8 bytes).
    Removing rtx_msgqueue.o(.text.osMessageQueuePut), (120 bytes).
    Removing rtx_msgqueue.o(.ARM.exidx.text.osMessageQueuePut), (8 bytes).
    Removing rtx_msgqueue.o(.text.osMessageQueueGet), (116 bytes).
    Removing rtx_msgqueue.o(.ARM.exidx.text.osMessageQueueGet), (8 bytes).
    Removing rtx_msgqueue.o(.text.osMessageQueueGetCapacity), (48 bytes).
    Removing rtx_msgqueue.o(.ARM.exidx.text.osMessageQueueGetCapacity), (8 bytes).
    Removing rtx_msgqueue.o(.text.svcRtxMessageQueueGetCapacity), (18 bytes).
    Removing rtx_msgqueue.o(.ARM.exidx.text.svcRtxMessageQueueGetCapacity), (8 bytes).
    Removing rtx_msgqueue.o(.text.osMessageQueueGetMsgSize), (48 bytes).
    Removing rtx_msgqueue.o(.ARM.exidx.text.osMessageQueueGetMsgSize), (8 bytes).
    Removing rtx_msgqueue.o(.text.svcRtxMessageQueueGetMsgSize), (18 bytes).
    Removing rtx_msgqueue.o(.ARM.exidx.text.svcRtxMessageQueueGetMsgSize), (8 bytes).
    Removing rtx_msgqueue.o(.text.osMessageQueueGetCount), (48 bytes).
    Removing rtx_msgqueue.o(.ARM.exidx.text.osMessageQueueGetCount), (8 bytes).
    Removing rtx_msgqueue.o(.text.svcRtxMessageQueueGetCount), (18 bytes).
    Removing rtx_msgqueue.o(.ARM.exidx.text.svcRtxMessageQueueGetCount), (8 bytes).
    Removing rtx_msgqueue.o(.text.osMessageQueueGetSpace), (36 bytes).
    Removing rtx_msgqueue.o(.ARM.exidx.text.osMessageQueueGetSpace), (8 bytes).
    Removing rtx_msgqueue.o(.text.svcRtxMessageQueueGetSpace), (22 bytes).
    Removing rtx_msgqueue.o(.ARM.exidx.text.svcRtxMessageQueueGetSpace), (8 bytes).
    Removing rtx_msgqueue.o(.text.osMessageQueueReset), (40 bytes).
    Removing rtx_msgqueue.o(.ARM.exidx.text.osMessageQueueReset), (8 bytes).
    Removing rtx_msgqueue.o(.text.osMessageQueueDelete), (40 bytes).
    Removing rtx_msgqueue.o(.ARM.exidx.text.osMessageQueueDelete), (8 bytes).
    Removing rtx_msgqueue.o(.text.svcRtxMessageQueueNew), (484 bytes).
    Removing rtx_msgqueue.o(.ARM.exidx.text.svcRtxMessageQueueNew), (8 bytes).
    Removing rtx_msgqueue.o(.text.osRtxMessageQueuePostProcess), (188 bytes).
    Removing rtx_msgqueue.o(.ARM.exidx.text.osRtxMessageQueuePostProcess), (8 bytes).
    Removing rtx_msgqueue.o(.text.MessageQueueRemove), (30 bytes).
    Removing rtx_msgqueue.o(.ARM.exidx.text.MessageQueueRemove), (8 bytes).
    Removing rtx_msgqueue.o(.text.MessageQueuePut), (98 bytes).
    Removing rtx_msgqueue.o(.ARM.exidx.text.MessageQueuePut), (8 bytes).
    Removing rtx_msgqueue.o(.text.svcRtxMessageQueueGetName), (18 bytes).
    Removing rtx_msgqueue.o(.ARM.exidx.text.svcRtxMessageQueueGetName), (8 bytes).
    Removing rtx_msgqueue.o(.text.svcRtxMessageQueuePut), (188 bytes).
    Removing rtx_msgqueue.o(.ARM.exidx.text.svcRtxMessageQueuePut), (8 bytes).
    Removing rtx_msgqueue.o(.text.MessageQueueGet), (76 bytes).
    Removing rtx_msgqueue.o(.ARM.exidx.text.MessageQueueGet), (8 bytes).
    Removing rtx_msgqueue.o(.text.svcRtxMessageQueueGet), (232 bytes).
    Removing rtx_msgqueue.o(.ARM.exidx.text.svcRtxMessageQueueGet), (8 bytes).
    Removing rtx_msgqueue.o(.text.svcRtxMessageQueueReset), (162 bytes).
    Removing rtx_msgqueue.o(.ARM.exidx.text.svcRtxMessageQueueReset), (8 bytes).
    Removing rtx_msgqueue.o(.text.svcRtxMessageQueueDelete), (112 bytes).
    Removing rtx_msgqueue.o(.ARM.exidx.text.svcRtxMessageQueueDelete), (8 bytes).

352 unused section(s) (total 10504 bytes) removed from the image.

==============================================================================

Image Symbol Table

    Local Symbols

    Symbol Name                              Value     Ov Type        Size  Object(Section)

    RESET                                    0x00000000   Section      192  startup_mkl25z4.o(RESET)
    ../clib/../cmprslib/zerorunl.c           0x00000000   Number         0  __dczerorl.o ABSOLUTE
    ../clib/microlib/division.c              0x00000000   Number         0  uidiv.o ABSOLUTE
    ../clib/microlib/init/entry.s            0x00000000   Number         0  entry9a.o ABSOLUTE
    ../clib/microlib/init/entry.s            0x00000000   Number         0  entry11a.o ABSOLUTE
    ../clib/microlib/init/entry.s            0x00000000   Number         0  entry10b.o ABSOLUTE
    ../clib/microlib/init/entry.s            0x00000000   Number         0  entry2.o ABSOLUTE
    ../clib/microlib/init/entry.s            0x00000000   Number         0  entry8a.o ABSOLUTE
    ../clib/microlib/init/entry.s            0x00000000   Number         0  entry10a.o ABSOLUTE
    ../clib/microlib/init/entry.s            0x00000000   Number         0  entry9b.o ABSOLUTE
    ../clib/microlib/init/entry.s            0x00000000   Number         0  entry11b.o ABSOLUTE
    ../clib/microlib/init/entry.s            0x00000000   Number         0  entry.o ABSOLUTE
    ../clib/microlib/init/entry.s            0x00000000   Number         0  entry8b.o ABSOLUTE
    ../clib/microlib/init/entry.s            0x00000000   Number         0  entry7b.o ABSOLUTE
    ../clib/microlib/init/entry.s            0x00000000   Number         0  entry7a.o ABSOLUTE
    ../clib/microlib/init/entry.s            0x00000000   Number         0  entry5.o ABSOLUTE
    ../clib/microlib/string/memcpy.c         0x00000000   Number         0  memcpya.o ABSOLUTE
    ../clib/microlib/string/memcpy.c         0x00000000   Number         0  memcpyb.o ABSOLUTE
    ../clib/microlib/string/memset.c         0x00000000   Number         0  memseta.o ABSOLUTE
    ..\..\..\Source\ARM\irq_cm0.s            0x00000000   Number         0  irq_cm0.o ABSOLUTE
    C:\Users\wilso\AppData\Local\Arm\Packs\ARM\CMSIS\5.6.0\CMSIS\RTOS2\RTX\Source\rtx_lib.c 0x00000000   Number         0  rtx_lib.o ABSOLUTE
    C:\\Users\\wilso\\AppData\\Local\\Arm\\Packs\\ARM\\CMSIS\\5.6.0\\CMSIS\\RTOS2\\RTX\\Source\\rtx_lib.c 0x00000000   Number         0  rtx_lib.o ABSOLUTE
    RTE\CMSIS\RTX_Config.c                   0x00000000   Number         0  rtx_config.o ABSOLUTE
    RTE\Device\MKL25Z128xxx4\startup_MKL25Z4.s 0x00000000   Number         0  startup_mkl25z4.o ABSOLUTE
    RTE\Device\MKL25Z128xxx4\system_MKL25Z4.c 0x00000000   Number         0  system_mkl25z4.o ABSOLUTE
    RTE\\CMSIS\\RTX_Config.c                 0x00000000   Number         0  rtx_config.o ABSOLUTE
    RTE\\Device\\MKL25Z128xxx4\\system_MKL25Z4.c 0x00000000   Number         0  system_mkl25z4.o ABSOLUTE
    UART.c                                   0x00000000   Number         0  uart.o ABSOLUTE
    UART.c                                   0x00000000   Number         0  uart.o ABSOLUTE
    dc.s                                     0x00000000   Number         0  dc.o ABSOLUTE
    handlers.s                               0x00000000   Number         0  handlers.o ABSOLUTE
    init.s                                   0x00000000   Number         0  init.o ABSOLUTE
    main.c                                   0x00000000   Number         0  main.o ABSOLUTE
    main.c                                   0x00000000   Number         0  main.o ABSOLUTE
    os_systick.c                             0x00000000   Number         0  os_systick.o ABSOLUTE
    rtx_kernel.c                             0x00000000   Number         0  rtx_kernel.o ABSOLUTE
    rtx_memory.c                             0x00000000   Number         0  rtx_memory.o ABSOLUTE
    rtx_mempool.c                            0x00000000   Number         0  rtx_mempool.o ABSOLUTE
    rtx_msgqueue.c                           0x00000000   Number         0  rtx_msgqueue.o ABSOLUTE
    rtx_mutex.c                              0x00000000   Number         0  rtx_mutex.o ABSOLUTE
    rtx_system.c                             0x00000000   Number         0  rtx_system.o ABSOLUTE
    rtx_thread.c                             0x00000000   Number         0  rtx_thread.o ABSOLUTE
    rtx_timer.c                              0x00000000   Number         0  rtx_timer.o ABSOLUTE
    .ARM.Collect$$$$00000000                 0x000000c0   Section        0  entry.o(.ARM.Collect$$$$00000000)
    .ARM.Collect$$$$00000001                 0x000000c0   Section        4  entry2.o(.ARM.Collect$$$$00000001)
    .ARM.Collect$$$$00000004                 0x000000c4   Section        4  entry5.o(.ARM.Collect$$$$00000004)
    .ARM.Collect$$$$00000008                 0x000000c8   Section        0  entry7b.o(.ARM.Collect$$$$00000008)
    .ARM.Collect$$$$0000000A                 0x000000c8   Section        0  entry8b.o(.ARM.Collect$$$$0000000A)
    .ARM.Collect$$$$0000000B                 0x000000c8   Section        8  entry9a.o(.ARM.Collect$$$$0000000B)
    .ARM.Collect$$$$0000000D                 0x000000d0   Section        0  entry10a.o(.ARM.Collect$$$$0000000D)
    .ARM.Collect$$$$0000000F                 0x000000d0   Section        0  entry11a.o(.ARM.Collect$$$$0000000F)
    .ARM.Collect$$$$00002712                 0x000000d0   Section        4  entry2.o(.ARM.Collect$$$$00002712)
    __lit__00000000                          0x000000d0   Data           4  entry2.o(.ARM.Collect$$$$00002712)
    .text                                    0x000000d4   Section       40  startup_mkl25z4.o(.text)
    .text                                    0x000000fc   Section      164  irq_cm0.o(.text)
    .text                                    0x000001a0   Section        0  uidiv.o(.text)
    .text                                    0x000001cc   Section        0  memseta.o(.text)
    .text                                    0x000001f0   Section       36  init.o(.text)
    .text                                    0x00000214   Section        0  __dczerorl.o(.text)
    [Anonymous Symbol]                       0x00000250   Section        0  os_systick.o(.text.OS_Tick_AcknowledgeIRQ)
    __arm_cp.3_0                             0x00000258   Number         4  os_systick.o(.text.OS_Tick_AcknowledgeIRQ)
    [Anonymous Symbol]                       0x0000025c   Section        0  rtx_thread.o(.text.ThreadFlagsCheck)
    ThreadFlagsCheck                         0x0000025d   Thumb Code    78  rtx_thread.o(.text.ThreadFlagsCheck)
    [Anonymous Symbol]                       0x000002ac   Section        0  rtx_kernel.o(.text.osKernelInitialize)
    __arm_cp.1_0                             0x000002d0   Number         4  rtx_kernel.o(.text.osKernelInitialize)
    [Anonymous Symbol]                       0x000002d4   Section        0  rtx_kernel.o(.text.osRtxKernelPreInit)
    [Anonymous Symbol]                       0x000002d6   Section        0  rtx_memory.o(.text.osRtxMemoryAlloc)
    [Anonymous Symbol]                       0x00000352   Section        0  rtx_memory.o(.text.osRtxMemoryFree)
    [Anonymous Symbol]                       0x000003a0   Section        0  rtx_memory.o(.text.osRtxMemoryInit)
    [Anonymous Symbol]                       0x000003d2   Section        0  rtx_mempool.o(.text.osRtxMemoryPoolAlloc)
    .ARM.__at_0x400                          0x00000400   Section       16  startup_mkl25z4.o(.ARM.__at_0x400)
    [Anonymous Symbol]                       0x00000410   Section        0  rtx_mempool.o(.text.osRtxMemoryPoolFree)
    [Anonymous Symbol]                       0x0000044a   Section        0  rtx_mempool.o(.text.osRtxMemoryPoolInit)
    [Anonymous Symbol]                       0x00000488   Section        0  rtx_mutex.o(.text.osRtxMutexOwnerRelease)
    [Anonymous Symbol]                       0x000004cc   Section        0  rtx_system.o(.text.osRtxPendSV_Handler)
    __arm_cp.1_0                             0x00000548   Number         4  rtx_system.o(.text.osRtxPendSV_Handler)
    [Anonymous Symbol]                       0x0000054c   Section        0  rtx_thread.o(.text.osRtxThreadBlock)
    osRtxThreadBlock                         0x0000054d   Thumb Code    56  rtx_thread.o(.text.osRtxThreadBlock)
    __arm_cp.10_0                            0x00000580   Number         4  rtx_thread.o(.text.osRtxThreadBlock)
    [Anonymous Symbol]                       0x00000584   Section        0  rtx_thread.o(.text.osRtxThreadDelayRemove)
    osRtxThreadDelayRemove                   0x00000585   Thumb Code    68  rtx_thread.o(.text.osRtxThreadDelayRemove)
    __arm_cp.12_0                            0x000005c4   Number         4  rtx_thread.o(.text.osRtxThreadDelayRemove)
    [Anonymous Symbol]                       0x000005c8   Section        0  rtx_thread.o(.text.osRtxThreadDelayTick)
    __arm_cp.5_0                             0x000005fc   Number         4  rtx_thread.o(.text.osRtxThreadDelayTick)
    [Anonymous Symbol]                       0x00000600   Section        0  rtx_thread.o(.text.osRtxThreadDispatch)
    __arm_cp.9_0                             0x0000064c   Number         4  rtx_thread.o(.text.osRtxThreadDispatch)
    [Anonymous Symbol]                       0x00000650   Section        0  rtx_thread.o(.text.osRtxThreadFree)
    osRtxThreadFree                          0x00000651   Thumb Code    84  rtx_thread.o(.text.osRtxThreadFree)
    __arm_cp.52_0                            0x000006a0   Number         4  rtx_thread.o(.text.osRtxThreadFree)
    [Anonymous Symbol]                       0x000006a4   Section        0  rtx_thread.o(.text.osRtxThreadListGet)
    [Anonymous Symbol]                       0x000006b8   Section        0  rtx_thread.o(.text.osRtxThreadListPut)
    [Anonymous Symbol]                       0x000006e4   Section        0  rtx_thread.o(.text.osRtxThreadListRemove)
    [Anonymous Symbol]                       0x000006fc   Section        0  rtx_thread.o(.text.osRtxThreadPostProcess)
    osRtxThreadPostProcess                   0x000006fd   Thumb Code    38  rtx_thread.o(.text.osRtxThreadPostProcess)
    [Anonymous Symbol]                       0x00000724   Section        0  rtx_thread.o(.text.osRtxThreadReadyPut)
    __arm_cp.4_0                             0x00000738   Number         4  rtx_thread.o(.text.osRtxThreadReadyPut)
    [Anonymous Symbol]                       0x0000073c   Section        0  rtx_thread.o(.text.osRtxThreadStackCheck)
    __arm_cp.8_0                             0x00000760   Number         4  rtx_thread.o(.text.osRtxThreadStackCheck)
    __arm_cp.8_1                             0x00000764   Number         4  rtx_thread.o(.text.osRtxThreadStackCheck)
    [Anonymous Symbol]                       0x00000768   Section        0  rtx_thread.o(.text.osRtxThreadSwitch)
    __arm_cp.7_0                             0x00000778   Number         4  rtx_thread.o(.text.osRtxThreadSwitch)
    [Anonymous Symbol]                       0x0000077c   Section        0  rtx_thread.o(.text.osRtxThreadWaitExit)
    [Anonymous Symbol]                       0x000007a0   Section        0  rtx_system.o(.text.osRtxTick_Handler)
    __arm_cp.0_0                             0x00000810   Number         4  rtx_system.o(.text.osRtxTick_Handler)
    [Anonymous Symbol]                       0x00000814   Section        0  rtx_thread.o(.text.osThreadExit)
    __arm_cp.31_0                            0x0000081c   Number         4  rtx_thread.o(.text.osThreadExit)
    [Anonymous Symbol]                       0x00000820   Section        0  rtx_thread.o(.text.osThreadNew)
    __arm_cp.17_0                            0x00000840   Number         4  rtx_thread.o(.text.osThreadNew)
    [Anonymous Symbol]                       0x00000844   Section        0  rtx_kernel.o(.text.svcRtxKernelInitialize)
    svcRtxKernelInitialize                   0x00000845   Thumb Code   328  rtx_kernel.o(.text.svcRtxKernelInitialize)
    __arm_cp.20_0                            0x00000980   Number         4  rtx_kernel.o(.text.svcRtxKernelInitialize)
    __arm_cp.20_1                            0x00000984   Number         4  rtx_kernel.o(.text.svcRtxKernelInitialize)
    __arm_cp.20_2                            0x00000988   Number         4  rtx_kernel.o(.text.svcRtxKernelInitialize)
    [Anonymous Symbol]                       0x0000098c   Section        0  rtx_thread.o(.text.svcRtxThreadExit)
    svcRtxThreadExit                         0x0000098d   Thumb Code   108  rtx_thread.o(.text.svcRtxThreadExit)
    __arm_cp.54_0                            0x000009f4   Number         4  rtx_thread.o(.text.svcRtxThreadExit)
    [Anonymous Symbol]                       0x000009f8   Section        0  rtx_thread.o(.text.svcRtxThreadNew)
    svcRtxThreadNew                          0x000009f9   Thumb Code   492  rtx_thread.o(.text.svcRtxThreadNew)
    __arm_cp.16_0                            0x00000bcc   Number         4  rtx_thread.o(.text.svcRtxThreadNew)
    __arm_cp.16_1                            0x00000bd0   Number         4  rtx_thread.o(.text.svcRtxThreadNew)
    __arm_cp.16_2                            0x00000bd4   Number         4  rtx_thread.o(.text.svcRtxThreadNew)
    __arm_cp.16_3                            0x00000bd8   Number         4  rtx_thread.o(.text.svcRtxThreadNew)
    __arm_cp.16_4                            0x00000bdc   Number         4  rtx_thread.o(.text.svcRtxThreadNew)
    __arm_cp.16_5                            0x00000be0   Number         4  rtx_thread.o(.text.svcRtxThreadNew)
    i.InitGPIO                               0x00000be4   Section        0  uart.o(i.InitGPIO)
    i.Led_control_Off                        0x00000c90   Section        0  uart.o(i.Led_control_Off)
    i.Led_control_On                         0x00000cbc   Section        0  uart.o(i.Led_control_On)
    i.SystemCoreClockUpdate                  0x00000ce8   Section        0  system_mkl25z4.o(i.SystemCoreClockUpdate)
    i.SystemInit                             0x00000e78   Section        0  system_mkl25z4.o(i.SystemInit)
    i.UART2_IRQHandler                       0x00000e84   Section        0  uart.o(i.UART2_IRQHandler)
    i.__ARM_common_switch8                   0x00000eb8   Section        0  rtx_config.o(i.__ARM_common_switch8)
    i.__NVIC_ClearPendingIRQ                 0x00000ed4   Section        0  uart.o(i.__NVIC_ClearPendingIRQ)
    __NVIC_ClearPendingIRQ                   0x00000ed5   Thumb Code    18  uart.o(i.__NVIC_ClearPendingIRQ)
    i.__NVIC_SetPriority                     0x00000eec   Section        0  uart.o(i.__NVIC_SetPriority)
    __NVIC_SetPriority                       0x00000eed   Thumb Code   110  uart.o(i.__NVIC_SetPriority)
    i.__scatterload_copy                     0x00000f64   Section       14  handlers.o(i.__scatterload_copy)
    i.__scatterload_null                     0x00000f72   Section        2  handlers.o(i.__scatterload_null)
    i.__scatterload_zeroinit                 0x00000f74   Section       14  handlers.o(i.__scatterload_zeroinit)
    i.app_main                               0x00000f82   Section        0  main.o(i.app_main)
    i.initUART2                              0x00000f88   Section        0  uart.o(i.initUART2)
    i.main                                   0x0000106c   Section        0  main.o(i.main)
    i.osRtxErrorNotify                       0x000010f8   Section        0  rtx_config.o(i.osRtxErrorNotify)
    .constdata                               0x00001118   Section      100  rtx_lib.o(.constdata)
    os_idle_thread_attr                      0x00001118   Data          36  rtx_lib.o(.constdata)
    os_timer_thread_attr                     0x0000113c   Data          36  rtx_lib.o(.constdata)
    os_timer_mq_attr                         0x00001160   Data          24  rtx_lib.o(.constdata)
    .rodata                                  0x0000117c   Section      160  rtx_lib.o(.rodata)
    __tagsym$$used                           0x0000117c   Number         0  rtx_lib.o(.rodata)
    __tagsym$$used                           0x000011e4   Number         0  rtx_lib.o(.rodata)
    [Anonymous Symbol]                       0x0000121c   Section        0  rtx_kernel.o(.rodata.str1.4)
    .L.str                                   0x0000121c   Data          11  rtx_kernel.o(.rodata.str1.4)
    .bss.os                                  0x1ffff000   Section     4160  rtx_lib.o(.bss.os)
    os_mem                                   0x1ffff000   Data        4096  rtx_lib.o(.bss.os)
    os_isr_queue                             0x20000000   Data          64  rtx_lib.o(.bss.os)
    .bss.os.msgqueue.cb                      0x20000040   Section       52  rtx_lib.o(.bss.os.msgqueue.cb)
    os_timer_mq_cb                           0x20000040   Data          52  rtx_lib.o(.bss.os.msgqueue.cb)
    .bss.os.msgqueue.mem                     0x20000074   Section       80  rtx_lib.o(.bss.os.msgqueue.mem)
    os_timer_mq_data                         0x20000074   Data          80  rtx_lib.o(.bss.os.msgqueue.mem)
    .bss.os.thread.cb                        0x200000c4   Section      136  rtx_lib.o(.bss.os.thread.cb)
    os_idle_thread_cb                        0x200000c4   Data          68  rtx_lib.o(.bss.os.thread.cb)
    os_timer_thread_cb                       0x20000108   Data          68  rtx_lib.o(.bss.os.thread.cb)
    .bss.os.thread.stack                     0x20000150   Section      512  rtx_lib.o(.bss.os.thread.stack)
    os_idle_thread_stack                     0x20000150   Data         256  rtx_lib.o(.bss.os.thread.stack)
    os_timer_thread_stack                    0x20000250   Data         256  rtx_lib.o(.bss.os.thread.stack)
    .data                                    0x20000350   Section        1  uart.o(.data)
    .data                                    0x20000354   Section        4  system_mkl25z4.o(.data)
    STACK                                    0x20000400   Section      256  startup_mkl25z4.o(STACK)

    Global Symbols

    Symbol Name                              Value     Ov Type        Size  Object(Section)

    BuildAttributes$$THM_ISAv3M$S$PE$A:L22$X:L11$S22$IEEE1$IW$~IW$USESV6$~STKCKD$USESV7$~SHL$OSPACE$EBA8$MICROLIB$REQ8$PRES8$EABIv2 0x00000000   Number         0  anon$$obj.o ABSOLUTE
    __ARM_use_no_argv                        0x00000000   Number         0  main.o ABSOLUTE
    __Vectors                                0x00000000   Data           4  startup_mkl25z4.o(RESET)
    .bss.os.evflags.cb$$Base                  - Undefined Weak Reference
    .bss.os.evflags.cb$$Limit                 - Undefined Weak Reference
    .bss.os.mempool.cb$$Base                  - Undefined Weak Reference
    .bss.os.mempool.cb$$Limit                 - Undefined Weak Reference
    .bss.os.mutex.cb$$Base                    - Undefined Weak Reference
    .bss.os.mutex.cb$$Limit                   - Undefined Weak Reference
    .bss.os.semaphore.cb$$Base                - Undefined Weak Reference
    .bss.os.semaphore.cb$$Limit               - Undefined Weak Reference
    .bss.os.timer.cb$$Base                    - Undefined Weak Reference
    .bss.os.timer.cb$$Limit                   - Undefined Weak Reference
    __cpp_initialize__aeabi_                  - Undefined Weak Reference
    __cxa_finalize                            - Undefined Weak Reference
    _clock_init                               - Undefined Weak Reference
    _microlib_exit                            - Undefined Weak Reference
    __Vectors_End                            0x000000c0   Data           0  startup_mkl25z4.o(RESET)
    __Vectors_Size                           0x000000c0   Number         0  startup_mkl25z4.o ABSOLUTE
    __main                                   0x000000c1   Thumb Code     0  entry.o(.ARM.Collect$$$$00000000)
    _main_stk                                0x000000c1   Thumb Code     0  entry2.o(.ARM.Collect$$$$00000001)
    _main_scatterload                        0x000000c5   Thumb Code     0  entry5.o(.ARM.Collect$$$$00000004)
    __main_after_scatterload                 0x000000c9   Thumb Code     0  entry5.o(.ARM.Collect$$$$00000004)
    _main_clock                              0x000000c9   Thumb Code     0  entry7b.o(.ARM.Collect$$$$00000008)
    _main_cpp_init                           0x000000c9   Thumb Code     0  entry8b.o(.ARM.Collect$$$$0000000A)
    _main_init                               0x000000c9   Thumb Code     0  entry9a.o(.ARM.Collect$$$$0000000B)
    __rt_final_cpp                           0x000000d1   Thumb Code     0  entry10a.o(.ARM.Collect$$$$0000000D)
    __rt_final_exit                          0x000000d1   Thumb Code     0  entry11a.o(.ARM.Collect$$$$0000000F)
    Reset_Handler                            0x000000d5   Thumb Code    12  startup_mkl25z4.o(.text)
    NMI_Handler                              0x000000e1   Thumb Code     2  startup_mkl25z4.o(.text)
    HardFault_Handler                        0x000000e3   Thumb Code     2  startup_mkl25z4.o(.text)
    ADC0_IRQHandler                          0x000000eb   Thumb Code     0  startup_mkl25z4.o(.text)
    CMP0_IRQHandler                          0x000000eb   Thumb Code     0  startup_mkl25z4.o(.text)
    DAC0_IRQHandler                          0x000000eb   Thumb Code     0  startup_mkl25z4.o(.text)
    DMA0_IRQHandler                          0x000000eb   Thumb Code     0  startup_mkl25z4.o(.text)
    DMA1_IRQHandler                          0x000000eb   Thumb Code     0  startup_mkl25z4.o(.text)
    DMA2_IRQHandler                          0x000000eb   Thumb Code     0  startup_mkl25z4.o(.text)
    DMA3_IRQHandler                          0x000000eb   Thumb Code     0  startup_mkl25z4.o(.text)
    DefaultISR                               0x000000eb   Thumb Code     0  startup_mkl25z4.o(.text)
    FTFA_IRQHandler                          0x000000eb   Thumb Code     0  startup_mkl25z4.o(.text)
    I2C0_IRQHandler                          0x000000eb   Thumb Code     0  startup_mkl25z4.o(.text)
    I2C1_IRQHandler                          0x000000eb   Thumb Code     0  startup_mkl25z4.o(.text)
    LLWU_IRQHandler                          0x000000eb   Thumb Code     0  startup_mkl25z4.o(.text)
    LPTMR0_IRQHandler                        0x000000eb   Thumb Code     0  startup_mkl25z4.o(.text)
    LVD_LVW_IRQHandler                       0x000000eb   Thumb Code     0  startup_mkl25z4.o(.text)
    MCG_IRQHandler                           0x000000eb   Thumb Code     0  startup_mkl25z4.o(.text)
    PIT_IRQHandler                           0x000000eb   Thumb Code     0  startup_mkl25z4.o(.text)
    PORTA_IRQHandler                         0x000000eb   Thumb Code     0  startup_mkl25z4.o(.text)
    PORTD_IRQHandler                         0x000000eb   Thumb Code     0  startup_mkl25z4.o(.text)
    RTC_IRQHandler                           0x000000eb   Thumb Code     0  startup_mkl25z4.o(.text)
    RTC_Seconds_IRQHandler                   0x000000eb   Thumb Code     0  startup_mkl25z4.o(.text)
    Reserved20_IRQHandler                    0x000000eb   Thumb Code     0  startup_mkl25z4.o(.text)
    Reserved39_IRQHandler                    0x000000eb   Thumb Code     0  startup_mkl25z4.o(.text)
    Reserved45_IRQHandler                    0x000000eb   Thumb Code     0  startup_mkl25z4.o(.text)
    SPI0_IRQHandler                          0x000000eb   Thumb Code     0  startup_mkl25z4.o(.text)
    SPI1_IRQHandler                          0x000000eb   Thumb Code     0  startup_mkl25z4.o(.text)
    TPM0_IRQHandler                          0x000000eb   Thumb Code     0  startup_mkl25z4.o(.text)
    TPM1_IRQHandler                          0x000000eb   Thumb Code     0  startup_mkl25z4.o(.text)
    TPM2_IRQHandler                          0x000000eb   Thumb Code     0  startup_mkl25z4.o(.text)
    TSI0_IRQHandler                          0x000000eb   Thumb Code     0  startup_mkl25z4.o(.text)
    UART0_IRQHandler                         0x000000eb   Thumb Code     0  startup_mkl25z4.o(.text)
    UART1_IRQHandler                         0x000000eb   Thumb Code     0  startup_mkl25z4.o(.text)
    USB0_IRQHandler                          0x000000eb   Thumb Code     0  startup_mkl25z4.o(.text)
    SVC_Handler                              0x000000fd   Thumb Code   132  irq_cm0.o(.text)
    PendSV_Handler                           0x00000181   Thumb Code    12  irq_cm0.o(.text)
    SysTick_Handler                          0x0000018d   Thumb Code    12  irq_cm0.o(.text)
    __aeabi_uidiv                            0x000001a1   Thumb Code     0  uidiv.o(.text)
    __aeabi_uidivmod                         0x000001a1   Thumb Code    44  uidiv.o(.text)
    __aeabi_memset                           0x000001cd   Thumb Code    14  memseta.o(.text)
    __aeabi_memset4                          0x000001cd   Thumb Code     0  memseta.o(.text)
    __aeabi_memset8                          0x000001cd   Thumb Code     0  memseta.o(.text)
    __aeabi_memclr                           0x000001db   Thumb Code     4  memseta.o(.text)
    __aeabi_memclr4                          0x000001db   Thumb Code     0  memseta.o(.text)
    __aeabi_memclr8                          0x000001db   Thumb Code     0  memseta.o(.text)
    _memset$wrapper                          0x000001df   Thumb Code    18  memseta.o(.text)
    __scatterload                            0x000001f1   Thumb Code    28  init.o(.text)
    __scatterload_rt2                        0x000001f1   Thumb Code     0  init.o(.text)
    __decompress                             0x00000215   Thumb Code     0  __dczerorl.o(.text)
    __decompress0                            0x00000215   Thumb Code    58  __dczerorl.o(.text)
    OS_Tick_AcknowledgeIRQ                   0x00000251   Thumb Code    12  os_systick.o(.text.OS_Tick_AcknowledgeIRQ)
    osKernelInitialize                       0x000002ad   Thumb Code    40  rtx_kernel.o(.text.osKernelInitialize)
    osRtxKernelPreInit                       0x000002d5   Thumb Code     2  rtx_kernel.o(.text.osRtxKernelPreInit)
    osRtxMemoryAlloc                         0x000002d7   Thumb Code   124  rtx_memory.o(.text.osRtxMemoryAlloc)
    osRtxMemoryFree                          0x00000353   Thumb Code    78  rtx_memory.o(.text.osRtxMemoryFree)
    osRtxMemoryInit                          0x000003a1   Thumb Code    50  rtx_memory.o(.text.osRtxMemoryInit)
    osRtxMemoryPoolAlloc                     0x000003d3   Thumb Code    46  rtx_mempool.o(.text.osRtxMemoryPoolAlloc)
    osRtxMemoryPoolFree                      0x00000411   Thumb Code    58  rtx_mempool.o(.text.osRtxMemoryPoolFree)
    osRtxMemoryPoolInit                      0x0000044b   Thumb Code    62  rtx_mempool.o(.text.osRtxMemoryPoolInit)
    osRtxMutexOwnerRelease                   0x00000489   Thumb Code    68  rtx_mutex.o(.text.osRtxMutexOwnerRelease)
    osRtxPendSV_Handler                      0x000004cd   Thumb Code   128  rtx_system.o(.text.osRtxPendSV_Handler)
    osRtxThreadDelayTick                     0x000005c9   Thumb Code    56  rtx_thread.o(.text.osRtxThreadDelayTick)
    osRtxThreadDispatch                      0x00000601   Thumb Code    80  rtx_thread.o(.text.osRtxThreadDispatch)
    osRtxThreadListGet                       0x000006a5   Thumb Code    20  rtx_thread.o(.text.osRtxThreadListGet)
    osRtxThreadListPut                       0x000006b9   Thumb Code    44  rtx_thread.o(.text.osRtxThreadListPut)
    osRtxThreadListRemove                    0x000006e5   Thumb Code    24  rtx_thread.o(.text.osRtxThreadListRemove)
    osRtxThreadReadyPut                      0x00000725   Thumb Code    24  rtx_thread.o(.text.osRtxThreadReadyPut)
    osRtxThreadStackCheck                    0x0000073d   Thumb Code    44  rtx_thread.o(.text.osRtxThreadStackCheck)
    osRtxThreadSwitch                        0x00000769   Thumb Code    20  rtx_thread.o(.text.osRtxThreadSwitch)
    osRtxThreadWaitExit                      0x0000077d   Thumb Code    34  rtx_thread.o(.text.osRtxThreadWaitExit)
    osRtxTick_Handler                        0x000007a1   Thumb Code   116  rtx_system.o(.text.osRtxTick_Handler)
    osThreadExit                             0x00000815   Thumb Code    12  rtx_thread.o(.text.osThreadExit)
    osThreadNew                              0x00000821   Thumb Code    36  rtx_thread.o(.text.osThreadNew)
    InitGPIO                                 0x00000be5   Thumb Code   154  uart.o(i.InitGPIO)
    Led_control_Off                          0x00000c91   Thumb Code    40  uart.o(i.Led_control_Off)
    Led_control_On                           0x00000cbd   Thumb Code    40  uart.o(i.Led_control_On)
    SystemCoreClockUpdate                    0x00000ce9   Thumb Code   372  system_mkl25z4.o(i.SystemCoreClockUpdate)
    SystemInit                               0x00000e79   Thumb Code     8  system_mkl25z4.o(i.SystemInit)
    UART2_IRQHandler                         0x00000e85   Thumb Code    42  uart.o(i.UART2_IRQHandler)
    __ARM_common_switch8                     0x00000eb9   Thumb Code    28  rtx_config.o(i.__ARM_common_switch8)
    __scatterload_copy                       0x00000f65   Thumb Code    14  handlers.o(i.__scatterload_copy)
    __scatterload_null                       0x00000f73   Thumb Code     2  handlers.o(i.__scatterload_null)
    __scatterload_zeroinit                   0x00000f75   Thumb Code    14  handlers.o(i.__scatterload_zeroinit)
    app_main                                 0x00000f83   Thumb Code     4  main.o(i.app_main)
    initUART2                                0x00000f89   Thumb Code   210  uart.o(i.initUART2)
    main                                     0x0000106d   Thumb Code   132  main.o(i.main)
    osRtxErrorNotify                         0x000010f9   Thumb Code    32  rtx_config.o(i.osRtxErrorNotify)
    osRtxUserSVC                             0x00001178   Data           4  rtx_lib.o(.constdata)
    osRtxConfig                              0x0000117c   Data         104  rtx_lib.o(.rodata)
    os_cb_sections                           0x000011e4   Data          56  rtx_lib.o(.rodata)
    Region$$Table$$Base                      0x00001228   Number         0  anon$$obj.o(Region$$Table)
    Region$$Table$$Limit                     0x00001248   Number         0  anon$$obj.o(Region$$Table)
    .bss.os.msgqueue.cb$$Base                0x20000040   Number         0  rtx_lib.o(.bss.os.msgqueue.cb)
    .bss.os.msgqueue.cb$$Limit               0x20000074   Number         0  rtx_lib.o(.bss.os.msgqueue.cb)
    .bss.os.thread.cb$$Base                  0x200000c4   Number         0  rtx_lib.o(.bss.os.thread.cb)
    .bss.os.thread.cb$$Limit                 0x2000014c   Number         0  rtx_lib.o(.bss.os.thread.cb)
    led_control                              0x20000350   Data           1  uart.o(.data)
    SystemCoreClock                          0x20000354   Data           4  system_mkl25z4.o(.data)
    osRtxInfo                                0x20000358   Data         164  rtx_kernel.o(.data.os)
    __initial_sp                             0x20000500   Data           0  startup_mkl25z4.o(STACK)



==============================================================================

Memory Map of the image

  Image Entry point : 0x000000d5

  Load Region LR_1 (Base: 0x00000000, Size: 0x00002644, Max: 0xffffffff, ABSOLUTE, COMPRESSED[0x0000127c])

    Execution Region ER_RO (Exec base: 0x00000000, Load base: 0x00000000, Size: 0x00001248, Max: 0xffffffff, ABSOLUTE)

    Exec Addr    Load Addr    Size         Type   Attr      Idx    E Section Name        Object

    0x00000000   0x00000000   0x000000c0   Data   RO          204    RESET               startup_mkl25z4.o
    0x000000c0   0x000000c0   0x00000000   Code   RO          691  * .ARM.Collect$$$$00000000  mc_p.l(entry.o)
    0x000000c0   0x000000c0   0x00000004   Code   RO          702    .ARM.Collect$$$$00000001  mc_p.l(entry2.o)
    0x000000c4   0x000000c4   0x00000004   Code   RO          705    .ARM.Collect$$$$00000004  mc_p.l(entry5.o)
    0x000000c8   0x000000c8   0x00000000   Code   RO          707    .ARM.Collect$$$$00000008  mc_p.l(entry7b.o)
    0x000000c8   0x000000c8   0x00000000   Code   RO          709    .ARM.Collect$$$$0000000A  mc_p.l(entry8b.o)
    0x000000c8   0x000000c8   0x00000008   Code   RO          710    .ARM.Collect$$$$0000000B  mc_p.l(entry9a.o)
    0x000000d0   0x000000d0   0x00000000   Code   RO          712    .ARM.Collect$$$$0000000D  mc_p.l(entry10a.o)
    0x000000d0   0x000000d0   0x00000000   Code   RO          714    .ARM.Collect$$$$0000000F  mc_p.l(entry11a.o)
    0x000000d0   0x000000d0   0x00000004   Code   RO          703    .ARM.Collect$$$$00002712  mc_p.l(entry2.o)
    0x000000d4   0x000000d4   0x00000028   Code   RO          206  * .text               startup_mkl25z4.o
    0x000000fc   0x000000fc   0x000000a4   Code   RO          443    .text               RTX_CM0.lib(irq_cm0.o)
    0x000001a0   0x000001a0   0x0000002c   Code   RO          694    .text               mc_p.l(uidiv.o)
    0x000001cc   0x000001cc   0x00000024   Code   RO          698    .text               mc_p.l(memseta.o)
    0x000001f0   0x000001f0   0x00000024   Code   RO          716    .text               mc_p.l(init.o)
    0x00000214   0x00000214   0x0000003a   Code   RO          726    .text               mc_p.l(__dczerorl.o)
    0x0000024e   0x0000024e   0x00000002   PAD
    0x00000250   0x00000250   0x0000000c   Code   RO          613    .text.OS_Tick_AcknowledgeIRQ  RTX_CM0.lib(os_systick.o)
    0x0000025c   0x0000025c   0x0000004e   Code   RO          390    .text.ThreadFlagsCheck  RTX_CM0.lib(rtx_thread.o)
    0x000002aa   0x000002aa   0x00000002   PAD
    0x000002ac   0x000002ac   0x00000028   Code   RO          247    .text.osKernelInitialize  RTX_CM0.lib(rtx_kernel.o)
    0x000002d4   0x000002d4   0x00000002   Code   RO          245    .text.osRtxKernelPreInit  RTX_CM0.lib(rtx_kernel.o)
    0x000002d6   0x000002d6   0x0000007c   Code   RO          526    .text.osRtxMemoryAlloc  RTX_CM0.lib(rtx_memory.o)
    0x00000352   0x00000352   0x0000004e   Code   RO          528    .text.osRtxMemoryFree  RTX_CM0.lib(rtx_memory.o)
    0x000003a0   0x000003a0   0x00000032   Code   RO          524    .text.osRtxMemoryInit  RTX_CM0.lib(rtx_memory.o)
    0x000003d2   0x000003d2   0x0000002e   Code   RO          541    .text.osRtxMemoryPoolAlloc  RTX_CM0.lib(rtx_mempool.o)
    0x00000400   0x00000400   0x00000010   Code   RO          205    .ARM.__at_0x400     startup_mkl25z4.o
    0x00000410   0x00000410   0x0000003a   Code   RO          543    .text.osRtxMemoryPoolFree  RTX_CM0.lib(rtx_mempool.o)
    0x0000044a   0x0000044a   0x0000003e   Code   RO          539    .text.osRtxMemoryPoolInit  RTX_CM0.lib(rtx_mempool.o)
    0x00000488   0x00000488   0x00000044   Code   RO          489    .text.osRtxMutexOwnerRelease  RTX_CM0.lib(rtx_mutex.o)
    0x000004cc   0x000004cc   0x00000080   Code   RO          594    .text.osRtxPendSV_Handler  RTX_CM0.lib(rtx_system.o)
    0x0000054c   0x0000054c   0x00000038   Code   RO          330    .text.osRtxThreadBlock  RTX_CM0.lib(rtx_thread.o)
    0x00000584   0x00000584   0x00000044   Code   RO          334    .text.osRtxThreadDelayRemove  RTX_CM0.lib(rtx_thread.o)
    0x000005c8   0x000005c8   0x00000038   Code   RO          320    .text.osRtxThreadDelayTick  RTX_CM0.lib(rtx_thread.o)
    0x00000600   0x00000600   0x00000050   Code   RO          328    .text.osRtxThreadDispatch  RTX_CM0.lib(rtx_thread.o)
    0x00000650   0x00000650   0x00000054   Code   RO          414    .text.osRtxThreadFree  RTX_CM0.lib(rtx_thread.o)
    0x000006a4   0x000006a4   0x00000014   Code   RO          312    .text.osRtxThreadListGet  RTX_CM0.lib(rtx_thread.o)
    0x000006b8   0x000006b8   0x0000002c   Code   RO          310    .text.osRtxThreadListPut  RTX_CM0.lib(rtx_thread.o)
    0x000006e4   0x000006e4   0x00000018   Code   RO          316    .text.osRtxThreadListRemove  RTX_CM0.lib(rtx_thread.o)
    0x000006fc   0x000006fc   0x00000026   Code   RO          388    .text.osRtxThreadPostProcess  RTX_CM0.lib(rtx_thread.o)
    0x00000722   0x00000722   0x00000002   PAD
    0x00000724   0x00000724   0x00000018   Code   RO          318    .text.osRtxThreadReadyPut  RTX_CM0.lib(rtx_thread.o)
    0x0000073c   0x0000073c   0x0000002c   Code   RO          326    .text.osRtxThreadStackCheck  RTX_CM0.lib(rtx_thread.o)
    0x00000768   0x00000768   0x00000014   Code   RO          324    .text.osRtxThreadSwitch  RTX_CM0.lib(rtx_thread.o)
    0x0000077c   0x0000077c   0x00000022   Code   RO          332    .text.osRtxThreadWaitExit  RTX_CM0.lib(rtx_thread.o)
    0x0000079e   0x0000079e   0x00000002   PAD
    0x000007a0   0x000007a0   0x00000074   Code   RO          592    .text.osRtxTick_Handler  RTX_CM0.lib(rtx_system.o)
    0x00000814   0x00000814   0x0000000c   Code   RO          372    .text.osThreadExit  RTX_CM0.lib(rtx_thread.o)
    0x00000820   0x00000820   0x00000024   Code   RO          344    .text.osThreadNew   RTX_CM0.lib(rtx_thread.o)
    0x00000844   0x00000844   0x00000148   Code   RO          285    .text.svcRtxKernelInitialize  RTX_CM0.lib(rtx_kernel.o)
    0x0000098c   0x0000098c   0x0000006c   Code   RO          418    .text.svcRtxThreadExit  RTX_CM0.lib(rtx_thread.o)
    0x000009f8   0x000009f8   0x000001ec   Code   RO          342    .text.svcRtxThreadNew  RTX_CM0.lib(rtx_thread.o)
    0x00000be4   0x00000be4   0x000000ac   Code   RO           67    i.InitGPIO          uart.o
    0x00000c90   0x00000c90   0x0000002c   Code   RO           68    i.Led_control_Off   uart.o
    0x00000cbc   0x00000cbc   0x0000002c   Code   RO           69    i.Led_control_On    uart.o
    0x00000ce8   0x00000ce8   0x00000190   Code   RO          214    i.SystemCoreClockUpdate  system_mkl25z4.o
    0x00000e78   0x00000e78   0x0000000c   Code   RO          215    i.SystemInit        system_mkl25z4.o
    0x00000e84   0x00000e84   0x00000034   Code   RO           70    i.UART2_IRQHandler  uart.o
    0x00000eb8   0x00000eb8   0x0000001c   Code   RO          193    i.__ARM_common_switch8  rtx_config.o
    0x00000ed4   0x00000ed4   0x00000018   Code   RO           71    i.__NVIC_ClearPendingIRQ  uart.o
    0x00000eec   0x00000eec   0x00000078   Code   RO           72    i.__NVIC_SetPriority  uart.o
    0x00000f64   0x00000f64   0x0000000e   Code   RO          720    i.__scatterload_copy  mc_p.l(handlers.o)
    0x00000f72   0x00000f72   0x00000002   Code   RO          721    i.__scatterload_null  mc_p.l(handlers.o)
    0x00000f74   0x00000f74   0x0000000e   Code   RO          722    i.__scatterload_zeroinit  mc_p.l(handlers.o)
    0x00000f82   0x00000f82   0x00000004   Code   RO            3    i.app_main          main.o
    0x00000f86   0x00000f86   0x00000002   PAD
    0x00000f88   0x00000f88   0x000000e4   Code   RO           74    i.initUART2         uart.o
    0x0000106c   0x0000106c   0x0000008c   Code   RO            4    i.main              main.o
    0x000010f8   0x000010f8   0x00000020   Code   RO          172    i.osRtxErrorNotify  rtx_config.o
    0x00001118   0x00001118   0x00000064   Data   RO          142    .constdata          rtx_lib.o
    0x0000117c   0x0000117c   0x000000a0   Data   RO          144    .rodata             rtx_lib.o
    0x0000121c   0x0000121c   0x0000000b   Data   RO          299    .rodata.str1.4      RTX_CM0.lib(rtx_kernel.o)
    0x00001227   0x00001227   0x00000001   PAD
    0x00001228   0x00001228   0x00000020   Data   RO          718    Region$$Table       anon$$obj.o


    Execution Region ER_RW (Exec base: 0x1ffff000, Load base: 0x00001248, Size: 0x000013fc, Max: 0xffffffff, ABSOLUTE, COMPRESSED[0x00000034])

    Exec Addr    Load Addr    Size         Type   Attr      Idx    E Section Name        Object

    0x1ffff000   COMPRESSED   0x00001040   Data   RW          137    .bss.os             rtx_lib.o
    0x20000040   COMPRESSED   0x00000034   Data   RW          138    .bss.os.msgqueue.cb  rtx_lib.o
    0x20000074   COMPRESSED   0x00000050   Data   RW          139    .bss.os.msgqueue.mem  rtx_lib.o
    0x200000c4   COMPRESSED   0x00000088   Data   RW          140    .bss.os.thread.cb   rtx_lib.o
    0x2000014c   COMPRESSED   0x00000004   PAD
    0x20000150   COMPRESSED   0x00000200   Data   RW          141    .bss.os.thread.stack  rtx_lib.o
    0x20000350   COMPRESSED   0x00000001   Data   RW           75    .data               uart.o
    0x20000351   COMPRESSED   0x00000003   PAD
    0x20000354   COMPRESSED   0x00000004   Data   RW          216    .data               system_mkl25z4.o
    0x20000358   COMPRESSED   0x000000a4   Data   RW          300    .data.os            RTX_CM0.lib(rtx_kernel.o)


    Execution Region ER_ZI (Exec base: 0x200003fc, Load base: 0x0000127c, Size: 0x00000104, Max: 0xffffffff, ABSOLUTE)

    Exec Addr    Load Addr    Size         Type   Attr      Idx    E Section Name        Object

    0x200003fc   0x0000127c   0x00000004   PAD
    0x20000400        -       0x00000100   Zero   RW          202    STACK               startup_mkl25z4.o


==============================================================================

Image component sizes


      Code (inc. data)   RO Data    RW Data    ZI Data      Debug   Object Name

       144          8          0          0          0     220678   main.o
        60          8          0          0          0        643   rtx_config.o
         0          0        260       4940          0       9178   rtx_lib.o
        56         30        192          0        256        932   startup_mkl25z4.o
       412         42          0          4          0       1615   system_mkl25z4.o
       684         70          0          1          0      13077   uart.o

    ----------------------------------------------------------------------
      1358        158        484       4952        256     246123   Object Totals
         0          0         32          0          0          0   (incl. Generated)
         2          0          0          7          0          0   (incl. Padding)

    ----------------------------------------------------------------------

      Code (inc. data)   RO Data    RW Data    ZI Data      Debug   Library Member Name

       164          8          0          0          0        496   irq_cm0.o
        12          4          0          0          0       2766   os_systick.o
       370         16         11        164          0      16105   rtx_kernel.o
       252          0          0          0          0       2564   rtx_memory.o
       166          0          0          0          0      14282   rtx_mempool.o
        68          0          0          0          0       9201   rtx_mutex.o
       244         18          0          0          0       4635   rtx_system.o
      1318         72          0          0          0      30867   rtx_thread.o
        58          0          0          0          0          0   __dczerorl.o
         0          0          0          0          0          0   entry.o
         0          0          0          0          0          0   entry10a.o
         0          0          0          0          0          0   entry11a.o
         8          4          0          0          0          0   entry2.o
         4          0          0          0          0          0   entry5.o
         0          0          0          0          0          0   entry7b.o
         0          0          0          0          0          0   entry8b.o
         8          4          0          0          0          0   entry9a.o
        30          0          0          0          0          0   handlers.o
        36          8          0          0          0         68   init.o
        36          0          0          0          0        100   memseta.o
        44          0          0          0          0         72   uidiv.o

    ----------------------------------------------------------------------
      2826        134         12        164          4      81156   Library Totals
         8          0          1          0          4          0   (incl. Padding)

    ----------------------------------------------------------------------

      Code (inc. data)   RO Data    RW Data    ZI Data      Debug   Library Name

      2594        118         11        164          0      80916   RTX_CM0.lib
       224         16          0          0          0        240   mc_p.l

    ----------------------------------------------------------------------
      2826        134         12        164          4      81156   Library Totals

    ----------------------------------------------------------------------

==============================================================================


      Code (inc. data)   RO Data    RW Data    ZI Data      Debug   

      4184        292        496       5116        260     326915   Grand Totals
      4184        292        496         52        260     326915   ELF Image Totals (compressed)
      4184        292        496         52          0          0   ROM Totals

==============================================================================

    Total RO  Size (Code + RO Data)                 4680 (   4.57kB)
    Total RW  Size (RW Data + ZI Data)              5376 (   5.25kB)
    Total ROM Size (Code + RO Data + RW Data)       4732 (   4.62kB)

==============================================================================

